
> nextn@0.1.0 build
> next build

   Γû▓ Next.js 15.5.9

   Creating an optimized production build ...
Failed to compile.

./app/globals.css
Module not found: Can't resolve 'tailwindcss'

https://nextjs.org/docs/messages/module-not-found

Import trace for requested module:
./app/globals.css

./app/globals.css
Error: Can't resolve 'tailwindcss'
    at finishWithoutResolve (H:\Programming\Main Projects\Video Downloader yt\video-downloader\node_modules\next\dist\compiled\webpack\bundle5.js:1:191837)
    at H:\Programming\Main Projects\Video Downloader yt\video-downloader\node_modules\next\dist\compiled\webpack\bundle5.js:1:192737
    at H:\Programming\Main Projects\Video Downloader yt\video-downloader\node_modules\next\dist\compiled\webpack\bundle5.js:1:193370
    at eval (eval at create (H:\Programming\Main Projects\Video Downloader yt\video-downloader\node_modules\next\dist\compiled\webpack\bundle5.js:14:9224), <anonymous>:16:1)
    at H:\Programming\Main Projects\Video Downloader yt\video-downloader\node_modules\next\dist\compiled\webpack\bundle5.js:1:193370
    at eval (eval at create (H:\Programming\Main Projects\Video Downloader yt\video-downloader\node_modules\next\dist\compiled\webpack\bundle5.js:14:9224), <anonymous>:27:1)
    at H:\Programming\Main Projects\Video Downloader yt\video-downloader\node_modules\next\dist\compiled\webpack\bundle5.js:1:175252
    at H:\Programming\Main Projects\Video Downloader yt\video-downloader\node_modules\next\dist\compiled\webpack\bundle5.js:1:193370
    at eval (eval at create (H:\Programming\Main Projects\Video Downloader yt\video-downloader\node_modules\next\dist\compiled\webpack\bundle5.js:14:9224), <anonymous>:16:1)
    at H:\Programming\Main Projects\Video Downloader yt\video-downloader\node_modules\next\dist\compiled\webpack\bundle5.js:1:208998

https://nextjs.org/docs/messages/module-not-found


> Build failed because of webpack errors
