 ΓÜá Warning: Next.js inferred your workspace root, but it may not be correct.
 We detected multiple lockfiles and selected the directory of H:\Programming\Main Projects\package-lock.json as the root directory.
 To silence this warning, set `outputFileTracingRoot` in your Next.js config, or consider removing one of the lockfiles if it's not needed.
   See https://nextjs.org/docs/app/api-reference/config/next-config-js/output#caveats for more information.
 Detected additional lockfiles: 
   * H:\Programming\Main Projects\Video Downloader yt\video-downloader\package-lock.json

   Γû▓ Next.js 15.5.9

   Creating an optimized production build ...
Failed to compile.

./app/globals.css
Module not found: Can't resolve 'tailwindcss'

https://nextjs.org/docs/messages/module-not-found

Import trace for requested module:
./app/globals.css

./app/globals.css
Error: Can't resolve 'tailwindcss'
    at finishWithoutResolve (H:\Programming\Main Projects\Video Downloader yt\video-downloader\node_modules\next\dist\compiled\webpack\bundle5.js:1:191837)
    at H:\Programming\Main Projects\Video Downloader yt\video-downloader\node_modules\next\dist\compiled\webpack\bundle5.js:1:192737
    at H:\Programming\Main Projects\Video Downloader yt\video-downloader\node_modules\next\dist\compiled\webpack\bundle5.js:1:193370
    at eval (eval at create (H:\Programming\Main Projects\Video Downloader yt\video-downloader\node_modules\next\dist\compiled\webpack\bundle5.js:14:9224), <anonymous>:16:1)
    at H:\Programming\Main Projects\Video Downloader yt\video-downloader\node_modules\next\dist\compiled\webpack\bundle5.js:1:193370
    at eval (eval at create (H:\Programming\Main Projects\Video Downloader yt\video-downloader\node_modules\next\dist\compiled\webpack\bundle5.js:14:9224), <anonymous>:27:1)
    at H:\Programming\Main Projects\Video Downloader yt\video-downloader\node_modules\next\dist\compiled\webpack\bundle5.js:1:175252
    at H:\Programming\Main Projects\Video Downloader yt\video-downloader\node_modules\next\dist\compiled\webpack\bundle5.js:1:193370
    at eval (eval at create (H:\Programming\Main Projects\Video Downloader yt\video-downloader\node_modules\next\dist\compiled\webpack\bundle5.js:14:9224), <anonymous>:16:1)
    at H:\Programming\Main Projects\Video Downloader yt\video-downloader\node_modules\next\dist\compiled\webpack\bundle5.js:1:208998

https://nextjs.org/docs/messages/module-not-found


> Build failed because of webpack errors
