{"id": "PLrEnWoR732-BHrPp_Pm8_VleD68f9s14-", "title": "Popular Right Now", "availability": "unlisted", "channel_follower_count": null, "description": "", "tags": [], "thumbnails": [{"url": "https://i.ytimg.com/vi/ftaXMKV3ffE/hqdefault.jpg?sqp=-oaymwEWCKgBEF5IWvKriqkDCQgBFQAAiEIYAQ==&rs=AOn4CLA4kyvr0irtrI1ovw9vHIeHpWNSAA", "height": 94, "width": 168, "id": "0", "resolution": "168x94"}, {"url": "https://i.ytimg.com/vi/ftaXMKV3ffE/hqdefault.jpg?sqp=-oaymwEWCMQBEG5IWvKriqkDCQgBFQAAiEIYAQ==&rs=AOn4CLBPelw9dUDCgHFf4KsdvHuiXrkPrA", "height": 110, "width": 196, "id": "1", "resolution": "196x110"}, {"url": "https://i.ytimg.com/vi/ftaXMKV3ffE/hqdefault.jpg?sqp=-oaymwEXCPYBEIoBSFryq4qpAwkIARUAAIhCGAE=&rs=AOn4CLAqVBM6wq-4gAnlkr9CKRdYHdgVQw", "height": 138, "width": 246, "id": "2", "resolution": "246x138"}, {"url": "https://i.ytimg.com/vi/ftaXMKV3ffE/hqdefault.jpg?sqp=-oaymwEXCNACELwBSFryq4qpAwkIARUAAIhCGAE=&rs=AOn4CLClEdS1YIzYC4kk8yyoBGNW6jFonA", "height": 188, "width": 336, "id": "3", "resolution": "336x188"}], "modified_date": "20250805", "view_count": 334400474, "playlist_count": 198, "channel": null, "channel_id": null, "uploader_id": null, "uploader": null, "channel_url": null, "uploader_url": null, "_type": "playlist", "entries": [{"_type": "url", "ie_key": "Youtube", "id": "ftaXMKV3ffE", "url": "https://www.youtube.com/watch?v=ftaXMKV3ffE", "title": "\"BACKR00MS\" FT TRAVIS SCOTT SEXISDEATH INDIANA420BITCH", "description": null, "duration": 161, "channel_id": "UC652oRUvX1onwrrZ8ADJRPw", "channel": "Playboi Carti", "channel_url": "https://www.youtube.com/channel/UC652oRUvX1onwrrZ8ADJRPw", "uploader": "Playboi Carti", "uploader_id": null, "uploader_url": null, "thumbnails": [{"url": "https://i.ytimg.com/vi/ftaXMKV3ffE/hqdefault.jpg?sqp=-oaymwEbCKgBEF5IVfKriqkDDggBFQAAiEIYAXABwAEG&rs=AOn4CLANhwO4WSnvlM044fTDqxWzO8b_Aw", "height": 94, "width": 168}, {"url": "https://i.ytimg.com/vi/ftaXMKV3ffE/hqdefault.jpg?sqp=-oaymwEbCMQBEG5IVfKriqkDDggBFQAAiEIYAXABwAEG&rs=AOn4CLBnXD6Lm8WuCI0RpWxl-q2yQUdZlw", "height": 110, "width": 196}, {"url": "https://i.ytimg.com/vi/ftaXMKV3ffE/hqdefault.jpg?sqp=-oaymwEcCPYBEIoBSFXyq4qpAw4IARUAAIhCGAFwAcABBg==&rs=AOn4CLD340sv-pFoZRBcoCHgxFjfwFBQAQ", "height": 138, "width": 246}, {"url": "https://i.ytimg.com/vi/ftaXMKV3ffE/hqdefault.jpg?sqp=-oaymwEcCNACELwBSFXyq4qpAw4IARUAAIhCGAFwAcABBg==&rs=AOn4CLAA4tp4NMUQ6aDXbyohqJCl_xHlXQ", "height": 188, "width": 336}], "timestamp": null, "release_timestamp": null, "availability": null, "view_count": 48000000, "live_status": null, "channel_is_verified": null, "__x_forwarded_for_ip": null}, {"_type": "url", "ie_key": "Youtube", "id": "lO38tZoA0l8", "url": "https://www.youtube.com/watch?v=lO38tZoA0l8", "title": "Rose Bowl: Alabama Crimson Tide vs. Michigan Wolverines | Full Game Highlights | CFB Semifinal", "description": null, "duration": 1262, "channel_id": "UCzRWWsFjqHk1an4OnVPsl9g", "channel": "ESPN College Football", "channel_url": "https://www.youtube.com/channel/UCzRWWsFjqHk1an4OnVPsl9g", "uploader": "ESPN College Football", "uploader_id": "@espncfb", "uploader_url": "https://www.youtube.com/@espncfb", "thumbnails": [{"url": "https://i.ytimg.com/vi/lO38tZoA0l8/hqdefault.jpg?sqp=-oaymwEbCKgBEF5IVfKriqkDDggBFQAAiEIYAXABwAEG&rs=AOn4CLCU7sQCBANP9S2mUBHpDrELlgi7fQ", "height": 94, "width": 168}, {"url": "https://i.ytimg.com/vi/lO38tZoA0l8/hqdefault.jpg?sqp=-oaymwEbCMQBEG5IVfKriqkDDggBFQAAiEIYAXABwAEG&rs=AOn4CLChhQLgELU_VmTfrXLTiIsiMDesRQ", "height": 110, "width": 196}, {"url": "https://i.ytimg.com/vi/lO38tZoA0l8/hqdefault.jpg?sqp=-oaymwEcCPYBEIoBSFXyq4qpAw4IARUAAIhCGAFwAcABBg==&rs=AOn4CLDmw94ii8qUs8v-4ObNqDBvm6JtFw", "height": 138, "width": 246}, {"url": "https://i.ytimg.com/vi/lO38tZoA0l8/hqdefault.jpg?sqp=-oaymwEcCNACELwBSFXyq4qpAw4IARUAAIhCGAFwAcABBg==&rs=AOn4CLAUGh8Bry7qdzf11hJfkkbO25f47Q", "height": 188, "width": 336}], "timestamp": null, "release_timestamp": null, "availability": null, "view_count": 4900000, "live_status": null, "channel_is_verified": null, "__x_forwarded_for_ip": null}, {"_type": "url", "ie_key": "Youtube", "id": "aSZt3WC1vB4", "url": "https://www.youtube.com/watch?v=aSZt3WC1vB4", "title": "New Year\u2019s countdown 2024: Watch the New York ball drop", "description": null, "duration": 843, "channel_id": "UC52X5wxOL_s5yw0dQk7NtgA", "channel": "Associated Press", "channel_url": "https://www.youtube.com/channel/UC52X5wxOL_s5yw0dQk7NtgA", "uploader": "Associated Press", "uploader_id": "@AssociatedPress", "uploader_url": "https://www.youtube.com/@AssociatedPress", "thumbnails": [{"url": "https://i.ytimg.com/vi/aSZt3WC1vB4/hqdefault.jpg?sqp=-oaymwEbCKgBEF5IVfKriqkDDggBFQAAiEIYAXABwAEG&rs=AOn4CLDrXZ6ZhzYbm8rfl380d3_m8cLq6g", "height": 94, "width": 168}, {"url": "https://i.ytimg.com/vi/aSZt3WC1vB4/hqdefault.jpg?sqp=-oaymwEbCMQBEG5IVfKriqkDDggBFQAAiEIYAXABwAEG&rs=AOn4CLDZ7UvIHUlqUpFlknFzDA-H-Y3Mjg", "height": 110, "width": 196}, {"url": "https://i.ytimg.com/vi/aSZt3WC1vB4/hqdefault.jpg?sqp=-oaymwEcCPYBEIoBSFXyq4qpAw4IARUAAIhCGAFwAcABBg==&rs=AOn4CLCMdKflgbqPIeMS_I76-FKVflf3Kw", "height": 138, "width": 246}, {"url": "https://i.ytimg.com/vi/aSZt3WC1vB4/hqdefault.jpg?sqp=-oaymwEcCNACELwBSFXyq4qpAw4IARUAAIhCGAFwAcABBg==&rs=AOn4CLDmwWhPe0dB5tF12UHFyqbfQIs5bw", "height": 188, "width": 336}], "timestamp": null, "release_timestamp": null, "availability": null, "view_count": 6100000, "live_status": "was_live", "channel_is_verified": null, "__x_forwarded_for_ip": null}, {"_type": "url", "ie_key": "Youtube", "id": "K_CbgLpvH9E", "url": "https://www.youtube.com/watch?v=K_CbgLpvH9E", "title": "I Spent 7 Days In Solitary Confinement", "description": null, "duration": 1216, "channel_id": "UCX6OQ3DkcsbYNE6H8uQQuVA", "channel": "MrBeast", "channel_url": "https://www.youtube.com/channel/UCX6OQ3DkcsbYNE6H8uQQuVA", "uploader": "MrBeast", "uploader_id": "@MrBeast", "uploader_url": "https://www.youtube.com/@MrBeast", "thumbnails": [{"url": "https://i.ytimg.com/vi/K_CbgLpvH9E/hqdefault.jpg?sqp=-oaymwEbCKgBEF5IVfKriqkDDggBFQAAiEIYAXABwAEG&rs=AOn4CLCg5-Z7mLUvx6Cs7EOwjctNDiDvKQ", "height": 94, "width": 168}, {"url": "https://i.ytimg.com/vi/K_CbgLpvH9E/hqdefault.jpg?sqp=-oaymwEbCMQBEG5IVfKriqkDDggBFQAAiEIYAXABwAEG&rs=AOn4CLAA1CbYB5TrHNN-GEXQACfbK8ll6w", "height": 110, "width": 196}, {"url": "https://i.ytimg.com/vi/K_CbgLpvH9E/hqdefault.jpg?sqp=-oaymwEcCPYBEIoBSFXyq4qpAw4IARUAAIhCGAFwAcABBg==&rs=AOn4CLDVDB0XXYfqTl8bvKC3M70EWFo1VQ", "height": 138, "width": 246}, {"url": "https://i.ytimg.com/vi/K_CbgLpvH9E/hqdefault.jpg?sqp=-oaymwEcCNACELwBSFXyq4qpAw4IARUAAIhCGAFwAcABBg==&rs=AOn4CLCsNrT19tgoVsM3V0Pri3cC23qF3A", "height": 188, "width": 336}], "timestamp": null, "release_timestamp": null, "availability": null, "view_count": 279000000, "live_status": null, "channel_is_verified": null, "__x_forwarded_for_ip": null}, {"_type": "url", "ie_key": "Youtube", "id": "0KEFzO4Po6I", "url": "https://www.youtube.com/watch?v=0KEFzO4Po6I", "title": "BAD BUNNY - NO ME QUIERO CASAR (Official Video) | nadie sabe lo que va a pasar ma\u00f1ana", "description": null, "duration": 583, "channel_id": "UCmBA_wu8xGg1OfOkfW13Q0Q", "channel": "Bad Bunny", "channel_url": "https://www.youtube.com/channel/UCmBA_wu8xGg1OfOkfW13Q0Q", "uploader": "Bad Bunny", "uploader_id": null, "uploader_url": null, "thumbnails": [{"url": "https://i.ytimg.com/vi/0KEFzO4Po6I/hqdefault.jpg?sqp=-oaymwEbCKgBEF5IVfKriqkDDggBFQAAiEIYAXABwAEG&rs=AOn4CLB00pYnCdGvUmQBPmbYgsnPtSmGQQ", "height": 94, "width": 168}, {"url": "https://i.ytimg.com/vi/0KEFzO4Po6I/hqdefault.jpg?sqp=-oaymwEbCMQBEG5IVfKriqkDDggBFQAAiEIYAXABwAEG&rs=AOn4CLBvIeHd2PJ2PiGr6MQKqkVFG9hAug", "height": 110, "width": 196}, {"url": "https://i.ytimg.com/vi/0KEFzO4Po6I/hqdefault.jpg?sqp=-oaymwEcCPYBEIoBSFXyq4qpAw4IARUAAIhCGAFwAcABBg==&rs=AOn4CLAM8RqrMoDdaGVGTvzl7SBr1nlZQQ", "height": 138, "width": 246}, {"url": "https://i.ytimg.com/vi/0KEFzO4Po6I/hqdefault.jpg?sqp=-oaymwEcCNACELwBSFXyq4qpAw4IARUAAIhCGAFwAcABBg==&rs=AOn4CLAhHulllmK8BYLD1ysSnCht6fYa-A", "height": 188, "width": 336}], "timestamp": null, "release_timestamp": null, "availability": null, "view_count": 45000000, "live_status": null, "channel_is_verified": null, "__x_forwarded_for_ip": null}, {"_type": "url", "ie_key": "Youtube", "id": "r2wBcCIlMGw", "url": "https://www.youtube.com/watch?v=r2wBcCIlMGw", "title": "Happy New Year Live! \ud83c\udf86 London Fireworks 2024 \ud83d\udd34 BBC", "description": null, "duration": 892, "channel_id": "UCCj956IF62FbT7Gouszaj9w", "channel": "BBC", "channel_url": "https://www.youtube.com/channel/UCCj956IF62FbT7Gouszaj9w", "uploader": "BBC", "uploader_id": "@BBC", "uploader_url": "https://www.youtube.com/@BBC", "thumbnails": [{"url": "https://i.ytimg.com/vi/r2wBcCIlMGw/hqdefault.jpg?sqp=-oaymwEbCKgBEF5IVfKriqkDDggBFQAAiEIYAXABwAEG&rs=AOn4CLAIaPSIBDg2ogDaeWyTJuTj2P1mQg", "height": 94, "width": 168}, {"url": "https://i.ytimg.com/vi/r2wBcCIlMGw/hqdefault.jpg?sqp=-oaymwEbCMQBEG5IVfKriqkDDggBFQAAiEIYAXABwAEG&rs=AOn4CLB9AA3rDAbz8zs7pbRWcHuGyszbZw", "height": 110, "width": 196}, {"url": "https://i.ytimg.com/vi/r2wBcCIlMGw/hqdefault.jpg?sqp=-oaymwEcCPYBEIoBSFXyq4qpAw4IARUAAIhCGAFwAcABBg==&rs=AOn4CLDz6cfBEGWo26u_p06Zs2BUXFOFGg", "height": 138, "width": 246}, {"url": "https://i.ytimg.com/vi/r2wBcCIlMGw/hqdefault.jpg?sqp=-oaymwEcCNACELwBSFXyq4qpAw4IARUAAIhCGAFwAcABBg==&rs=AOn4CLDAwB9lECTmqI0vOehQ3D413vs0Tw", "height": 188, "width": 336}], "timestamp": null, "release_timestamp": null, "availability": null, "view_count": 6100000, "live_status": "was_live", "channel_is_verified": null, "__x_forwarded_for_ip": null}, {"_type": "url", "ie_key": "Youtube", "id": "xBFXu2-aixI", "url": "https://www.youtube.com/watch?v=xBFXu2-aixI", "title": "The Cryptid Iceberg Reborn", "description": null, "duration": 2863, "channel_id": "UC3cpN6gcJQqcCM6mxRUo_dA", "channel": "Wendigoon", "channel_url": "https://www.youtube.com/channel/UC3cpN6gcJQqcCM6mxRUo_dA", "uploader": "Wendigoon", "uploader_id": "@Wendigoon", "uploader_url": "https://www.youtube.com/@Wendigoon", "thumbnails": [{"url": "https://i.ytimg.com/vi/xBFXu2-aixI/hqdefault.jpg?sqp=-oaymwEbCKgBEF5IVfKriqkDDggBFQAAiEIYAXABwAEG&rs=AOn4CLAZTyUO-PgjxGXuhmc8bV_cpNFtXA", "height": 94, "width": 168}, {"url": "https://i.ytimg.com/vi/xBFXu2-aixI/hqdefault.jpg?sqp=-oaymwEbCMQBEG5IVfKriqkDDggBFQAAiEIYAXABwAEG&rs=AOn4CLCrLtSL1DvoHkNQUlZv59kvFfCeTA", "height": 110, "width": 196}, {"url": "https://i.ytimg.com/vi/xBFXu2-aixI/hqdefault.jpg?sqp=-oaymwEcCPYBEIoBSFXyq4qpAw4IARUAAIhCGAFwAcABBg==&rs=AOn4CLD_lBOx3-4HlIhhk2eWKXmSryN_bQ", "height": 138, "width": 246}, {"url": "https://i.ytimg.com/vi/xBFXu2-aixI/hqdefault.jpg?sqp=-oaymwEcCNACELwBSFXyq4qpAw4IARUAAIhCGAFwAcABBg==&rs=AOn4CLCg_u8qXTYNvczh3Y84Lp3Vcivlfg", "height": 188, "width": 336}], "timestamp": null, "release_timestamp": null, "availability": null, "view_count": 2300000, "live_status": null, "channel_is_verified": null, "__x_forwarded_for_ip": null}, {"_type": "url", "ie_key": "Youtube", "id": "OKn8LvvyNrY", "url": "https://www.youtube.com/watch?v=OKn8LvvyNrY", "title": "Brave The North | Clash of Clans Season Challenges", "description": null, "duration": 52, "channel_id": "UCD1Em4q90ZUK2R5HKesszJg", "channel": "Clash of Clans", "channel_url": "https://www.youtube.com/channel/UCD1Em4q90ZUK2R5HKesszJg", "uploader": "Clash of Clans", "uploader_id": "@ClashOfClans", "uploader_url": "https://www.youtube.com/@ClashOfClans", "thumbnails": [{"url": "https://i.ytimg.com/vi/OKn8LvvyNrY/hqdefault.jpg?sqp=-oaymwEbCKgBEF5IVfKriqkDDggBFQAAiEIYAXABwAEG&rs=AOn4CLBnrgswGCOiorJjuJomSvbsNspjzA", "height": 94, "width": 168}, {"url": "https://i.ytimg.com/vi/OKn8LvvyNrY/hqdefault.jpg?sqp=-oaymwEbCMQBEG5IVfKriqkDDggBFQAAiEIYAXABwAEG&rs=AOn4CLDobcL-fOtY5m0vMUyt2BDmTjHp4g", "height": 110, "width": 196}, {"url": "https://i.ytimg.com/vi/OKn8LvvyNrY/hqdefault.jpg?sqp=-oaymwEcCPYBEIoBSFXyq4qpAw4IARUAAIhCGAFwAcABBg==&rs=AOn4CLCcNlkp5uq8SarqrfC6sUkNqMUUZw", "height": 138, "width": 246}, {"url": "https://i.ytimg.com/vi/OKn8LvvyNrY/hqdefault.jpg?sqp=-oaymwEcCNACELwBSFXyq4qpAw4IARUAAIhCGAFwAcABBg==&rs=AOn4CLBZc8E1_XPvlI11gIPE-FGW5rEa9Q", "height": 188, "width": 336}], "timestamp": null, "release_timestamp": null, "availability": null, "view_count": 3000000, "live_status": null, "channel_is_verified": null, "__x_forwarded_for_ip": null}, {"_type": "url", "ie_key": "Youtube", "id": "PDQp9XjOMNk", "url": "https://www.youtube.com/watch?v=PDQp9XjOMNk", "title": "Times Square 2024 Ball Drop in New York City: full video", "description": null, "duration": 300, "channel_id": "UCVaXclURQZlakiTMzuwHvRw", "channel": "News 19 WLTX", "channel_url": "https://www.youtube.com/channel/UCVaXclURQZlakiTMzuwHvRw", "uploader": "News 19 WLTX", "uploader_id": "@News19WLTX", "uploader_url": "https://www.youtube.com/@News19WLTX", "thumbnails": [{"url": "https://i.ytimg.com/vi/PDQp9XjOMNk/hqdefault.jpg?sqp=-oaymwEbCKgBEF5IVfKriqkDDggBFQAAiEIYAXABwAEG&rs=AOn4CLCzY1cVZnp4YL8TrGFnFCr5K7RJyA", "height": 94, "width": 168}, {"url": "https://i.ytimg.com/vi/PDQp9XjOMNk/hqdefault.jpg?sqp=-oaymwEbCMQBEG5IVfKriqkDDggBFQAAiEIYAXABwAEG&rs=AOn4CLBiYDNJf1JZc0dKpP_x-RQ7j_hs4A", "height": 110, "width": 196}, {"url": "https://i.ytimg.com/vi/PDQp9XjOMNk/hqdefault.jpg?sqp=-oaymwEcCPYBEIoBSFXyq4qpAw4IARUAAIhCGAFwAcABBg==&rs=AOn4CLC2aclWyRUDQtDHAUJ6QFizU0P8Qg", "height": 138, "width": 246}, {"url": "https://i.ytimg.com/vi/PDQp9XjOMNk/hqdefault.jpg?sqp=-oaymwEcCNACELwBSFXyq4qpAw4IARUAAIhCGAFwAcABBg==&rs=AOn4CLCPabKQ1K_oOwnQcAvrgqh1sfF6Pg", "height": 188, "width": 336}], "timestamp": null, "release_timestamp": null, "availability": null, "view_count": 1400000, "live_status": null, "channel_is_verified": null, "__x_forwarded_for_ip": null}, {"_type": "url", "ie_key": "Youtube", "id": "jmg0y4XMMSc", "url": "https://www.youtube.com/watch?v=jmg0y4XMMSc", "title": "New Year's 2024: Dubai puts on dazzling fireworks show from iconic Burj Khalifa", "description": null, "duration": 531, "channel_id": "UChLtXXpo4Ge1ReTEboVvTDg", "channel": "Global News", "channel_url": "https://www.youtube.com/channel/UChLtXXpo4Ge1ReTEboVvTDg", "uploader": "Global News", "uploader_id": "@globalnews", "uploader_url": "https://www.youtube.com/@globalnews", "thumbnails": [{"url": "https://i.ytimg.com/vi/jmg0y4XMMSc/hqdefault.jpg?sqp=-oaymwEbCKgBEF5IVfKriqkDDggBFQAAiEIYAXABwAEG&rs=AOn4CLD_q2xiQuiH-NVllHEhg9xbDMd_gw", "height": 94, "width": 168}, {"url": "https://i.ytimg.com/vi/jmg0y4XMMSc/hqdefault.jpg?sqp=-oaymwEbCMQBEG5IVfKriqkDDggBFQAAiEIYAXABwAEG&rs=AOn4CLA1G6U0C1JcEAsmG8tD_zLe37rWzg", "height": 110, "width": 196}, {"url": "https://i.ytimg.com/vi/jmg0y4XMMSc/hqdefault.jpg?sqp=-oaymwEcCPYBEIoBSFXyq4qpAw4IARUAAIhCGAFwAcABBg==&rs=AOn4CLCcqeezTDUKFZ60XodZrbTPQjvmuA", "height": 138, "width": 246}, {"url": "https://i.ytimg.com/vi/jmg0y4XMMSc/hqdefault.jpg?sqp=-oaymwEcCNACELwBSFXyq4qpAw4IARUAAIhCGAFwAcABBg==&rs=AOn4CLAdUzSLUv4fZMe65HDPMoi0ovszCQ", "height": 188, "width": 336}], "timestamp": null, "release_timestamp": null, "availability": null, "view_count": 5000000, "live_status": null, "channel_is_verified": null, "__x_forwarded_for_ip": null}, {"_type": "url", "ie_key": "Youtube", "id": "B6JKzCOgNKY", "url": "https://www.youtube.com/watch?v=B6JKzCOgNKY", "title": "Target Shopping with my Ex", "description": null, "duration": 1025, "channel_id": "UCzfScS0MkYf1EHTPFCYt79Q", "channel": "Jake Webber", "channel_url": "https://www.youtube.com/channel/UCzfScS0MkYf1EHTPFCYt79Q", "uploader": "Jake Webber", "uploader_id": "@Jakewebber9", "uploader_url": "https://www.youtube.com/@Jakewebber9", "thumbnails": [{"url": "https://i.ytimg.com/vi/B6JKzCOgNKY/hqdefault.jpg?sqp=-oaymwEbCKgBEF5IVfKriqkDDggBFQAAiEIYAXABwAEG&rs=AOn4CLC8nIAY6ZU3ScTV2pvBtIw1pNAZXQ", "height": 94, "width": 168}, {"url": "https://i.ytimg.com/vi/B6JKzCOgNKY/hqdefault.jpg?sqp=-oaymwEbCMQBEG5IVfKriqkDDggBFQAAiEIYAXABwAEG&rs=AOn4CLBBkZNoJW2xpEktkZzSrmiwB_RLLQ", "height": 110, "width": 196}, {"url": "https://i.ytimg.com/vi/B6JKzCOgNKY/hqdefault.jpg?sqp=-oaymwEcCPYBEIoBSFXyq4qpAw4IARUAAIhCGAFwAcABBg==&rs=AOn4CLAwB-a5PUfdwQwWFeImsmj7zYbX6Q", "height": 138, "width": 246}, {"url": "https://i.ytimg.com/vi/B6JKzCOgNKY/hqdefault.jpg?sqp=-oaymwEcCNACELwBSFXyq4qpAw4IARUAAIhCGAFwAcABBg==&rs=AOn4CLBdqGXLZZBNztr3LcWXbtFm1T0kvg", "height": 188, "width": 336}], "timestamp": null, "release_timestamp": null, "availability": null, "view_count": 7900000, "live_status": null, "channel_is_verified": null, "__x_forwarded_for_ip": null}, {"_type": "url", "ie_key": "Youtube", "id": "2HKBOfEX7HA", "url": "https://www.youtube.com/watch?v=2HKBOfEX7HA", "title": "Flow - Day 0 - Ready", "description": null, "duration": 361, "channel_id": "UCFKE7WVJfvaHW5q283SxchA", "channel": "Yoga With Adriene", "channel_url": "https://www.youtube.com/channel/UCFKE7WVJfvaHW5q283SxchA", "uploader": "Yoga With Adriene", "uploader_id": "@yogawithadriene", "uploader_url": "https://www.youtube.com/@yogawithadriene", "thumbnails": [{"url": "https://i.ytimg.com/vi/2HKBOfEX7HA/hqdefault.jpg?sqp=-oaymwEbCKgBEF5IVfKriqkDDggBFQAAiEIYAXABwAEG&rs=AOn4CLDUF7hS1gNnU-UqnYZJCfzxRbw5SA", "height": 94, "width": 168}, {"url": "https://i.ytimg.com/vi/2HKBOfEX7HA/hqdefault.jpg?sqp=-oaymwEbCMQBEG5IVfKriqkDDggBFQAAiEIYAXABwAEG&rs=AOn4CLBNhUvPn3IOVjtTPuGxJAozi3x45g", "height": 110, "width": 196}, {"url": "https://i.ytimg.com/vi/2HKBOfEX7HA/hqdefault.jpg?sqp=-oaymwEcCPYBEIoBSFXyq4qpAw4IARUAAIhCGAFwAcABBg==&rs=AOn4CLBouUOmIa_VTc6_etCnqFZb9-YMog", "height": 138, "width": 246}, {"url": "https://i.ytimg.com/vi/2HKBOfEX7HA/hqdefault.jpg?sqp=-oaymwEcCNACELwBSFXyq4qpAw4IARUAAIhCGAFwAcABBg==&rs=AOn4CLC01xSMu5A1mOJ_MwPN7Gcp3hNkIA", "height": 188, "width": 336}], "timestamp": null, "release_timestamp": null, "availability": null, "view_count": 1300000, "live_status": null, "channel_is_verified": null, "__x_forwarded_for_ip": null}, {"_type": "url", "ie_key": "Youtube", "id": "9SRFbFreCkE", "url": "https://www.youtube.com/watch?v=9SRFbFreCkE", "title": "I made these to do a ridiculously high dunk", "description": null, "duration": 1287, "channel_id": "UCj1VqrHhDte54oLgPG4xpuQ", "channel": "Stuff Made Here", "channel_url": "https://www.youtube.com/channel/UCj1VqrHhDte54oLgPG4xpuQ", "uploader": "Stuff Made Here", "uploader_id": "@StuffMadeHere", "uploader_url": "https://www.youtube.com/@StuffMadeHere", "thumbnails": [{"url": "https://i.ytimg.com/vi/9SRFbFreCkE/hqdefault.jpg?sqp=-oaymwEbCKgBEF5IVfKriqkDDggBFQAAiEIYAXABwAEG&rs=AOn4CLCifoG62swXwor81CyRe-tVfdrDdg", "height": 94, "width": 168}, {"url": "https://i.ytimg.com/vi/9SRFbFreCkE/hqdefault.jpg?sqp=-oaymwEbCMQBEG5IVfKriqkDDggBFQAAiEIYAXABwAEG&rs=AOn4CLC_KVips34tyWNWI5OCVWapBwB2Pw", "height": 110, "width": 196}, {"url": "https://i.ytimg.com/vi/9SRFbFreCkE/hqdefault.jpg?sqp=-oaymwEcCPYBEIoBSFXyq4qpAw4IARUAAIhCGAFwAcABBg==&rs=AOn4CLDzycuvRdfKEw_XIB_4n_CToBq6Fw", "height": 138, "width": 246}, {"url": "https://i.ytimg.com/vi/9SRFbFreCkE/hqdefault.jpg?sqp=-oaymwEcCNACELwBSFXyq4qpAw4IARUAAIhCGAFwAcABBg==&rs=AOn4CLBrJci1kasvHcrLWqj4bSHSOL1KJg", "height": 188, "width": 336}], "timestamp": null, "release_timestamp": null, "availability": null, "view_count": 3900000, "live_status": null, "channel_is_verified": null, "__x_forwarded_for_ip": null}, {"_type": "url", "ie_key": "Youtube", "id": "w8KQjZaqqVs", "url": "https://www.youtube.com/watch?v=w8KQjZaqqVs", "title": "Tsunami warning in Japan after strong earthquake | BBC News", "description": null, "duration": 123, "channel_id": "UC16niRr50-MSBwiO3YDb3RA", "channel": "BBC News", "channel_url": "https://www.youtube.com/channel/UC16niRr50-MSBwiO3YDb3RA", "uploader": "BBC News", "uploader_id": "@BBCNews", "uploader_url": "https://www.youtube.com/@BBCNews", "thumbnails": [{"url": "https://i.ytimg.com/vi/w8KQjZaqqVs/hqdefault.jpg?sqp=-oaymwEbCKgBEF5IVfKriqkDDggBFQAAiEIYAXABwAEG&rs=AOn4CLBqJKTU0BVdZwi9r0umlYxhJCVmpg", "height": 94, "width": 168}, {"url": "https://i.ytimg.com/vi/w8KQjZaqqVs/hqdefault.jpg?sqp=-oaymwEbCMQBEG5IVfKriqkDDggBFQAAiEIYAXABwAEG&rs=AOn4CLA7g4vfidQREyshTCmCGcKAlM1uEQ", "height": 110, "width": 196}, {"url": "https://i.ytimg.com/vi/w8KQjZaqqVs/hqdefault.jpg?sqp=-oaymwEcCPYBEIoBSFXyq4qpAw4IARUAAIhCGAFwAcABBg==&rs=AOn4CLC8fQgb4hcvdkzr-xorDhSSOlmgzQ", "height": 138, "width": 246}, {"url": "https://i.ytimg.com/vi/w8KQjZaqqVs/hqdefault.jpg?sqp=-oaymwEcCNACELwBSFXyq4qpAw4IARUAAIhCGAFwAcABBg==&rs=AOn4CLCiWxoCBcKRSQ2gla4DbsXqCE2bTg", "height": 188, "width": 336}], "timestamp": null, "release_timestamp": null, "availability": null, "view_count": 3000000, "live_status": null, "channel_is_verified": null, "__x_forwarded_for_ip": null}, {"_type": "url", "ie_key": "Youtube", "id": "ucfgNP1nEPQ", "url": "https://www.youtube.com/watch?v=ucfgNP1nEPQ", "title": "The Most Haunted Town in America (w/ Valkyrae & Fuslie)", "description": null, "duration": 4059, "channel_id": "UCg3gzldyhCHJjY7AWWTNPPA", "channel": "Sam and Colby", "channel_url": "https://www.youtube.com/channel/UCg3gzldyhCHJjY7AWWTNPPA", "uploader": "Sam and Colby", "uploader_id": "@samandcolby", "uploader_url": "https://www.youtube.com/@samandcolby", "thumbnails": [{"url": "https://i.ytimg.com/vi/ucfgNP1nEPQ/hqdefault.jpg?sqp=-oaymwEbCKgBEF5IVfKriqkDDggBFQAAiEIYAXABwAEG&rs=AOn4CLChOrf-L4awG60Dk3L4yLHbIOOStA", "height": 94, "width": 168}, {"url": "https://i.ytimg.com/vi/ucfgNP1nEPQ/hqdefault.jpg?sqp=-oaymwEbCMQBEG5IVfKriqkDDggBFQAAiEIYAXABwAEG&rs=AOn4CLBDRvUaVffkEb8mm9wDm4WcARfq6Q", "height": 110, "width": 196}, {"url": "https://i.ytimg.com/vi/ucfgNP1nEPQ/hqdefault.jpg?sqp=-oaymwEcCPYBEIoBSFXyq4qpAw4IARUAAIhCGAFwAcABBg==&rs=AOn4CLAYb8k86dUVt6WTcK-_bTT_9vYuqw", "height": 138, "width": 246}, {"url": "https://i.ytimg.com/vi/ucfgNP1nEPQ/hqdefault.jpg?sqp=-oaymwEcCNACELwBSFXyq4qpAw4IARUAAIhCGAFwAcABBg==&rs=AOn4CLC3IVYQ9mHKlNpw3EDyeF5bKDCRcQ", "height": 188, "width": 336}], "timestamp": null, "release_timestamp": null, "availability": null, "view_count": 10000000, "live_status": null, "channel_is_verified": null, "__x_forwarded_for_ip": null}, {"_type": "url", "ie_key": "Youtube", "id": "MVA3tixQgKw", "url": "https://www.youtube.com/watch?v=MVA3tixQgKw", "title": "My First Girlfriend", "description": null, "duration": 443, "channel_id": "UCOuwU6aYcIgpKDdbekbUS2Q", "channel": "ChainsFR", "channel_url": "https://www.youtube.com/channel/UCOuwU6aYcIgpKDdbekbUS2Q", "uploader": "ChainsFR", "uploader_id": "@chainsfr", "uploader_url": "https://www.youtube.com/@chainsfr", "thumbnails": [{"url": "https://i.ytimg.com/vi/MVA3tixQgKw/hqdefault.jpg?sqp=-oaymwEbCKgBEF5IVfKriqkDDggBFQAAiEIYAXABwAEG&rs=AOn4CLDE268AksVWU-XHGVmtj4A_JbfwfQ", "height": 94, "width": 168}, {"url": "https://i.ytimg.com/vi/MVA3tixQgKw/hqdefault.jpg?sqp=-oaymwEbCMQBEG5IVfKriqkDDggBFQAAiEIYAXABwAEG&rs=AOn4CLC_I46ksebymAOI_piIAdjHfz2zBQ", "height": 110, "width": 196}, {"url": "https://i.ytimg.com/vi/MVA3tixQgKw/hqdefault.jpg?sqp=-oaymwEcCPYBEIoBSFXyq4qpAw4IARUAAIhCGAFwAcABBg==&rs=AOn4CLCM45ECeQhTSzp54qI_J6IkQbAEZA", "height": 138, "width": 246}, {"url": "https://i.ytimg.com/vi/MVA3tixQgKw/hqdefault.jpg?sqp=-oaymwEcCNACELwBSFXyq4qpAw4IARUAAIhCGAFwAcABBg==&rs=AOn4CLC4mEefmsWBvrzHkRWKcJjqP66zWg", "height": 188, "width": 336}], "timestamp": null, "release_timestamp": null, "availability": null, "view_count": 5600000, "live_status": null, "channel_is_verified": null, "__x_forwarded_for_ip": null}, {"_type": "url", "ie_key": "Youtube", "id": "aggm0woti_Y", "url": "https://www.youtube.com/watch?v=aggm0woti_Y", "title": "NFL playoff picture: Steve Kornacki breaks down postseason races in Week 17 | FNIA | NFL on NBC", "description": null, "duration": 258, "channel_id": "UCXn8eue3paGXJyI5UDQIyWg", "channel": "NFL on NBC", "channel_url": "https://www.youtube.com/channel/UCXn8eue3paGXJyI5UDQIyWg", "uploader": "NFL on NBC", "uploader_id": "@NFLonNBC", "uploader_url": "https://www.youtube.com/@NFLonNBC", "thumbnails": [{"url": "https://i.ytimg.com/vi/aggm0woti_Y/hqdefault.jpg?sqp=-oaymwEbCKgBEF5IVfKriqkDDggBFQAAiEIYAXABwAEG&rs=AOn4CLARYwqYI5T3rC-F7Uc0RmQc1bKsKw", "height": 94, "width": 168}, {"url": "https://i.ytimg.com/vi/aggm0woti_Y/hqdefault.jpg?sqp=-oaymwEbCMQBEG5IVfKriqkDDggBFQAAiEIYAXABwAEG&rs=AOn4CLCOU14OBOdfi89YVl9SkE_bDO7ZlA", "height": 110, "width": 196}, {"url": "https://i.ytimg.com/vi/aggm0woti_Y/hqdefault.jpg?sqp=-oaymwEcCPYBEIoBSFXyq4qpAw4IARUAAIhCGAFwAcABBg==&rs=AOn4CLCmDusroHph305d-HLEokMPG7N99A", "height": 138, "width": 246}, {"url": "https://i.ytimg.com/vi/aggm0woti_Y/hqdefault.jpg?sqp=-oaymwEcCNACELwBSFXyq4qpAw4IARUAAIhCGAFwAcABBg==&rs=AOn4CLCzjq_gQ-XiPGtl8PkUCkTGJHj9Cg", "height": 188, "width": 336}], "timestamp": null, "release_timestamp": null, "availability": null, "view_count": 935000, "live_status": null, "channel_is_verified": null, "__x_forwarded_for_ip": null}, {"_type": "url", "ie_key": "Youtube", "id": "lSjSLJ8LPkA", "url": "https://www.youtube.com/watch?v=lSjSLJ8LPkA", "title": "I Added Animals Into My Giant Rainforest Vivarium", "description": null, "duration": 2061, "channel_id": "UCONd1SNf3_QqjzjCVsURNuA", "channel": "AntsCanada", "channel_url": "https://www.youtube.com/channel/UCONd1SNf3_QqjzjCVsURNuA", "uploader": "AntsCanada", "uploader_id": "@AntsCanada", "uploader_url": "https://www.youtube.com/@AntsCanada", "thumbnails": [{"url": "https://i.ytimg.com/vi/lSjSLJ8LPkA/hqdefault.jpg?sqp=-oaymwEbCKgBEF5IVfKriqkDDggBFQAAiEIYAXABwAEG&rs=AOn4CLAqoEk2LNyMh_04rUL1c2gVO9cggg", "height": 94, "width": 168}, {"url": "https://i.ytimg.com/vi/lSjSLJ8LPkA/hqdefault.jpg?sqp=-oaymwEbCMQBEG5IVfKriqkDDggBFQAAiEIYAXABwAEG&rs=AOn4CLD9s_eq4Bo9Usw5JB3g3m6sXwiPow", "height": 110, "width": 196}, {"url": "https://i.ytimg.com/vi/lSjSLJ8LPkA/hqdefault.jpg?sqp=-oaymwEcCPYBEIoBSFXyq4qpAw4IARUAAIhCGAFwAcABBg==&rs=AOn4CLDUJdAUH-p5JOAjWirHuXC3Q98aHA", "height": 138, "width": 246}, {"url": "https://i.ytimg.com/vi/lSjSLJ8LPkA/hqdefault.jpg?sqp=-oaymwEcCNACELwBSFXyq4qpAw4IARUAAIhCGAFwAcABBg==&rs=AOn4CLC-ran1kIaV0NT-uWyoYC9BBWWuSw", "height": 188, "width": 336}], "timestamp": null, "release_timestamp": null, "availability": null, "view_count": 10000000, "live_status": null, "channel_is_verified": null, "__x_forwarded_for_ip": null}, {"_type": "url", "ie_key": "Youtube", "id": "cTT-fZaHy1Y", "url": "https://www.youtube.com/watch?v=cTT-fZaHy1Y", "title": "Game Theory: FNAF, A Fragmented Memory (Help Wanted 2)", "description": null, "duration": 1517, "channel_id": "UCo_IB5145EVNcf8hw1Kku7w", "channel": "The Game Theorists", "channel_url": "https://www.youtube.com/channel/UCo_IB5145EVNcf8hw1Kku7w", "uploader": "The Game Theorists", "uploader_id": "@GameTheory", "uploader_url": "https://www.youtube.com/@GameTheory", "thumbnails": [{"url": "https://i.ytimg.com/vi/cTT-fZaHy1Y/hqdefault.jpg?sqp=-oaymwEbCKgBEF5IVfKriqkDDggBFQAAiEIYAXABwAEG&rs=AOn4CLB-0b2jkr4gaK1KQIUiSw8WgDqJTQ", "height": 94, "width": 168}, {"url": "https://i.ytimg.com/vi/cTT-fZaHy1Y/hqdefault.jpg?sqp=-oaymwEbCMQBEG5IVfKriqkDDggBFQAAiEIYAXABwAEG&rs=AOn4CLCkyOFVATLOZoJ5U6g_IVLvYf7OJw", "height": 110, "width": 196}, {"url": "https://i.ytimg.com/vi/cTT-fZaHy1Y/hqdefault.jpg?sqp=-oaymwEcCPYBEIoBSFXyq4qpAw4IARUAAIhCGAFwAcABBg==&rs=AOn4CLBHCs4lki0TrHpqy3H552fH2sFCtQ", "height": 138, "width": 246}, {"url": "https://i.ytimg.com/vi/cTT-fZaHy1Y/hqdefault.jpg?sqp=-oaymwEcCNACELwBSFXyq4qpAw4IARUAAIhCGAFwAcABBg==&rs=AOn4CLA1s1BTxS5ihcWhGzUZxBg2_87NNw", "height": 188, "width": 336}], "timestamp": null, "release_timestamp": null, "availability": null, "view_count": 5300000, "live_status": null, "channel_is_verified": null, "__x_forwarded_for_ip": null}, {"_type": "url", "ie_key": "Youtube", "id": "mRBD0GA_HFQ", "url": "https://www.youtube.com/watch?v=mRBD0GA_HFQ", "title": "#Breaking: 7.6 Magnitude Earthquake Hits Japan Triggering Major Tsunami Warnings | 10 News First", "description": null, "duration": 70, "channel_id": "UC64A-bbH15b5kN5A32CErOA", "channel": "10 News", "channel_url": "https://www.youtube.com/channel/UC64A-bbH15b5kN5A32CErOA", "uploader": "10 News", "uploader_id": "@10NewsAU", "uploader_url": "https://www.youtube.com/@10NewsAU", "thumbnails": [{"url": "https://i.ytimg.com/vi/mRBD0GA_HFQ/hqdefault.jpg?sqp=-oaymwEbCKgBEF5IVfKriqkDDggBFQAAiEIYAXABwAEG&rs=AOn4CLDYRZzIbYZ4AeXzwP98On6IRJgfxg", "height": 94, "width": 168}, {"url": "https://i.ytimg.com/vi/mRBD0GA_HFQ/hqdefault.jpg?sqp=-oaymwEbCMQBEG5IVfKriqkDDggBFQAAiEIYAXABwAEG&rs=AOn4CLC_7eS6tVxkrj6Cz_57WiseQXPnxg", "height": 110, "width": 196}, {"url": "https://i.ytimg.com/vi/mRBD0GA_HFQ/hqdefault.jpg?sqp=-oaymwEcCPYBEIoBSFXyq4qpAw4IARUAAIhCGAFwAcABBg==&rs=AOn4CLBXz2zO8J0ZO-foR_qZBWgjQtYzRQ", "height": 138, "width": 246}, {"url": "https://i.ytimg.com/vi/mRBD0GA_HFQ/hqdefault.jpg?sqp=-oaymwEcCNACELwBSFXyq4qpAw4IARUAAIhCGAFwAcABBg==&rs=AOn4CLDTNfmBJ7Oj-i4PcvdyFP1WfSB2Mg", "height": 188, "width": 336}], "timestamp": null, "release_timestamp": null, "availability": null, "view_count": 613000, "live_status": null, "channel_is_verified": null, "__x_forwarded_for_ip": null}, {"_type": "url", "ie_key": "Youtube", "id": "Wz-o4SBcaJs", "url": "https://www.youtube.com/watch?v=Wz-o4SBcaJs", "title": "I'M ZOMBIES 2", "description": null, "duration": 1249, "channel_id": "UCSUf5_EPEfl4zlBKZHkZdmw", "channel": "Danny Gonzalez", "channel_url": "https://www.youtube.com/channel/UCSUf5_EPEfl4zlBKZHkZdmw", "uploader": "Danny Gonzalez", "uploader_id": "@Danny-Gonzalez", "uploader_url": "https://www.youtube.com/@Danny-Gonzalez", "thumbnails": [{"url": "https://i.ytimg.com/vi/Wz-o4SBcaJs/hqdefault.jpg?sqp=-oaymwEbCKgBEF5IVfKriqkDDggBFQAAiEIYAXABwAEG&rs=AOn4CLCHvbHs73k7v_naYOHrCWeqOe3AuA", "height": 94, "width": 168}, {"url": "https://i.ytimg.com/vi/Wz-o4SBcaJs/hqdefault.jpg?sqp=-oaymwEbCMQBEG5IVfKriqkDDggBFQAAiEIYAXABwAEG&rs=AOn4CLDsQ1b3vfJS1e8MFQArPBBkMtiSrQ", "height": 110, "width": 196}, {"url": "https://i.ytimg.com/vi/Wz-o4SBcaJs/hqdefault.jpg?sqp=-oaymwEcCPYBEIoBSFXyq4qpAw4IARUAAIhCGAFwAcABBg==&rs=AOn4CLDN05dXo4rGvROT66CMDwrzWdeHcg", "height": 138, "width": 246}, {"url": "https://i.ytimg.com/vi/Wz-o4SBcaJs/hqdefault.jpg?sqp=-oaymwEcCNACELwBSFXyq4qpAw4IARUAAIhCGAFwAcABBg==&rs=AOn4CLBvEBDUhD5YNDTB6vBUc3i9--vJgA", "height": 188, "width": 336}], "timestamp": null, "release_timestamp": null, "availability": null, "view_count": 6700000, "live_status": null, "channel_is_verified": null, "__x_forwarded_for_ip": null}, {"_type": "url", "ie_key": "Youtube", "id": "42UNDDkDmU0", "url": "https://www.youtube.com/watch?v=42UNDDkDmU0", "title": "Orange Bowl: Georgia Bulldogs vs. Florida State Seminoles | Full Game Highlights", "description": null, "duration": 847, "channel_id": "UCzRWWsFjqHk1an4OnVPsl9g", "channel": "ESPN College Football", "channel_url": "https://www.youtube.com/channel/UCzRWWsFjqHk1an4OnVPsl9g", "uploader": "ESPN College Football", "uploader_id": "@espncfb", "uploader_url": "https://www.youtube.com/@espncfb", "thumbnails": [{"url": "https://i.ytimg.com/vi/42UNDDkDmU0/hqdefault.jpg?sqp=-oaymwEbCKgBEF5IVfKriqkDDggBFQAAiEIYAXABwAEG&rs=AOn4CLA_3luoWaWMAYg-XuFph_dU0TQKeA", "height": 94, "width": 168}, {"url": "https://i.ytimg.com/vi/42UNDDkDmU0/hqdefault.jpg?sqp=-oaymwEbCMQBEG5IVfKriqkDDggBFQAAiEIYAXABwAEG&rs=AOn4CLBO3EbHvJROF8GeORfexYnVeoDlPw", "height": 110, "width": 196}, {"url": "https://i.ytimg.com/vi/42UNDDkDmU0/hqdefault.jpg?sqp=-oaymwEcCPYBEIoBSFXyq4qpAw4IARUAAIhCGAFwAcABBg==&rs=AOn4CLDmEbXwRmtGegmbwgGS0ezVOWdNqw", "height": 138, "width": 246}, {"url": "https://i.ytimg.com/vi/42UNDDkDmU0/hqdefault.jpg?sqp=-oaymwEcCNACELwBSFXyq4qpAw4IARUAAIhCGAFwAcABBg==&rs=AOn4CLAOHNVtlgXLSccYXD176NvO9rD9NA", "height": 188, "width": 336}], "timestamp": null, "release_timestamp": null, "availability": null, "view_count": 1400000, "live_status": null, "channel_is_verified": null, "__x_forwarded_for_ip": null}, {"_type": "url", "ie_key": "Youtube", "id": "Xg0LamQIxUA", "url": "https://www.youtube.com/watch?v=Xg0LamQIxUA", "title": "I watched the endings of 10 terrible christmas movies", "description": null, "duration": 1106, "channel_id": "UCTSRIY3GLFYIpkR2QwyeklA", "channel": "Drew Gooden", "channel_url": "https://www.youtube.com/channel/UCTSRIY3GLFYIpkR2QwyeklA", "uploader": "Drew Gooden", "uploader_id": "@drewisgooden", "uploader_url": "https://www.youtube.com/@drewisgooden", "thumbnails": [{"url": "https://i.ytimg.com/vi/Xg0LamQIxUA/hqdefault.jpg?sqp=-oaymwEbCKgBEF5IVfKriqkDDggBFQAAiEIYAXABwAEG&rs=AOn4CLCX5c3CXsKY6FUZj8R4qSJjxxZauw", "height": 94, "width": 168}, {"url": "https://i.ytimg.com/vi/Xg0LamQIxUA/hqdefault.jpg?sqp=-oaymwEbCMQBEG5IVfKriqkDDggBFQAAiEIYAXABwAEG&rs=AOn4CLDnueTAXiIawVHxEkfWGb0XU1rRtw", "height": 110, "width": 196}, {"url": "https://i.ytimg.com/vi/Xg0LamQIxUA/hqdefault.jpg?sqp=-oaymwEcCPYBEIoBSFXyq4qpAw4IARUAAIhCGAFwAcABBg==&rs=AOn4CLBF1G7cKAIFkUMTSaOgNfUffVFLaA", "height": 138, "width": 246}, {"url": "https://i.ytimg.com/vi/Xg0LamQIxUA/hqdefault.jpg?sqp=-oaymwEcCNACELwBSFXyq4qpAw4IARUAAIhCGAFwAcABBg==&rs=AOn4CLBH1oF2BkPY4GxDoasEDo9uqRlv3g", "height": 188, "width": 336}], "timestamp": null, "release_timestamp": null, "availability": null, "view_count": 3300000, "live_status": null, "channel_is_verified": null, "__x_forwarded_for_ip": null}, {"_type": "url", "ie_key": "Youtube", "id": "4lbvnNVGd-I", "url": "https://www.youtube.com/watch?v=4lbvnNVGd-I", "title": "We Are Witnessing The Worst Pro Sports Team Of All-Time", "description": null, "duration": 1011, "channel_id": "UC3L9XPe0_FGfRG-CMGtBvFg", "channel": "JxmyHighroller", "channel_url": "https://www.youtube.com/channel/UC3L9XPe0_FGfRG-CMGtBvFg", "uploader": "JxmyHighroller", "uploader_id": "@JxmyHighroller", "uploader_url": "https://www.youtube.com/@JxmyHighroller", "thumbnails": [{"url": "https://i.ytimg.com/vi/4lbvnNVGd-I/hqdefault.jpg?sqp=-oaymwEbCKgBEF5IVfKriqkDDggBFQAAiEIYAXABwAEG&rs=AOn4CLBlq1kdJ2jHJvR90S6pLTNZbLWkAQ", "height": 94, "width": 168}, {"url": "https://i.ytimg.com/vi/4lbvnNVGd-I/hqdefault.jpg?sqp=-oaymwEbCMQBEG5IVfKriqkDDggBFQAAiEIYAXABwAEG&rs=AOn4CLCw6DOYZz9gQrZQE9LcQ3PZV-zf-g", "height": 110, "width": 196}, {"url": "https://i.ytimg.com/vi/4lbvnNVGd-I/hqdefault.jpg?sqp=-oaymwEcCPYBEIoBSFXyq4qpAw4IARUAAIhCGAFwAcABBg==&rs=AOn4CLDeTu1kxrzwT6kh5f8duxPEh1tK6A", "height": 138, "width": 246}, {"url": "https://i.ytimg.com/vi/4lbvnNVGd-I/hqdefault.jpg?sqp=-oaymwEcCNACELwBSFXyq4qpAw4IARUAAIhCGAFwAcABBg==&rs=AOn4CLBGKB0sd_Mer1Qf2tEALOnd9VAHSA", "height": 188, "width": 336}], "timestamp": null, "release_timestamp": null, "availability": null, "view_count": 2100000, "live_status": null, "channel_is_verified": null, "__x_forwarded_for_ip": null}, {"_type": "url", "ie_key": "Youtube", "id": "JqZ_43kiCTI", "url": "https://www.youtube.com/watch?v=JqZ_43kiCTI", "title": "Our Beautiful Boat Home (FULL BOAT TOUR)", "description": null, "duration": 1852, "channel_id": "UCZdQjaSoLjIzFnWsDQOv4ww", "channel": "Sailing La Vagabonde", "channel_url": "https://www.youtube.com/channel/UCZdQjaSoLjIzFnWsDQOv4ww", "uploader": "Sailing La Vagabonde", "uploader_id": "@SailingLaVagabonde", "uploader_url": "https://www.youtube.com/@SailingLaVagabonde", "thumbnails": [{"url": "https://i.ytimg.com/vi/JqZ_43kiCTI/hqdefault.jpg?sqp=-oaymwEbCKgBEF5IVfKriqkDDggBFQAAiEIYAXABwAEG&rs=AOn4CLBy4RT7ZMHCXUUO_OxOJFvPRFeVtQ", "height": 94, "width": 168}, {"url": "https://i.ytimg.com/vi/JqZ_43kiCTI/hqdefault.jpg?sqp=-oaymwEbCMQBEG5IVfKriqkDDggBFQAAiEIYAXABwAEG&rs=AOn4CLDzM8E6LDrKQJcnA9e9lvDwWxOOCw", "height": 110, "width": 196}, {"url": "https://i.ytimg.com/vi/JqZ_43kiCTI/hqdefault.jpg?sqp=-oaymwEcCPYBEIoBSFXyq4qpAw4IARUAAIhCGAFwAcABBg==&rs=AOn4CLCl8d5eLTnu42_Aml06BVhhf667FA", "height": 138, "width": 246}, {"url": "https://i.ytimg.com/vi/JqZ_43kiCTI/hqdefault.jpg?sqp=-oaymwEcCNACELwBSFXyq4qpAw4IARUAAIhCGAFwAcABBg==&rs=AOn4CLCyhLPAvm5TAnqUx9KxkK-yfpHzUg", "height": 188, "width": 336}], "timestamp": null, "release_timestamp": null, "availability": null, "view_count": 1400000, "live_status": null, "channel_is_verified": null, "__x_forwarded_for_ip": null}, {"_type": "url", "ie_key": "Youtube", "id": "UXdUTGsjhr8", "url": "https://www.youtube.com/watch?v=UXdUTGsjhr8", "title": "YOU WIN \u00a3100 CASH IF YOU FINISH THIS BURGER CHALLENGE QUICK ENOUGH | BeardMeatsFood", "description": null, "duration": 562, "channel_id": "UCc9CjaAjsMMvaSghZB7-Kog", "channel": "BeardMeatsFood", "channel_url": "https://www.youtube.com/channel/UCc9CjaAjsMMvaSghZB7-Kog", "uploader": "BeardMeatsFood", "uploader_id": "@Beardmeatsfood", "uploader_url": "https://www.youtube.com/@Beardmeatsfood", "thumbnails": [{"url": "https://i.ytimg.com/vi/UXdUTGsjhr8/hqdefault.jpg?sqp=-oaymwEbCKgBEF5IVfKriqkDDggBFQAAiEIYAXABwAEG&rs=AOn4CLD2fa8lXKUHx0koJbXSJ2Emik8gYQ", "height": 94, "width": 168}, {"url": "https://i.ytimg.com/vi/UXdUTGsjhr8/hqdefault.jpg?sqp=-oaymwEbCMQBEG5IVfKriqkDDggBFQAAiEIYAXABwAEG&rs=AOn4CLDE0y0KunpQrgQ9rP4BISqByscOgg", "height": 110, "width": 196}, {"url": "https://i.ytimg.com/vi/UXdUTGsjhr8/hqdefault.jpg?sqp=-oaymwEcCPYBEIoBSFXyq4qpAw4IARUAAIhCGAFwAcABBg==&rs=AOn4CLDLbQyft1uk5fiC13DU5aAmMDtl-w", "height": 138, "width": 246}, {"url": "https://i.ytimg.com/vi/UXdUTGsjhr8/hqdefault.jpg?sqp=-oaymwEcCNACELwBSFXyq4qpAw4IARUAAIhCGAFwAcABBg==&rs=AOn4CLDtW_kBcrSmWWLDVJRAgVQlfFwXIg", "height": 188, "width": 336}], "timestamp": null, "release_timestamp": null, "availability": null, "view_count": 5700000, "live_status": null, "channel_is_verified": null, "__x_forwarded_for_ip": null}, {"_type": "url", "ie_key": "Youtube", "id": "gW8O0MkdzTg", "url": "https://www.youtube.com/watch?v=gW8O0MkdzTg", "title": "Sydney fireworks 2024: Watch Australia ring in the New Year", "description": null, "duration": 851, "channel_id": "UC52X5wxOL_s5yw0dQk7NtgA", "channel": "Associated Press", "channel_url": "https://www.youtube.com/channel/UC52X5wxOL_s5yw0dQk7NtgA", "uploader": "Associated Press", "uploader_id": "@AssociatedPress", "uploader_url": "https://www.youtube.com/@AssociatedPress", "thumbnails": [{"url": "https://i.ytimg.com/vi/gW8O0MkdzTg/hqdefault.jpg?sqp=-oaymwEbCKgBEF5IVfKriqkDDggBFQAAiEIYAXABwAEG&rs=AOn4CLCXWBxgcuNuRYm-ee1BxB2_6vB3Tg", "height": 94, "width": 168}, {"url": "https://i.ytimg.com/vi/gW8O0MkdzTg/hqdefault.jpg?sqp=-oaymwEbCMQBEG5IVfKriqkDDggBFQAAiEIYAXABwAEG&rs=AOn4CLDpYgWXY-mVaNVH-Hud5Hw8Ou7T-g", "height": 110, "width": 196}, {"url": "https://i.ytimg.com/vi/gW8O0MkdzTg/hqdefault.jpg?sqp=-oaymwEcCPYBEIoBSFXyq4qpAw4IARUAAIhCGAFwAcABBg==&rs=AOn4CLDoDs4tQgzrdP9SI2bkwdIhCKPGDg", "height": 138, "width": 246}, {"url": "https://i.ytimg.com/vi/gW8O0MkdzTg/hqdefault.jpg?sqp=-oaymwEcCNACELwBSFXyq4qpAw4IARUAAIhCGAFwAcABBg==&rs=AOn4CLDOADcnaKCTkFQhzvjIF0AjUS77dw", "height": 188, "width": 336}], "timestamp": null, "release_timestamp": null, "availability": null, "view_count": 2300000, "live_status": "was_live", "channel_is_verified": null, "__x_forwarded_for_ip": null}, {"_type": "url", "ie_key": "Youtube", "id": "5fJlvJuvNp0", "url": "https://www.youtube.com/watch?v=5fJlvJuvNp0", "title": "Telling Our Kids Savannahs Pregnant With Baby Number 5 Reaction!!!", "description": null, "duration": 536, "channel_id": "UC4-CH0epzZpD_ARhxCx6LaQ", "channel": "The LaBrant Fam", "channel_url": "https://www.youtube.com/channel/UC4-CH0epzZpD_ARhxCx6LaQ", "uploader": "The LaBrant Fam", "uploader_id": "@ColeAndSav", "uploader_url": "https://www.youtube.com/@ColeAndSav", "thumbnails": [{"url": "https://i.ytimg.com/vi/5fJlvJuvNp0/hqdefault.jpg?sqp=-oaymwEbCKgBEF5IVfKriqkDDggBFQAAiEIYAXABwAEG&rs=AOn4CLBcJt8JhxP88LGvRVcpes6HdKUQtw", "height": 94, "width": 168}, {"url": "https://i.ytimg.com/vi/5fJlvJuvNp0/hqdefault.jpg?sqp=-oaymwEbCMQBEG5IVfKriqkDDggBFQAAiEIYAXABwAEG&rs=AOn4CLD97BhSzFl33LkuL_nNCAcYwldFog", "height": 110, "width": 196}, {"url": "https://i.ytimg.com/vi/5fJlvJuvNp0/hqdefault.jpg?sqp=-oaymwEcCPYBEIoBSFXyq4qpAw4IARUAAIhCGAFwAcABBg==&rs=AOn4CLCeBbx8xC0xbvnBjxJEaLc3pp7sFA", "height": 138, "width": 246}, {"url": "https://i.ytimg.com/vi/5fJlvJuvNp0/hqdefault.jpg?sqp=-oaymwEcCNACELwBSFXyq4qpAw4IARUAAIhCGAFwAcABBg==&rs=AOn4CLBg8iegHoWKj_dvjUKnHZ2HA_d7PA", "height": 188, "width": 336}], "timestamp": null, "release_timestamp": null, "availability": null, "view_count": 1600000, "live_status": null, "channel_is_verified": null, "__x_forwarded_for_ip": null}, {"_type": "url", "ie_key": "Youtube", "id": "UVnck7nWaB4", "url": "https://www.youtube.com/watch?v=UVnck7nWaB4", "title": "15,000MPH Colliding Explosions in Super Slow Motion - The Slow Mo guys", "description": null, "duration": 1045, "channel_id": "UCUK0HBIBWgM2c4vsPhkYY4w", "channel": "The Slow Mo Guys", "channel_url": "https://www.youtube.com/channel/UCUK0HBIBWgM2c4vsPhkYY4w", "uploader": "The Slow Mo Guys", "uploader_id": "@theslowmoguys", "uploader_url": "https://www.youtube.com/@theslowmoguys", "thumbnails": [{"url": "https://i.ytimg.com/vi/UVnck7nWaB4/hqdefault.jpg?sqp=-oaymwEbCKgBEF5IVfKriqkDDggBFQAAiEIYAXABwAEG&rs=AOn4CLA7XoyV1i-80vrzg_jXhKIBzLGhlA", "height": 94, "width": 168}, {"url": "https://i.ytimg.com/vi/UVnck7nWaB4/hqdefault.jpg?sqp=-oaymwEbCMQBEG5IVfKriqkDDggBFQAAiEIYAXABwAEG&rs=AOn4CLCOjCfA1cJI9LQSnMC9diSsEFZlpw", "height": 110, "width": 196}, {"url": "https://i.ytimg.com/vi/UVnck7nWaB4/hqdefault.jpg?sqp=-oaymwEcCPYBEIoBSFXyq4qpAw4IARUAAIhCGAFwAcABBg==&rs=AOn4CLCToZgEgB4D9cV698HrUQOhCbVggg", "height": 138, "width": 246}, {"url": "https://i.ytimg.com/vi/UVnck7nWaB4/hqdefault.jpg?sqp=-oaymwEcCNACELwBSFXyq4qpAw4IARUAAIhCGAFwAcABBg==&rs=AOn4CLDHKsfkEjZhoBA0gXtIil036PRR7w", "height": 188, "width": 336}], "timestamp": null, "release_timestamp": null, "availability": null, "view_count": 3000000, "live_status": null, "channel_is_verified": null, "__x_forwarded_for_ip": null}, {"_type": "url", "ie_key": "Youtube", "id": "6ZwBHQH61QU", "url": "https://www.youtube.com/watch?v=6ZwBHQH61QU", "title": "I Built a 7-11 in my Room and Hid it from my Mom!", "description": null, "duration": 1162, "channel_id": "UCja7QUMRG9AD8X2F_vXFb9A", "channel": "The Royalty Family", "channel_url": "https://www.youtube.com/channel/UCja7QUMRG9AD8X2F_vXFb9A", "uploader": "The Royalty Family", "uploader_id": "@royaltyfam", "uploader_url": "https://www.youtube.com/@royaltyfam", "thumbnails": [{"url": "https://i.ytimg.com/vi/6ZwBHQH61QU/hqdefault.jpg?sqp=-oaymwEbCKgBEF5IVfKriqkDDggBFQAAiEIYAXABwAEG&rs=AOn4CLBgtjWFN1IgJMqCsHQLseuJkAek4A", "height": 94, "width": 168}, {"url": "https://i.ytimg.com/vi/6ZwBHQH61QU/hqdefault.jpg?sqp=-oaymwEbCMQBEG5IVfKriqkDDggBFQAAiEIYAXABwAEG&rs=AOn4CLC0FVmQDkQlfTUhcSRk3mf4Ss3qRw", "height": 110, "width": 196}, {"url": "https://i.ytimg.com/vi/6ZwBHQH61QU/hqdefault.jpg?sqp=-oaymwEcCPYBEIoBSFXyq4qpAw4IARUAAIhCGAFwAcABBg==&rs=AOn4CLBIkETB4-1AlBJH54jce-DQmltTKA", "height": 138, "width": 246}, {"url": "https://i.ytimg.com/vi/6ZwBHQH61QU/hqdefault.jpg?sqp=-oaymwEcCNACELwBSFXyq4qpAw4IARUAAIhCGAFwAcABBg==&rs=AOn4CLDrOjBDOg6fb19FvtEAWGLLY0VquA", "height": 188, "width": 336}], "timestamp": null, "release_timestamp": null, "availability": null, "view_count": 33000000, "live_status": null, "channel_is_verified": null, "__x_forwarded_for_ip": null}, {"_type": "url", "ie_key": "Youtube", "id": "2IE9igiIXtY", "url": "https://www.youtube.com/watch?v=2IE9igiIXtY", "title": "Detroit Lions vs. Dallas Cowboys | 2023 Week 17 Game Highlights", "description": null, "duration": 816, "channel_id": "UCDVYQ4Zhbm3S2dlz7P1GBDg", "channel": "NFL", "channel_url": "https://www.youtube.com/channel/UCDVYQ4Zhbm3S2dlz7P1GBDg", "uploader": "NFL", "uploader_id": "@NFL", "uploader_url": "https://www.youtube.com/@NFL", "thumbnails": [{"url": "https://i.ytimg.com/vi/2IE9igiIXtY/hqdefault.jpg?sqp=-oaymwEbCKgBEF5IVfKriqkDDggBFQAAiEIYAXABwAEG&rs=AOn4CLAZVVn_2ST85Zmf7hZt0ICJNJKmpg", "height": 94, "width": 168}, {"url": "https://i.ytimg.com/vi/2IE9igiIXtY/hqdefault.jpg?sqp=-oaymwEbCMQBEG5IVfKriqkDDggBFQAAiEIYAXABwAEG&rs=AOn4CLBJ-kqF-9AmamxBrWdlJpyovcl67w", "height": 110, "width": 196}, {"url": "https://i.ytimg.com/vi/2IE9igiIXtY/hqdefault.jpg?sqp=-oaymwEcCPYBEIoBSFXyq4qpAw4IARUAAIhCGAFwAcABBg==&rs=AOn4CLDOc7lOhu8a5FNux1DTjAwi46yEPQ", "height": 138, "width": 246}, {"url": "https://i.ytimg.com/vi/2IE9igiIXtY/hqdefault.jpg?sqp=-oaymwEcCNACELwBSFXyq4qpAw4IARUAAIhCGAFwAcABBg==&rs=AOn4CLCZEmDWVF5rsiSEaQYVmBXI1r4QEg", "height": 188, "width": 336}], "timestamp": null, "release_timestamp": null, "availability": null, "view_count": 3000000, "live_status": null, "channel_is_verified": null, "__x_forwarded_for_ip": null}, {"_type": "url", "ie_key": "Youtube", "id": "Rq_BM8_yyQM", "url": "https://www.youtube.com/watch?v=Rq_BM8_yyQM", "title": "Disney loses famous Mickey Mouse copyright in 2024, along with many others", "description": null, "duration": 304, "channel_id": "UC8p1vwvWtl6T73JiExfWs1g", "channel": "CBS News", "channel_url": "https://www.youtube.com/channel/UC8p1vwvWtl6T73JiExfWs1g", "uploader": "CBS News", "uploader_id": "@CBSNews", "uploader_url": "https://www.youtube.com/@CBSNews", "thumbnails": [{"url": "https://i.ytimg.com/vi/Rq_BM8_yyQM/hqdefault.jpg?sqp=-oaymwEbCKgBEF5IVfKriqkDDggBFQAAiEIYAXABwAEG&rs=AOn4CLBxdx9wl5duSQthLf1JSUU1_Ku_lw", "height": 94, "width": 168}, {"url": "https://i.ytimg.com/vi/Rq_BM8_yyQM/hqdefault.jpg?sqp=-oaymwEbCMQBEG5IVfKriqkDDggBFQAAiEIYAXABwAEG&rs=AOn4CLD592YMX321OEHGGfbZtv5rnJXbyw", "height": 110, "width": 196}, {"url": "https://i.ytimg.com/vi/Rq_BM8_yyQM/hqdefault.jpg?sqp=-oaymwEcCPYBEIoBSFXyq4qpAw4IARUAAIhCGAFwAcABBg==&rs=AOn4CLCj8cyqxSiAdqAdBO8FpTkReQaTcw", "height": 138, "width": 246}, {"url": "https://i.ytimg.com/vi/Rq_BM8_yyQM/hqdefault.jpg?sqp=-oaymwEcCNACELwBSFXyq4qpAw4IARUAAIhCGAFwAcABBg==&rs=AOn4CLD1baPBRkWPrDixRaMAO7DFvQNmTw", "height": 188, "width": 336}], "timestamp": null, "release_timestamp": null, "availability": null, "view_count": 5900000, "live_status": null, "channel_is_verified": null, "__x_forwarded_for_ip": null}, {"_type": "url", "ie_key": "Youtube", "id": "oY5dj8UA8nA", "url": "https://www.youtube.com/watch?v=oY5dj8UA8nA", "title": "DPR IAN - LIMBO (Official Music Video)", "description": null, "duration": 179, "channel_id": "UCtG5oKSlksz-QmD_2uI4WBw", "channel": "Dream Perfect Regime", "channel_url": "https://www.youtube.com/channel/UCtG5oKSlksz-QmD_2uI4WBw", "uploader": "Dream Perfect Regime", "uploader_id": "@DreamPerfectRegime", "uploader_url": "https://www.youtube.com/@DreamPerfectRegime", "thumbnails": [{"url": "https://i.ytimg.com/vi/oY5dj8UA8nA/hqdefault.jpg?sqp=-oaymwEbCKgBEF5IVfKriqkDDggBFQAAiEIYAXABwAEG&rs=AOn4CLBDQ-cNZbQu9vRCD3fl5arpMHVX6Q", "height": 94, "width": 168}, {"url": "https://i.ytimg.com/vi/oY5dj8UA8nA/hqdefault.jpg?sqp=-oaymwEbCMQBEG5IVfKriqkDDggBFQAAiEIYAXABwAEG&rs=AOn4CLB-SFcSbWtOdES7PHwm0GfEZbCDIA", "height": 110, "width": 196}, {"url": "https://i.ytimg.com/vi/oY5dj8UA8nA/hqdefault.jpg?sqp=-oaymwEcCPYBEIoBSFXyq4qpAw4IARUAAIhCGAFwAcABBg==&rs=AOn4CLBi4xymejc_xVwM8jITvYvDNq0TFQ", "height": 138, "width": 246}, {"url": "https://i.ytimg.com/vi/oY5dj8UA8nA/hqdefault.jpg?sqp=-oaymwEcCNACELwBSFXyq4qpAw4IARUAAIhCGAFwAcABBg==&rs=AOn4CLDoo7lHho95q_cnqD9co2vdKbWp2A", "height": 188, "width": 336}], "timestamp": null, "release_timestamp": null, "availability": null, "view_count": 10000000, "live_status": null, "channel_is_verified": null, "__x_forwarded_for_ip": null}, {"_type": "url", "ie_key": "Youtube", "id": "YPx1kTveXpk", "url": "https://www.youtube.com/watch?v=YPx1kTveXpk", "title": "CLONE WARS: BATTLE OF THE HEROES - A Star Wars Fan Animation", "description": null, "duration": 942, "channel_id": "UCkpf1X4PDLYIjwoQrMhFVZw", "channel": "HELLO THERE", "channel_url": "https://www.youtube.com/channel/UCkpf1X4PDLYIjwoQrMhFVZw", "uploader": "HELLO THERE", "uploader_id": "@HelloThereAnimation", "uploader_url": "https://www.youtube.com/@HelloThereAnimation", "thumbnails": [{"url": "https://i.ytimg.com/vi/YPx1kTveXpk/hqdefault.jpg?sqp=-oaymwEbCKgBEF5IVfKriqkDDggBFQAAiEIYAXABwAEG&rs=AOn4CLAPFOnECDJywHlt3t4F4Ko_WRBs3Q", "height": 94, "width": 168}, {"url": "https://i.ytimg.com/vi/YPx1kTveXpk/hqdefault.jpg?sqp=-oaymwEbCMQBEG5IVfKriqkDDggBFQAAiEIYAXABwAEG&rs=AOn4CLDsnefoECj5P6N3QlGJqn4RRyiYcg", "height": 110, "width": 196}, {"url": "https://i.ytimg.com/vi/YPx1kTveXpk/hqdefault.jpg?sqp=-oaymwEcCPYBEIoBSFXyq4qpAw4IARUAAIhCGAFwAcABBg==&rs=AOn4CLBFVQ0hVRVCbCfeZr8SLYXTUy_Mrg", "height": 138, "width": 246}, {"url": "https://i.ytimg.com/vi/YPx1kTveXpk/hqdefault.jpg?sqp=-oaymwEcCNACELwBSFXyq4qpAw4IARUAAIhCGAFwAcABBg==&rs=AOn4CLAJRLVwhBBhzm011-vDWn0QMwxNSg", "height": 188, "width": 336}], "timestamp": null, "release_timestamp": null, "availability": null, "view_count": 5900000, "live_status": null, "channel_is_verified": null, "__x_forwarded_for_ip": null}, {"_type": "url", "ie_key": "Youtube", "id": "Ldn11dMHTJ8", "url": "https://www.youtube.com/watch?v=Ldn11dMHTJ8", "title": "Kurchi Madathapetti Lyrical Video |Guntur Kaaram |Mahesh Babu| Sreeleela | Thaman S | Telugu Songs", "description": null, "duration": 224, "channel_id": "UCNApqoVYJbYSrni4YsbXzyQ", "channel": "Aditya Music", "channel_url": "https://www.youtube.com/channel/UCNApqoVYJbYSrni4YsbXzyQ", "uploader": "Aditya Music", "uploader_id": "@adityamusic", "uploader_url": "https://www.youtube.com/@adityamusic", "thumbnails": [{"url": "https://i.ytimg.com/vi/Ldn11dMHTJ8/hqdefault.jpg?sqp=-oaymwEbCKgBEF5IVfKriqkDDggBFQAAiEIYAXABwAEG&rs=AOn4CLAzZwIgRrQfSSg_JOy2XYtQRo3KCw", "height": 94, "width": 168}, {"url": "https://i.ytimg.com/vi/Ldn11dMHTJ8/hqdefault.jpg?sqp=-oaymwEbCMQBEG5IVfKriqkDDggBFQAAiEIYAXABwAEG&rs=AOn4CLBw01IzfpIf3jB5g9gYUHgPOufBtQ", "height": 110, "width": 196}, {"url": "https://i.ytimg.com/vi/Ldn11dMHTJ8/hqdefault.jpg?sqp=-oaymwEcCPYBEIoBSFXyq4qpAw4IARUAAIhCGAFwAcABBg==&rs=AOn4CLCJTKiiDXIMnQ7T1bI0u8_Jh-1xoA", "height": 138, "width": 246}, {"url": "https://i.ytimg.com/vi/Ldn11dMHTJ8/hqdefault.jpg?sqp=-oaymwEcCNACELwBSFXyq4qpAw4IARUAAIhCGAFwAcABBg==&rs=AOn4CLCvWKWj8zeNdmm5r8Bz9FH5LCh7Ww", "height": 188, "width": 336}], "timestamp": null, "release_timestamp": null, "availability": null, "view_count": 130000000, "live_status": null, "channel_is_verified": null, "__x_forwarded_for_ip": null}, {"_type": "url", "ie_key": "Youtube", "id": "hjvtzpeDioc", "url": "https://www.youtube.com/watch?v=hjvtzpeDioc", "title": "OFFLINETV REVERSE SECRET SANTA", "description": null, "duration": 2041, "channel_id": "UCDK9qD5DAQML-pzrtA7A4oA", "channel": "OfflineTV", "channel_url": "https://www.youtube.com/channel/UCDK9qD5DAQML-pzrtA7A4oA", "uploader": "OfflineTV", "uploader_id": "@OfflineTV", "uploader_url": "https://www.youtube.com/@OfflineTV", "thumbnails": [{"url": "https://i.ytimg.com/vi/hjvtzpeDioc/hqdefault.jpg?sqp=-oaymwEbCKgBEF5IVfKriqkDDggBFQAAiEIYAXABwAEG&rs=AOn4CLClJr3dVK4_7l8KWeLNB2auKBAB5w", "height": 94, "width": 168}, {"url": "https://i.ytimg.com/vi/hjvtzpeDioc/hqdefault.jpg?sqp=-oaymwEbCMQBEG5IVfKriqkDDggBFQAAiEIYAXABwAEG&rs=AOn4CLAlfqiIcUC8dDAAzZqYCgys-KCSdQ", "height": 110, "width": 196}, {"url": "https://i.ytimg.com/vi/hjvtzpeDioc/hqdefault.jpg?sqp=-oaymwEcCPYBEIoBSFXyq4qpAw4IARUAAIhCGAFwAcABBg==&rs=AOn4CLCTLg1SJFZZYwkqNjuoNnNP8YadGQ", "height": 138, "width": 246}, {"url": "https://i.ytimg.com/vi/hjvtzpeDioc/hqdefault.jpg?sqp=-oaymwEcCNACELwBSFXyq4qpAw4IARUAAIhCGAFwAcABBg==&rs=AOn4CLA7ZUVz6ozXRy6P6O81HZLx_qQs4w", "height": 188, "width": 336}], "timestamp": null, "release_timestamp": null, "availability": null, "view_count": 4300000, "live_status": null, "channel_is_verified": null, "__x_forwarded_for_ip": null}, {"_type": "url", "ie_key": "Youtube", "id": "ElhtfgUvJiQ", "url": "https://www.youtube.com/watch?v=ElhtfgUvJiQ", "title": "I Went to Japan's BIGGEST Artist Alley", "description": null, "duration": 1053, "channel_id": "UCFeqAfEuKm7lIg2ddQzh61A", "channel": "Emirichu", "channel_url": "https://www.youtube.com/channel/UCFeqAfEuKm7lIg2ddQzh61A", "uploader": "Emirichu", "uploader_id": "@Emirichu", "uploader_url": "https://www.youtube.com/@Emirichu", "thumbnails": [{"url": "https://i.ytimg.com/vi/ElhtfgUvJiQ/hqdefault.jpg?sqp=-oaymwEbCKgBEF5IVfKriqkDDggBFQAAiEIYAXABwAEG&rs=AOn4CLBSeRFQ4-1Mg0gptcG7t7JWl0lMJQ", "height": 94, "width": 168}, {"url": "https://i.ytimg.com/vi/ElhtfgUvJiQ/hqdefault.jpg?sqp=-oaymwEbCMQBEG5IVfKriqkDDggBFQAAiEIYAXABwAEG&rs=AOn4CLAqB5g3XKVG2XCFrbPa-mFWoUmPww", "height": 110, "width": 196}, {"url": "https://i.ytimg.com/vi/ElhtfgUvJiQ/hqdefault.jpg?sqp=-oaymwEcCPYBEIoBSFXyq4qpAw4IARUAAIhCGAFwAcABBg==&rs=AOn4CLBiJi8i0ipeo-k2S579UubrdyMj9w", "height": 138, "width": 246}, {"url": "https://i.ytimg.com/vi/ElhtfgUvJiQ/hqdefault.jpg?sqp=-oaymwEcCNACELwBSFXyq4qpAw4IARUAAIhCGAFwAcABBg==&rs=AOn4CLD9i2Bo0tkL3t2Iz0Nxya4qXln5kA", "height": 188, "width": 336}], "timestamp": null, "release_timestamp": null, "availability": null, "view_count": 1500000, "live_status": null, "channel_is_verified": null, "__x_forwarded_for_ip": null}, {"_type": "url", "ie_key": "Youtube", "id": "7BQrbHOJI0k", "url": "https://www.youtube.com/watch?v=7BQrbHOJI0k", "title": "Undertale Yellow with a side of salt", "description": null, "duration": 659, "channel_id": "UCxjs86jJMMa3Mhxt8KThsYA", "channel": "ScottFalco", "channel_url": "https://www.youtube.com/channel/UCxjs86jJMMa3Mhxt8KThsYA", "uploader": "ScottFalco", "uploader_id": "@ScottFalco", "uploader_url": "https://www.youtube.com/@ScottFalco", "thumbnails": [{"url": "https://i.ytimg.com/vi/7BQrbHOJI0k/hqdefault.jpg?sqp=-oaymwEbCKgBEF5IVfKriqkDDggBFQAAiEIYAXABwAEG&rs=AOn4CLA8Bxjz0fbdTfhZN2vV36TGvpdZ6Q", "height": 94, "width": 168}, {"url": "https://i.ytimg.com/vi/7BQrbHOJI0k/hqdefault.jpg?sqp=-oaymwEbCMQBEG5IVfKriqkDDggBFQAAiEIYAXABwAEG&rs=AOn4CLA5mIhtptV42tfiiXzqtwGdAiWWEA", "height": 110, "width": 196}, {"url": "https://i.ytimg.com/vi/7BQrbHOJI0k/hqdefault.jpg?sqp=-oaymwEcCPYBEIoBSFXyq4qpAw4IARUAAIhCGAFwAcABBg==&rs=AOn4CLAaHGAYJl3Z5CZpV4MtbMH_8viHzA", "height": 138, "width": 246}, {"url": "https://i.ytimg.com/vi/7BQrbHOJI0k/hqdefault.jpg?sqp=-oaymwEcCNACELwBSFXyq4qpAw4IARUAAIhCGAFwAcABBg==&rs=AOn4CLC-s4-CYZ49lt5rqpE_1RT3pUGVOA", "height": 188, "width": 336}], "timestamp": null, "release_timestamp": null, "availability": null, "view_count": 916000, "live_status": null, "channel_is_verified": null, "__x_forwarded_for_ip": null}, {"_type": "url", "ie_key": "Youtube", "id": "AH85mAXA-30", "url": "https://www.youtube.com/watch?v=AH85mAXA-30", "title": "Lil Tecca - Down With Me (Official Video)", "description": null, "duration": 125, "channel_id": "UCOlxqtcKc-HBEQJgDsylyhA", "channel": "Lil Tecca", "channel_url": "https://www.youtube.com/channel/UCOlxqtcKc-HBEQJgDsylyhA", "uploader": "Lil Tecca", "uploader_id": null, "uploader_url": null, "thumbnails": [{"url": "https://i.ytimg.com/vi/AH85mAXA-30/hqdefault.jpg?sqp=-oaymwEbCKgBEF5IVfKriqkDDggBFQAAiEIYAXABwAEG&rs=AOn4CLDFW4L61PPAMOxX-jpnpZcdm1TVyA", "height": 94, "width": 168}, {"url": "https://i.ytimg.com/vi/AH85mAXA-30/hqdefault.jpg?sqp=-oaymwEbCMQBEG5IVfKriqkDDggBFQAAiEIYAXABwAEG&rs=AOn4CLB5HFMhqw0waQ3346eKyZO_0Jisdw", "height": 110, "width": 196}, {"url": "https://i.ytimg.com/vi/AH85mAXA-30/hqdefault.jpg?sqp=-oaymwEcCPYBEIoBSFXyq4qpAw4IARUAAIhCGAFwAcABBg==&rs=AOn4CLCBLKEfVeYKWercsIg_KFLDU2aFvg", "height": 138, "width": 246}, {"url": "https://i.ytimg.com/vi/AH85mAXA-30/hqdefault.jpg?sqp=-oaymwEcCNACELwBSFXyq4qpAw4IARUAAIhCGAFwAcABBg==&rs=AOn4CLAx1RdeN2nPasd1vQJzsE__ntzABw", "height": 188, "width": 336}], "timestamp": null, "release_timestamp": null, "availability": null, "view_count": 18000000, "live_status": null, "channel_is_verified": null, "__x_forwarded_for_ip": null}, {"_type": "url", "ie_key": "Youtube", "id": "Dl0McRU95js", "url": "https://www.youtube.com/watch?v=Dl0McRU95js", "title": "Parents, teenage daughter found dead in Massachusetts home", "description": null, "duration": 111, "channel_id": "UCnwI-VN5jXWIGQKOI9PMDMw", "channel": "WPRI", "channel_url": "https://www.youtube.com/channel/UCnwI-VN5jXWIGQKOI9PMDMw", "uploader": "WPRI", "uploader_id": "@WPRI", "uploader_url": "https://www.youtube.com/@WPRI", "thumbnails": [{"url": "https://i.ytimg.com/vi/Dl0McRU95js/hqdefault.jpg?sqp=-oaymwEbCKgBEF5IVfKriqkDDggBFQAAiEIYAXABwAEG&rs=AOn4CLA_auW2QHzyPg8KA1Po-cmjL1QROw", "height": 94, "width": 168}, {"url": "https://i.ytimg.com/vi/Dl0McRU95js/hqdefault.jpg?sqp=-oaymwEbCMQBEG5IVfKriqkDDggBFQAAiEIYAXABwAEG&rs=AOn4CLB8TnuoQ8tHrFe3HRsKSpMVTtCPMQ", "height": 110, "width": 196}, {"url": "https://i.ytimg.com/vi/Dl0McRU95js/hqdefault.jpg?sqp=-oaymwEcCPYBEIoBSFXyq4qpAw4IARUAAIhCGAFwAcABBg==&rs=AOn4CLDvPLbYOmUMnc1YVEmUV3UC6rpyOw", "height": 138, "width": 246}, {"url": "https://i.ytimg.com/vi/Dl0McRU95js/hqdefault.jpg?sqp=-oaymwEcCNACELwBSFXyq4qpAw4IARUAAIhCGAFwAcABBg==&rs=AOn4CLARgVONbWvhnHMn1PA4ODNqlgNkIA", "height": 188, "width": 336}], "timestamp": null, "release_timestamp": null, "availability": null, "view_count": 1100000, "live_status": null, "channel_is_verified": null, "__x_forwarded_for_ip": null}, {"_type": "url", "ie_key": "Youtube", "id": "PArKPiiYCqA", "url": "https://www.youtube.com/watch?v=PArKPiiYCqA", "title": "30 Lamborghinis vs 10,000 People", "description": null, "duration": 541, "channel_id": "UCAiLfjNXkNv24uhpzUgPa6A", "channel": "Beast Philanthropy", "channel_url": "https://www.youtube.com/channel/UCAiLfjNXkNv24uhpzUgPa6A", "uploader": "Beast Philanthropy", "uploader_id": "@BeastPhilanthropy", "uploader_url": "https://www.youtube.com/@BeastPhilanthropy", "thumbnails": [{"url": "https://i.ytimg.com/vi/PArKPiiYCqA/hqdefault.jpg?sqp=-oaymwEbCKgBEF5IVfKriqkDDggBFQAAiEIYAXABwAEG&rs=AOn4CLDj0JCJ42P5Cd3f7iZKaAyBSqVhtg", "height": 94, "width": 168}, {"url": "https://i.ytimg.com/vi/PArKPiiYCqA/hqdefault.jpg?sqp=-oaymwEbCMQBEG5IVfKriqkDDggBFQAAiEIYAXABwAEG&rs=AOn4CLDUIFywUflXne3XpvIff7Naz9NjHg", "height": 110, "width": 196}, {"url": "https://i.ytimg.com/vi/PArKPiiYCqA/hqdefault.jpg?sqp=-oaymwEcCPYBEIoBSFXyq4qpAw4IARUAAIhCGAFwAcABBg==&rs=AOn4CLAHcV_w0X2lv-4XSZ5X6frtePq1iA", "height": 138, "width": 246}, {"url": "https://i.ytimg.com/vi/PArKPiiYCqA/hqdefault.jpg?sqp=-oaymwEcCNACELwBSFXyq4qpAw4IARUAAIhCGAFwAcABBg==&rs=AOn4CLDKExlqgM1Dm21LNA-1RoSUtBX2gA", "height": 188, "width": 336}], "timestamp": null, "release_timestamp": null, "availability": null, "view_count": 37000000, "live_status": null, "channel_is_verified": null, "__x_forwarded_for_ip": null}, {"_type": "url", "ie_key": "Youtube", "id": "K4FgLj5HVTo", "url": "https://www.youtube.com/watch?v=K4FgLj5HVTo", "title": "Xmas Vlog 2024", "description": null, "duration": 1414, "channel_id": "UC-lHJZR3Gqxm24_Vd_AJ5Yw", "channel": "PewDiePie", "channel_url": "https://www.youtube.com/channel/UC-lHJZR3Gqxm24_Vd_AJ5Yw", "uploader": "PewDiePie", "uploader_id": "@PewDiePie", "uploader_url": "https://www.youtube.com/@PewDiePie", "thumbnails": [{"url": "https://i.ytimg.com/vi/K4FgLj5HVTo/hqdefault.jpg?sqp=-oaymwEbCKgBEF5IVfKriqkDDggBFQAAiEIYAXABwAEG&rs=AOn4CLDyCTYGM70uso5ROgW5pfG2oWTy5g", "height": 94, "width": 168}, {"url": "https://i.ytimg.com/vi/K4FgLj5HVTo/hqdefault.jpg?sqp=-oaymwEbCMQBEG5IVfKriqkDDggBFQAAiEIYAXABwAEG&rs=AOn4CLAOtnh7pCR__jpTuRjHh3mzuKigGQ", "height": 110, "width": 196}, {"url": "https://i.ytimg.com/vi/K4FgLj5HVTo/hqdefault.jpg?sqp=-oaymwEcCPYBEIoBSFXyq4qpAw4IARUAAIhCGAFwAcABBg==&rs=AOn4CLAbQrvk28CrHPtL03DJA8je8XOQeQ", "height": 138, "width": 246}, {"url": "https://i.ytimg.com/vi/K4FgLj5HVTo/hqdefault.jpg?sqp=-oaymwEcCNACELwBSFXyq4qpAw4IARUAAIhCGAFwAcABBg==&rs=AOn4CLCfhp6Ak8o2y1svPo0Esu8E2j_PBw", "height": 188, "width": 336}], "timestamp": null, "release_timestamp": null, "availability": null, "view_count": 2400000, "live_status": null, "channel_is_verified": null, "__x_forwarded_for_ip": null}, {"_type": "url", "ie_key": "Youtube", "id": "LEdNCS8luWE", "url": "https://www.youtube.com/watch?v=LEdNCS8luWE", "title": "UMI, V - wherever u r (ft. V of BTS) official lyric video", "description": null, "duration": 157, "channel_id": "UCa_id3M0TO4w-SNfoDnPkXA", "channel": "UMI", "channel_url": "https://www.youtube.com/channel/UCa_id3M0TO4w-SNfoDnPkXA", "uploader": "UMI", "uploader_id": null, "uploader_url": null, "thumbnails": [{"url": "https://i.ytimg.com/vi/LEdNCS8luWE/hqdefault.jpg?sqp=-oaymwEbCKgBEF5IVfKriqkDDggBFQAAiEIYAXABwAEG&rs=AOn4CLBa9TrBclzgVQm9z-ybmLnkOY4Xfg", "height": 94, "width": 168}, {"url": "https://i.ytimg.com/vi/LEdNCS8luWE/hqdefault.jpg?sqp=-oaymwEbCMQBEG5IVfKriqkDDggBFQAAiEIYAXABwAEG&rs=AOn4CLBFfHOF0KVv9-4cSkJErFbA5dyCNA", "height": 110, "width": 196}, {"url": "https://i.ytimg.com/vi/LEdNCS8luWE/hqdefault.jpg?sqp=-oaymwEcCPYBEIoBSFXyq4qpAw4IARUAAIhCGAFwAcABBg==&rs=AOn4CLDOE0atqlaj-L0GVs_puFpkXm25OQ", "height": 138, "width": 246}, {"url": "https://i.ytimg.com/vi/LEdNCS8luWE/hqdefault.jpg?sqp=-oaymwEcCNACELwBSFXyq4qpAw4IARUAAIhCGAFwAcABBg==&rs=AOn4CLC5uTnak-qkGZvzmEePCTU49hcZhg", "height": 188, "width": 336}], "timestamp": null, "release_timestamp": null, "availability": null, "view_count": 13000000, "live_status": null, "channel_is_verified": null, "__x_forwarded_for_ip": null}, {"_type": "url", "ie_key": "Youtube", "id": "Qpp8DFajH_U", "url": "https://www.youtube.com/watch?v=Qpp8DFajH_U", "title": "The OG Anunoby Trade Is AWESOME!", "description": null, "duration": 498, "channel_id": "UCR8s3egas481EMmOxr5fBmg", "channel": "Sporting Logically", "channel_url": "https://www.youtube.com/channel/UCR8s3egas481EMmOxr5fBmg", "uploader": "Sporting Logically", "uploader_id": "@SportingLogically", "uploader_url": "https://www.youtube.com/@SportingLogically", "thumbnails": [{"url": "https://i.ytimg.com/vi/Qpp8DFajH_U/hqdefault.jpg?sqp=-oaymwEbCKgBEF5IVfKriqkDDggBFQAAiEIYAXABwAEG&rs=AOn4CLBTG4PZnu8uZ828ZyLaGM9HmaxoSQ", "height": 94, "width": 168}, {"url": "https://i.ytimg.com/vi/Qpp8DFajH_U/hqdefault.jpg?sqp=-oaymwEbCMQBEG5IVfKriqkDDggBFQAAiEIYAXABwAEG&rs=AOn4CLBm0pNMCO7yzBkFa8XfXe8wUNXgAg", "height": 110, "width": 196}, {"url": "https://i.ytimg.com/vi/Qpp8DFajH_U/hqdefault.jpg?sqp=-oaymwEcCPYBEIoBSFXyq4qpAw4IARUAAIhCGAFwAcABBg==&rs=AOn4CLAY-ZQELJXb9D0yD0pGmLrcI4Inaw", "height": 138, "width": 246}, {"url": "https://i.ytimg.com/vi/Qpp8DFajH_U/hqdefault.jpg?sqp=-oaymwEcCNACELwBSFXyq4qpAw4IARUAAIhCGAFwAcABBg==&rs=AOn4CLA5Vu3PlnWnZlHB23f02EcGDWDMeg", "height": 188, "width": 336}], "timestamp": null, "release_timestamp": null, "availability": null, "view_count": 157000, "live_status": null, "channel_is_verified": null, "__x_forwarded_for_ip": null}, {"_type": "url", "ie_key": "Youtube", "id": "K8nuz6z90cQ", "url": "https://www.youtube.com/watch?v=K8nuz6z90cQ", "title": "skibidi toilet 69 (part 2)", "description": null, "duration": 77, "channel_id": "UCsSsgPaZ2GSmO6il8Cb5iGA", "channel": "DaFuq!?Boom!", "channel_url": "https://www.youtube.com/channel/UCsSsgPaZ2GSmO6il8Cb5iGA", "uploader": "DaFuq!?Boom!", "uploader_id": "@DaFuqBoom", "uploader_url": "https://www.youtube.com/@DaFuqBoom", "thumbnails": [{"url": "https://i.ytimg.com/vi/K8nuz6z90cQ/hqdefault.jpg?sqp=-oaymwE1CKgBEF5IVfKriqkDKAgBFQAAiEIYAXABwAEG8AEB-AH-CYAC0AWKAgwIABABGHIgVihCMA8=&rs=AOn4CLCtr_YRmPr6YR-H3-LA2Nr3a4VzHQ", "height": 94, "width": 168}, {"url": "https://i.ytimg.com/vi/K8nuz6z90cQ/hqdefault.jpg?sqp=-oaymwE1CMQBEG5IVfKriqkDKAgBFQAAiEIYAXABwAEG8AEB-AH-CYAC0AWKAgwIABABGHIgVihCMA8=&rs=AOn4CLCGMG-EI68MYioZH2hh1VOhjEcmZg", "height": 110, "width": 196}, {"url": "https://i.ytimg.com/vi/K8nuz6z90cQ/hqdefault.jpg?sqp=-oaymwE2CPYBEIoBSFXyq4qpAygIARUAAIhCGAFwAcABBvABAfgB_gmAAtAFigIMCAAQARhyIFYoQjAP&rs=AOn4CLBRmGlqMZqrUsrPJVSQYW_UHNIaiw", "height": 138, "width": 246}, {"url": "https://i.ytimg.com/vi/K8nuz6z90cQ/hqdefault.jpg?sqp=-oaymwE2CNACELwBSFXyq4qpAygIARUAAIhCGAFwAcABBvABAfgB_gmAAtAFigIMCAAQARhyIFYoQjAP&rs=AOn4CLCzJwpWfCT_7f1Ujq5v0RigeJp3Lg", "height": 188, "width": 336}], "timestamp": null, "release_timestamp": null, "availability": null, "view_count": 42000000, "live_status": null, "channel_is_verified": null, "__x_forwarded_for_ip": null}, {"_type": "url", "ie_key": "Youtube", "id": "4rTTImBgz10", "url": "https://www.youtube.com/watch?v=4rTTImBgz10", "title": "Bankrupt - Six Flags", "description": null, "duration": 1877, "channel_id": "UC5k3Kc0avyDJ2nG9Kxm9JmQ", "channel": "Bright Sun Films", "channel_url": "https://www.youtube.com/channel/UC5k3Kc0avyDJ2nG9Kxm9JmQ", "uploader": "Bright Sun Films", "uploader_id": "@BrightSunFilms", "uploader_url": "https://www.youtube.com/@BrightSunFilms", "thumbnails": [{"url": "https://i.ytimg.com/vi/4rTTImBgz10/hqdefault.jpg?sqp=-oaymwEbCKgBEF5IVfKriqkDDggBFQAAiEIYAXABwAEG&rs=AOn4CLDsNhhHgIGhxxX4AtILrOLem1kNxQ", "height": 94, "width": 168}, {"url": "https://i.ytimg.com/vi/4rTTImBgz10/hqdefault.jpg?sqp=-oaymwEbCMQBEG5IVfKriqkDDggBFQAAiEIYAXABwAEG&rs=AOn4CLDkz17J2aG3-9OX0vHdwRFSJg_AZA", "height": 110, "width": 196}, {"url": "https://i.ytimg.com/vi/4rTTImBgz10/hqdefault.jpg?sqp=-oaymwEcCPYBEIoBSFXyq4qpAw4IARUAAIhCGAFwAcABBg==&rs=AOn4CLC0n1kRypoNM3z5NpO9or8Jg1s4jA", "height": 138, "width": 246}, {"url": "https://i.ytimg.com/vi/4rTTImBgz10/hqdefault.jpg?sqp=-oaymwEcCNACELwBSFXyq4qpAw4IARUAAIhCGAFwAcABBg==&rs=AOn4CLAJTkdt5Iy-GdifNjbZJ-l66wI0VA", "height": 188, "width": 336}], "timestamp": null, "release_timestamp": null, "availability": null, "view_count": 2400000, "live_status": null, "channel_is_verified": null, "__x_forwarded_for_ip": null}, {"_type": "url", "ie_key": "Youtube", "id": "B-HF-wBwQsc", "url": "https://www.youtube.com/watch?v=B-HF-wBwQsc", "title": "True Facts: Crows That Hunt With Sticks", "description": null, "duration": 844, "channel_id": "UCVpankR4HtoAVtYnFDUieYA", "channel": "Ze Frank", "channel_url": "https://www.youtube.com/channel/UCVpankR4HtoAVtYnFDUieYA", "uploader": "Ze Frank", "uploader_id": "@zefrank", "uploader_url": "https://www.youtube.com/@zefrank", "thumbnails": [{"url": "https://i.ytimg.com/vi/B-HF-wBwQsc/hqdefault.jpg?sqp=-oaymwEbCKgBEF5IVfKriqkDDggBFQAAiEIYAXABwAEG&rs=AOn4CLA7KO6jm-c8_qrOyOBI4aB5Sj8HCg", "height": 94, "width": 168}, {"url": "https://i.ytimg.com/vi/B-HF-wBwQsc/hqdefault.jpg?sqp=-oaymwEbCMQBEG5IVfKriqkDDggBFQAAiEIYAXABwAEG&rs=AOn4CLBzzodTGUNpco2CGcw4TAXR0Fex-Q", "height": 110, "width": 196}, {"url": "https://i.ytimg.com/vi/B-HF-wBwQsc/hqdefault.jpg?sqp=-oaymwEcCPYBEIoBSFXyq4qpAw4IARUAAIhCGAFwAcABBg==&rs=AOn4CLDAyQapHdKUbtQV77lM3mx3okZ2QQ", "height": 138, "width": 246}, {"url": "https://i.ytimg.com/vi/B-HF-wBwQsc/hqdefault.jpg?sqp=-oaymwEcCNACELwBSFXyq4qpAw4IARUAAIhCGAFwAcABBg==&rs=AOn4CLC8Qcnmrl81BJeAgDd_iDnCNyux0Q", "height": 188, "width": 336}], "timestamp": null, "release_timestamp": null, "availability": null, "view_count": 2100000, "live_status": null, "channel_is_verified": null, "__x_forwarded_for_ip": null}, {"_type": "url", "ie_key": "Youtube", "id": "jBOgbMS6HD4", "url": "https://www.youtube.com/watch?v=jBOgbMS6HD4", "title": "ROMPE LA DOMPE", "description": null, "duration": 166, "channel_id": "UCzrM_068Odho89mTRrrxqbA", "channel": "Peso Pluma", "channel_url": "https://www.youtube.com/channel/UCzrM_068Odho89mTRrrxqbA", "uploader": "Peso Pluma", "uploader_id": null, "uploader_url": null, "thumbnails": [{"url": "https://i.ytimg.com/vi/jBOgbMS6HD4/hqdefault.jpg?sqp=-oaymwEbCKgBEF5IVfKriqkDDggBFQAAiEIYAXABwAEG&rs=AOn4CLDKWtC-fFADAgBltXfHxKv_kyxNNQ", "height": 94, "width": 168}, {"url": "https://i.ytimg.com/vi/jBOgbMS6HD4/hqdefault.jpg?sqp=-oaymwEbCMQBEG5IVfKriqkDDggBFQAAiEIYAXABwAEG&rs=AOn4CLBtI4F9kP5w8pWN8zjWOo8Y6uWmjQ", "height": 110, "width": 196}, {"url": "https://i.ytimg.com/vi/jBOgbMS6HD4/hqdefault.jpg?sqp=-oaymwEcCPYBEIoBSFXyq4qpAw4IARUAAIhCGAFwAcABBg==&rs=AOn4CLDDhwpAYfuRvK-ZoVJq9OP2BQNUeQ", "height": 138, "width": 246}, {"url": "https://i.ytimg.com/vi/jBOgbMS6HD4/hqdefault.jpg?sqp=-oaymwEcCNACELwBSFXyq4qpAw4IARUAAIhCGAFwAcABBg==&rs=AOn4CLBokTalnve3N0EnpKb8bac58TEkWw", "height": 188, "width": 336}], "timestamp": null, "release_timestamp": null, "availability": null, "view_count": 35000000, "live_status": null, "channel_is_verified": null, "__x_forwarded_for_ip": null}, {"_type": "url", "ie_key": "Youtube", "id": "vLhS3IL56ZE", "url": "https://www.youtube.com/watch?v=vLhS3IL56ZE", "title": "Full Tour Of My Car Collection (Over 25,000HP)", "description": null, "duration": 2218, "channel_id": "UC2lMYhsLABAsJwsjxg0-P_w", "channel": "Westen Champlin2", "channel_url": "https://www.youtube.com/channel/UC2lMYhsLABAsJwsjxg0-P_w", "uploader": "Westen Champlin2", "uploader_id": "@westenchamplin2", "uploader_url": "https://www.youtube.com/@westenchamplin2", "thumbnails": [{"url": "https://i.ytimg.com/vi/vLhS3IL56ZE/hqdefault.jpg?sqp=-oaymwEbCKgBEF5IVfKriqkDDggBFQAAiEIYAXABwAEG&rs=AOn4CLD2FWCdlkCWceswq--GrPDIL0kl0w", "height": 94, "width": 168}, {"url": "https://i.ytimg.com/vi/vLhS3IL56ZE/hqdefault.jpg?sqp=-oaymwEbCMQBEG5IVfKriqkDDggBFQAAiEIYAXABwAEG&rs=AOn4CLCqX3xDs96KXdOjB5Ana-7xdXxzEw", "height": 110, "width": 196}, {"url": "https://i.ytimg.com/vi/vLhS3IL56ZE/hqdefault.jpg?sqp=-oaymwEcCPYBEIoBSFXyq4qpAw4IARUAAIhCGAFwAcABBg==&rs=AOn4CLCj1bOgZ6Fbizg5l4cBoN8qui-7MQ", "height": 138, "width": 246}, {"url": "https://i.ytimg.com/vi/vLhS3IL56ZE/hqdefault.jpg?sqp=-oaymwEcCNACELwBSFXyq4qpAw4IARUAAIhCGAFwAcABBg==&rs=AOn4CLCRDH3fB3prl6PC-OonYyhCvV39oQ", "height": 188, "width": 336}], "timestamp": null, "release_timestamp": null, "availability": null, "view_count": 4600000, "live_status": null, "channel_is_verified": null, "__x_forwarded_for_ip": null}, {"_type": "url", "ie_key": "Youtube", "id": "KgQWKgXFyag", "url": "https://www.youtube.com/watch?v=KgQWKgXFyag", "title": "Legends Summarized: Journey To The West (Part XI)", "description": null, "duration": 903, "channel_id": "UCodbH5mUeF-m_BsNueRDjcw", "channel": "Overly Sarcastic Productions", "channel_url": "https://www.youtube.com/channel/UCodbH5mUeF-m_BsNueRDjcw", "uploader": "Overly Sarcastic Productions", "uploader_id": "@OverlySarcasticProductions", "uploader_url": "https://www.youtube.com/@OverlySarcasticProductions", "thumbnails": [{"url": "https://i.ytimg.com/vi/KgQWKgXFyag/hqdefault.jpg?sqp=-oaymwEbCKgBEF5IVfKriqkDDggBFQAAiEIYAXABwAEG&rs=AOn4CLCjzXMDe0zF7802P0atL_FaMbeRGA", "height": 94, "width": 168}, {"url": "https://i.ytimg.com/vi/KgQWKgXFyag/hqdefault.jpg?sqp=-oaymwEbCMQBEG5IVfKriqkDDggBFQAAiEIYAXABwAEG&rs=AOn4CLDsULPIeLIwbnToUVgFMbumKADjZA", "height": 110, "width": 196}, {"url": "https://i.ytimg.com/vi/KgQWKgXFyag/hqdefault.jpg?sqp=-oaymwEcCPYBEIoBSFXyq4qpAw4IARUAAIhCGAFwAcABBg==&rs=AOn4CLCZ4qio48BbGNC3mX--DPU6JMrsug", "height": 138, "width": 246}, {"url": "https://i.ytimg.com/vi/KgQWKgXFyag/hqdefault.jpg?sqp=-oaymwEcCNACELwBSFXyq4qpAw4IARUAAIhCGAFwAcABBg==&rs=AOn4CLDcrN2RfKMTyCeS5MDcR_iqLi1BMQ", "height": 188, "width": 336}], "timestamp": null, "release_timestamp": null, "availability": null, "view_count": 1400000, "live_status": null, "channel_is_verified": null, "__x_forwarded_for_ip": null}, {"_type": "url", "ie_key": "Youtube", "id": "wdHsYRGIRb8", "url": "https://www.youtube.com/watch?v=wdHsYRGIRb8", "title": "STRANDED! Will This Old Truck Bought Sight Unseen RUN AND DRIVE 250 Miles Home?", "description": null, "duration": 1724, "channel_id": "UCsfu-jdkX2_v2t3_igVQebg", "channel": "Vice Grip Garage", "channel_url": "https://www.youtube.com/channel/UCsfu-jdkX2_v2t3_igVQebg", "uploader": "Vice Grip Garage", "uploader_id": "@ViceGripGarage", "uploader_url": "https://www.youtube.com/@ViceGripGarage", "thumbnails": [{"url": "https://i.ytimg.com/vi/wdHsYRGIRb8/hqdefault.jpg?sqp=-oaymwEbCKgBEF5IVfKriqkDDggBFQAAiEIYAXABwAEG&rs=AOn4CLBIXytHKn35_Tsr3uhalgRMT4otzA", "height": 94, "width": 168}, {"url": "https://i.ytimg.com/vi/wdHsYRGIRb8/hqdefault.jpg?sqp=-oaymwEbCMQBEG5IVfKriqkDDggBFQAAiEIYAXABwAEG&rs=AOn4CLAZsfjKcisruhkBiVz7n35Bb7UQCg", "height": 110, "width": 196}, {"url": "https://i.ytimg.com/vi/wdHsYRGIRb8/hqdefault.jpg?sqp=-oaymwEcCPYBEIoBSFXyq4qpAw4IARUAAIhCGAFwAcABBg==&rs=AOn4CLBaJJQMYpvj51I4SFIPjBLO_xfyjg", "height": 138, "width": 246}, {"url": "https://i.ytimg.com/vi/wdHsYRGIRb8/hqdefault.jpg?sqp=-oaymwEcCNACELwBSFXyq4qpAw4IARUAAIhCGAFwAcABBg==&rs=AOn4CLBX4nbk3Pl_nj2_fcduUvsUitmOqg", "height": 188, "width": 336}], "timestamp": null, "release_timestamp": null, "availability": null, "view_count": 2200000, "live_status": null, "channel_is_verified": null, "__x_forwarded_for_ip": null}, {"_type": "url", "ie_key": "Youtube", "id": "KfQiEq8M1uM", "url": "https://www.youtube.com/watch?v=KfQiEq8M1uM", "title": "Ridin' Horses w/ NBA YOUNGBOY on Grave Digger Mountain", "description": null, "duration": 1075, "channel_id": "UCBgOGeH-NL4o2WGutwverqQ", "channel": "Bootleg Kev", "channel_url": "https://www.youtube.com/channel/UCBgOGeH-NL4o2WGutwverqQ", "uploader": "Bootleg Kev", "uploader_id": "@BootlegKev", "uploader_url": "https://www.youtube.com/@BootlegKev", "thumbnails": [{"url": "https://i.ytimg.com/vi/KfQiEq8M1uM/hqdefault.jpg?sqp=-oaymwEbCKgBEF5IVfKriqkDDggBFQAAiEIYAXABwAEG&rs=AOn4CLCBzpCq6m-hXReqXt6-c-c2SmeMCw", "height": 94, "width": 168}, {"url": "https://i.ytimg.com/vi/KfQiEq8M1uM/hqdefault.jpg?sqp=-oaymwEbCMQBEG5IVfKriqkDDggBFQAAiEIYAXABwAEG&rs=AOn4CLADuJsJ9GO4rY6hML-wV3qjcO4rhw", "height": 110, "width": 196}, {"url": "https://i.ytimg.com/vi/KfQiEq8M1uM/hqdefault.jpg?sqp=-oaymwEcCPYBEIoBSFXyq4qpAw4IARUAAIhCGAFwAcABBg==&rs=AOn4CLCqEBzoT0DPU4veLAhXs3TkkixETw", "height": 138, "width": 246}, {"url": "https://i.ytimg.com/vi/KfQiEq8M1uM/hqdefault.jpg?sqp=-oaymwEcCNACELwBSFXyq4qpAw4IARUAAIhCGAFwAcABBg==&rs=AOn4CLDbTmMEDr02JsBYjlxGaolaScSEXw", "height": 188, "width": 336}], "timestamp": null, "release_timestamp": null, "availability": null, "view_count": 2200000, "live_status": null, "channel_is_verified": null, "__x_forwarded_for_ip": null}, {"_type": "url", "ie_key": "Youtube", "id": "FSH01rpKkT4", "url": "https://www.youtube.com/watch?v=FSH01rpKkT4", "title": "What makes Unc & Ocho furious about Russell Wilson being benched by Sean Payton & Broncos | Nightcap", "description": null, "duration": 1426, "channel_id": "UCKnodHJpZd8UbSvAufDd3_g", "channel": "Nightcap", "channel_url": "https://www.youtube.com/channel/UCKnodHJpZd8UbSvAufDd3_g", "uploader": "Nightcap", "uploader_id": "@NightcapShow_", "uploader_url": "https://www.youtube.com/@NightcapShow_", "thumbnails": [{"url": "https://i.ytimg.com/vi/FSH01rpKkT4/hqdefault.jpg?sqp=-oaymwEbCKgBEF5IVfKriqkDDggBFQAAiEIYAXABwAEG&rs=AOn4CLBiJfsftA1eWGEa0sMUKAxWV9vR3g", "height": 94, "width": 168}, {"url": "https://i.ytimg.com/vi/FSH01rpKkT4/hqdefault.jpg?sqp=-oaymwEbCMQBEG5IVfKriqkDDggBFQAAiEIYAXABwAEG&rs=AOn4CLDZdN8rFeZS9mx3sqimYfJxUamaRw", "height": 110, "width": 196}, {"url": "https://i.ytimg.com/vi/FSH01rpKkT4/hqdefault.jpg?sqp=-oaymwEcCPYBEIoBSFXyq4qpAw4IARUAAIhCGAFwAcABBg==&rs=AOn4CLBdETEmBQw-OxqFKz4HWRSYrZnEPA", "height": 138, "width": 246}, {"url": "https://i.ytimg.com/vi/FSH01rpKkT4/hqdefault.jpg?sqp=-oaymwEcCNACELwBSFXyq4qpAw4IARUAAIhCGAFwAcABBg==&rs=AOn4CLAKY9wVj3mF5sehNLdyBTemvRc1kg", "height": 188, "width": 336}], "timestamp": null, "release_timestamp": null, "availability": null, "view_count": 771000, "live_status": null, "channel_is_verified": null, "__x_forwarded_for_ip": null}, {"_type": "url", "ie_key": "Youtube", "id": "WNLVRE-mtKo", "url": "https://www.youtube.com/watch?v=WNLVRE-mtKo", "title": "I Found Minecraft's Highest Damage", "description": null, "duration": 1189, "channel_id": "UCwPlekBdyNPnNxLhkp9K--A", "channel": "MinuteTech", "channel_url": "https://www.youtube.com/channel/UCwPlekBdyNPnNxLhkp9K--A", "uploader": "MinuteTech", "uploader_id": "@minutetechmc", "uploader_url": "https://www.youtube.com/@minutetechmc", "thumbnails": [{"url": "https://i.ytimg.com/vi/WNLVRE-mtKo/hqdefault.jpg?sqp=-oaymwEbCKgBEF5IVfKriqkDDggBFQAAiEIYAXABwAEG&rs=AOn4CLB39tnuNiDOvOd62aIVNo-UuTLfkg", "height": 94, "width": 168}, {"url": "https://i.ytimg.com/vi/WNLVRE-mtKo/hqdefault.jpg?sqp=-oaymwEbCMQBEG5IVfKriqkDDggBFQAAiEIYAXABwAEG&rs=AOn4CLA0bupa5GCZahZeTgAAhs1MvU8WFQ", "height": 110, "width": 196}, {"url": "https://i.ytimg.com/vi/WNLVRE-mtKo/hqdefault.jpg?sqp=-oaymwEcCPYBEIoBSFXyq4qpAw4IARUAAIhCGAFwAcABBg==&rs=AOn4CLCccjz-YtYVa7Mcjn7rogwwpTDmQg", "height": 138, "width": 246}, {"url": "https://i.ytimg.com/vi/WNLVRE-mtKo/hqdefault.jpg?sqp=-oaymwEcCNACELwBSFXyq4qpAw4IARUAAIhCGAFwAcABBg==&rs=AOn4CLDPR7fbdzZ0VZtxFG9Q_AGS6_7wJw", "height": 188, "width": 336}], "timestamp": null, "release_timestamp": null, "availability": null, "view_count": 2000000, "live_status": null, "channel_is_verified": null, "__x_forwarded_for_ip": null}, {"_type": "url", "ie_key": "Youtube", "id": "O50atek--6s", "url": "https://www.youtube.com/watch?v=O50atek--6s", "title": "Fredo Bang - Middle Name (Official Video)", "description": null, "duration": 152, "channel_id": "UC8FHFLWe9KkG0eoxPMIgcpg", "channel": "Fredo Bang", "channel_url": "https://www.youtube.com/channel/UC8FHFLWe9KkG0eoxPMIgcpg", "uploader": "Fredo Bang", "uploader_id": null, "uploader_url": null, "thumbnails": [{"url": "https://i.ytimg.com/vi/O50atek--6s/hqdefault.jpg?sqp=-oaymwEbCKgBEF5IVfKriqkDDggBFQAAiEIYAXABwAEG&rs=AOn4CLDFQyXdMTBe2X5XXJLeBYiyUI66dQ", "height": 94, "width": 168}, {"url": "https://i.ytimg.com/vi/O50atek--6s/hqdefault.jpg?sqp=-oaymwEbCMQBEG5IVfKriqkDDggBFQAAiEIYAXABwAEG&rs=AOn4CLAPJSIF8QDsEeYBX1unh6uLfKiu1w", "height": 110, "width": 196}, {"url": "https://i.ytimg.com/vi/O50atek--6s/hqdefault.jpg?sqp=-oaymwEcCPYBEIoBSFXyq4qpAw4IARUAAIhCGAFwAcABBg==&rs=AOn4CLD-XT3rslsFuFnm-fmpH4K7Q1jPwQ", "height": 138, "width": 246}, {"url": "https://i.ytimg.com/vi/O50atek--6s/hqdefault.jpg?sqp=-oaymwEcCNACELwBSFXyq4qpAw4IARUAAIhCGAFwAcABBg==&rs=AOn4CLDlTuKzCq1KE7SnSXLp7tpTTDFamA", "height": 188, "width": 336}], "timestamp": null, "release_timestamp": null, "availability": null, "view_count": 1500000, "live_status": null, "channel_is_verified": null, "__x_forwarded_for_ip": null}, {"_type": "url", "ie_key": "Youtube", "id": "CU3ywmRk2us", "url": "https://www.youtube.com/watch?v=CU3ywmRk2us", "title": "JustKass - Broken (Official Video)", "description": null, "duration": 371, "channel_id": "UC-_KiH_Z2yerhAD_cAjAMOA", "channel": "Not Enough Nelsons", "channel_url": "https://www.youtube.com/channel/UC-_KiH_Z2yerhAD_cAjAMOA", "uploader": "Not Enough Nelsons", "uploader_id": "@NotEnoughNelsons", "uploader_url": "https://www.youtube.com/@NotEnoughNelsons", "thumbnails": [{"url": "https://i.ytimg.com/vi/CU3ywmRk2us/hqdefault.jpg?sqp=-oaymwEbCKgBEF5IVfKriqkDDggBFQAAiEIYAXABwAEG&rs=AOn4CLA-wZAQGCTB8iSt7I8ObDg6_v3Yhg", "height": 94, "width": 168}, {"url": "https://i.ytimg.com/vi/CU3ywmRk2us/hqdefault.jpg?sqp=-oaymwEbCMQBEG5IVfKriqkDDggBFQAAiEIYAXABwAEG&rs=AOn4CLBT829zORIDviAv2cBbI20vSDa1sQ", "height": 110, "width": 196}, {"url": "https://i.ytimg.com/vi/CU3ywmRk2us/hqdefault.jpg?sqp=-oaymwEcCPYBEIoBSFXyq4qpAw4IARUAAIhCGAFwAcABBg==&rs=AOn4CLBjum0PW0r_MyHZQoXGZTdih237jA", "height": 138, "width": 246}, {"url": "https://i.ytimg.com/vi/CU3ywmRk2us/hqdefault.jpg?sqp=-oaymwEcCNACELwBSFXyq4qpAw4IARUAAIhCGAFwAcABBg==&rs=AOn4CLCQWQzip4R_QDNCPLV5ydsOxczcDQ", "height": 188, "width": 336}], "timestamp": null, "release_timestamp": null, "availability": null, "view_count": 8600000, "live_status": null, "channel_is_verified": null, "__x_forwarded_for_ip": null}, {"_type": "url", "ie_key": "Youtube", "id": "mUr_1FNOR74", "url": "https://www.youtube.com/watch?v=mUr_1FNOR74", "title": "Kurchi Madathapetti Song Promo | Guntur Kaaram |Mahesh Babu | Trivikram | Thaman S |S. Radha Krishna", "description": null, "duration": 27, "channel_id": "UCNApqoVYJbYSrni4YsbXzyQ", "channel": "Aditya Music", "channel_url": "https://www.youtube.com/channel/UCNApqoVYJbYSrni4YsbXzyQ", "uploader": "Aditya Music", "uploader_id": "@adityamusic", "uploader_url": "https://www.youtube.com/@adityamusic", "thumbnails": [{"url": "https://i.ytimg.com/vi/mUr_1FNOR74/hqdefault.jpg?sqp=-oaymwEbCKgBEF5IVfKriqkDDggBFQAAiEIYAXABwAEG&rs=AOn4CLASM526y0al8pxK8BeJWlxVcCJg7A", "height": 94, "width": 168}, {"url": "https://i.ytimg.com/vi/mUr_1FNOR74/hqdefault.jpg?sqp=-oaymwEbCMQBEG5IVfKriqkDDggBFQAAiEIYAXABwAEG&rs=AOn4CLAv2L0QHhAr7s1pqeB877GoT-3t_Q", "height": 110, "width": 196}, {"url": "https://i.ytimg.com/vi/mUr_1FNOR74/hqdefault.jpg?sqp=-oaymwEcCPYBEIoBSFXyq4qpAw4IARUAAIhCGAFwAcABBg==&rs=AOn4CLCG3IXEIvdalvF374RzWn1zOTmdsA", "height": 138, "width": 246}, {"url": "https://i.ytimg.com/vi/mUr_1FNOR74/hqdefault.jpg?sqp=-oaymwEcCNACELwBSFXyq4qpAw4IARUAAIhCGAFwAcABBg==&rs=AOn4CLCBtwgNen9V0Tlk76kYerZ5eLXL-g", "height": 188, "width": 336}], "timestamp": null, "release_timestamp": null, "availability": null, "view_count": 16000000, "live_status": null, "channel_is_verified": null, "__x_forwarded_for_ip": null}, {"_type": "url", "ie_key": "Youtube", "id": "5BeOh1XHAVI", "url": "https://www.youtube.com/watch?v=5BeOh1XHAVI", "title": "GARNACHO & HOJLUND TO THE RESCUE! \ud83e\udd29 | Man Utd 3-2 Aston Villa | Highlights", "description": null, "duration": 194, "channel_id": "UC6yW44UGJJBvYTlfC7CRg2Q", "channel": "Manchester United", "channel_url": "https://www.youtube.com/channel/UC6yW44UGJJBvYTlfC7CRg2Q", "uploader": "Manchester United", "uploader_id": "@manutd", "uploader_url": "https://www.youtube.com/@manutd", "thumbnails": [{"url": "https://i.ytimg.com/vi/5BeOh1XHAVI/hqdefault.jpg?sqp=-oaymwEbCKgBEF5IVfKriqkDDggBFQAAiEIYAXABwAEG&rs=AOn4CLDdB3JrUT6K_FQC4CGgJqMBJiTvRg", "height": 94, "width": 168}, {"url": "https://i.ytimg.com/vi/5BeOh1XHAVI/hqdefault.jpg?sqp=-oaymwEbCMQBEG5IVfKriqkDDggBFQAAiEIYAXABwAEG&rs=AOn4CLCNVlPBr_3SUf2TBHMmWwcUxsStYg", "height": 110, "width": 196}, {"url": "https://i.ytimg.com/vi/5BeOh1XHAVI/hqdefault.jpg?sqp=-oaymwEcCPYBEIoBSFXyq4qpAw4IARUAAIhCGAFwAcABBg==&rs=AOn4CLAZUNaBojYZZCYN4Y4lvcbiXKfeIQ", "height": 138, "width": 246}, {"url": "https://i.ytimg.com/vi/5BeOh1XHAVI/hqdefault.jpg?sqp=-oaymwEcCNACELwBSFXyq4qpAw4IARUAAIhCGAFwAcABBg==&rs=AOn4CLCXscQifO8RkBdaQXs0Rb8q13TXLA", "height": 188, "width": 336}], "timestamp": null, "release_timestamp": null, "availability": null, "view_count": 7600000, "live_status": null, "channel_is_verified": null, "__x_forwarded_for_ip": null}, {"_type": "url", "ie_key": "Youtube", "id": "V1vHZDLZHyE", "url": "https://www.youtube.com/watch?v=V1vHZDLZHyE", "title": "my dog", "description": null, "duration": 350, "channel_id": "UCOsATJw-IZgqGT8MFrHjKGg", "channel": "Ice Cream Sandwich", "channel_url": "https://www.youtube.com/channel/UCOsATJw-IZgqGT8MFrHjKGg", "uploader": "Ice Cream Sandwich", "uploader_id": "@IceCreamSandwich", "uploader_url": "https://www.youtube.com/@IceCreamSandwich", "thumbnails": [{"url": "https://i.ytimg.com/vi/V1vHZDLZHyE/hqdefault.jpg?sqp=-oaymwEbCKgBEF5IVfKriqkDDggBFQAAiEIYAXABwAEG&rs=AOn4CLAcL9JnePL8Ou_WjvORHr6-yPu9Yw", "height": 94, "width": 168}, {"url": "https://i.ytimg.com/vi/V1vHZDLZHyE/hqdefault.jpg?sqp=-oaymwEbCMQBEG5IVfKriqkDDggBFQAAiEIYAXABwAEG&rs=AOn4CLDcbyEuAuJoHM1G-3WPMLPk2hZowQ", "height": 110, "width": 196}, {"url": "https://i.ytimg.com/vi/V1vHZDLZHyE/hqdefault.jpg?sqp=-oaymwEcCPYBEIoBSFXyq4qpAw4IARUAAIhCGAFwAcABBg==&rs=AOn4CLAEibkRs7d-Fx2kaG2OomHBn2BfZQ", "height": 138, "width": 246}, {"url": "https://i.ytimg.com/vi/V1vHZDLZHyE/hqdefault.jpg?sqp=-oaymwEcCNACELwBSFXyq4qpAw4IARUAAIhCGAFwAcABBg==&rs=AOn4CLDKmpf05m1i43WWaur8ltCt4vGMxg", "height": 188, "width": 336}], "timestamp": null, "release_timestamp": null, "availability": null, "view_count": 4900000, "live_status": null, "channel_is_verified": null, "__x_forwarded_for_ip": null}, {"_type": "url", "ie_key": "Youtube", "id": "FVjt2fCM0h8", "url": "https://www.youtube.com/watch?v=FVjt2fCM0h8", "title": "Style Theory: Is TikTok Shop the Next Amazon?", "description": null, "duration": 1223, "channel_id": "UCd4t3EEUy0LUOM4MTdjpNHA", "channel": "The Style Theorists", "channel_url": "https://www.youtube.com/channel/UCd4t3EEUy0LUOM4MTdjpNHA", "uploader": "The Style Theorists", "uploader_id": "@StyleTheorists", "uploader_url": "https://www.youtube.com/@StyleTheorists", "thumbnails": [{"url": "https://i.ytimg.com/vi/FVjt2fCM0h8/hqdefault.jpg?sqp=-oaymwEbCKgBEF5IVfKriqkDDggBFQAAiEIYAXABwAEG&rs=AOn4CLBMPoViDrLqoupt6K3Jnph1ev_4XA", "height": 94, "width": 168}, {"url": "https://i.ytimg.com/vi/FVjt2fCM0h8/hqdefault.jpg?sqp=-oaymwEbCMQBEG5IVfKriqkDDggBFQAAiEIYAXABwAEG&rs=AOn4CLDA58ZeiPoHuKxq-nJC3T8UgYytyA", "height": 110, "width": 196}, {"url": "https://i.ytimg.com/vi/FVjt2fCM0h8/hqdefault.jpg?sqp=-oaymwEcCPYBEIoBSFXyq4qpAw4IARUAAIhCGAFwAcABBg==&rs=AOn4CLA05iyIMyTcfVSczKsv-OupxnKKbg", "height": 138, "width": 246}, {"url": "https://i.ytimg.com/vi/FVjt2fCM0h8/hqdefault.jpg?sqp=-oaymwEcCNACELwBSFXyq4qpAw4IARUAAIhCGAFwAcABBg==&rs=AOn4CLA--ZU5H7GprPRiY2eE-GL6u96njQ", "height": 188, "width": 336}], "timestamp": null, "release_timestamp": null, "availability": null, "view_count": 1100000, "live_status": null, "channel_is_verified": null, "__x_forwarded_for_ip": null}, {"_type": "url", "ie_key": "Youtube", "id": "2mur356rZ6g", "url": "https://www.youtube.com/watch?v=2mur356rZ6g", "title": "I SURPRISED NELSON & LAVAR WITH CHRISTMAS GIFTS!", "description": null, "duration": 1251, "channel_id": "UCkNB_lQah9MLniBLlk97iBw", "channel": "Cam Wilder", "channel_url": "https://www.youtube.com/channel/UCkNB_lQah9MLniBLlk97iBw", "uploader": "Cam Wilder", "uploader_id": "@CamWilder", "uploader_url": "https://www.youtube.com/@CamWilder", "thumbnails": [{"url": "https://i.ytimg.com/vi/2mur356rZ6g/hqdefault.jpg?sqp=-oaymwEbCKgBEF5IVfKriqkDDggBFQAAiEIYAXABwAEG&rs=AOn4CLDMjebhXf6CbOwR2_7upJ2pM1h1aw", "height": 94, "width": 168}, {"url": "https://i.ytimg.com/vi/2mur356rZ6g/hqdefault.jpg?sqp=-oaymwEbCMQBEG5IVfKriqkDDggBFQAAiEIYAXABwAEG&rs=AOn4CLAlRZQOG9YQEsP5fj7uPiqmv7iVYw", "height": 110, "width": 196}, {"url": "https://i.ytimg.com/vi/2mur356rZ6g/hqdefault.jpg?sqp=-oaymwEcCPYBEIoBSFXyq4qpAw4IARUAAIhCGAFwAcABBg==&rs=AOn4CLBpYdLjOwSDzs8XlS1qERdPmbXUbg", "height": 138, "width": 246}, {"url": "https://i.ytimg.com/vi/2mur356rZ6g/hqdefault.jpg?sqp=-oaymwEcCNACELwBSFXyq4qpAw4IARUAAIhCGAFwAcABBg==&rs=AOn4CLDvr3PTMbZ4xAPyVH2HXzcesnn5bA", "height": 188, "width": 336}], "timestamp": null, "release_timestamp": null, "availability": null, "view_count": 1700000, "live_status": null, "channel_is_verified": null, "__x_forwarded_for_ip": null}, {"_type": "url", "ie_key": "Youtube", "id": "FyJUNqBHxd8", "url": "https://www.youtube.com/watch?v=FyJUNqBHxd8", "title": "Santa bought me a car", "description": null, "duration": 821, "channel_id": "UCw24-aQvuVMP3C8gAduidPg", "channel": "madeline argy", "channel_url": "https://www.youtube.com/channel/UCw24-aQvuVMP3C8gAduidPg", "uploader": "madeline argy", "uploader_id": "@madelineargy", "uploader_url": "https://www.youtube.com/@madelineargy", "thumbnails": [{"url": "https://i.ytimg.com/vi/FyJUNqBHxd8/hqdefault.jpg?sqp=-oaymwEbCKgBEF5IVfKriqkDDggBFQAAiEIYAXABwAEG&rs=AOn4CLBZQ1Fxk6k3OfJBgjUvRfHlNMklFw", "height": 94, "width": 168}, {"url": "https://i.ytimg.com/vi/FyJUNqBHxd8/hqdefault.jpg?sqp=-oaymwEbCMQBEG5IVfKriqkDDggBFQAAiEIYAXABwAEG&rs=AOn4CLASngjNRmdnhJjpCu9vxZSbnK7lpQ", "height": 110, "width": 196}, {"url": "https://i.ytimg.com/vi/FyJUNqBHxd8/hqdefault.jpg?sqp=-oaymwEcCPYBEIoBSFXyq4qpAw4IARUAAIhCGAFwAcABBg==&rs=AOn4CLB59kbCX6XAHyQgJeCANZZ4yj1M_w", "height": 138, "width": 246}, {"url": "https://i.ytimg.com/vi/FyJUNqBHxd8/hqdefault.jpg?sqp=-oaymwEcCNACELwBSFXyq4qpAw4IARUAAIhCGAFwAcABBg==&rs=AOn4CLDTbV4anHnk5OAuYW4RWaaZZeIPmw", "height": 188, "width": 336}], "timestamp": null, "release_timestamp": null, "availability": null, "view_count": 704000, "live_status": null, "channel_is_verified": null, "__x_forwarded_for_ip": null}, {"_type": "url", "ie_key": "Youtube", "id": "jqeM-CWz2Eo", "url": "https://www.youtube.com/watch?v=jqeM-CWz2Eo", "title": "SpaceX Launches Falcon Heavy for the USSF-52 / X-37B Spaceplane", "description": null, "duration": 6363, "channel_id": "UCSUu1lih2RifWkKtDOJdsBA", "channel": "NASASpaceflight", "channel_url": "https://www.youtube.com/channel/UCSUu1lih2RifWkKtDOJdsBA", "uploader": "NASASpaceflight", "uploader_id": "@NASASpaceflight", "uploader_url": "https://www.youtube.com/@NASASpaceflight", "thumbnails": [{"url": "https://i.ytimg.com/vi/jqeM-CWz2Eo/hqdefault.jpg?sqp=-oaymwEbCKgBEF5IVfKriqkDDggBFQAAiEIYAXABwAEG&rs=AOn4CLByLQ0RoJkwaBa4zR5Zxr8xGuGAmg", "height": 94, "width": 168}, {"url": "https://i.ytimg.com/vi/jqeM-CWz2Eo/hqdefault.jpg?sqp=-oaymwEbCMQBEG5IVfKriqkDDggBFQAAiEIYAXABwAEG&rs=AOn4CLB9-iP5Ya2Xt4PMUYEOZrJr5eGBzg", "height": 110, "width": 196}, {"url": "https://i.ytimg.com/vi/jqeM-CWz2Eo/hqdefault.jpg?sqp=-oaymwEcCPYBEIoBSFXyq4qpAw4IARUAAIhCGAFwAcABBg==&rs=AOn4CLAEul_NVbwZwl9_WCkoPFYqQwDM1w", "height": 138, "width": 246}, {"url": "https://i.ytimg.com/vi/jqeM-CWz2Eo/hqdefault.jpg?sqp=-oaymwEcCNACELwBSFXyq4qpAw4IARUAAIhCGAFwAcABBg==&rs=AOn4CLD-kgyClj4IqAWc2BWtTGTQhKF63g", "height": 188, "width": 336}], "timestamp": null, "release_timestamp": null, "availability": null, "view_count": 450000, "live_status": "was_live", "channel_is_verified": null, "__x_forwarded_for_ip": null}, {"_type": "url", "ie_key": "Youtube", "id": "GVGVJKlzbUg", "url": "https://www.youtube.com/watch?v=GVGVJKlzbUg", "title": "I built a LEGO Zoo SKYSCRAPER!", "description": null, "duration": 689, "channel_id": "UCJ2GvhrAJ2GQVPZ0auza4vw", "channel": "The B3", "channel_url": "https://www.youtube.com/channel/UCJ2GvhrAJ2GQVPZ0auza4vw", "uploader": "The B3", "uploader_id": "@TheB3", "uploader_url": "https://www.youtube.com/@TheB3", "thumbnails": [{"url": "https://i.ytimg.com/vi/GVGVJKlzbUg/hqdefault.jpg?sqp=-oaymwEbCKgBEF5IVfKriqkDDggBFQAAiEIYAXABwAEG&rs=AOn4CLCbdiKwD3w-9NPSu5JjF7CAIQyR6A", "height": 94, "width": 168}, {"url": "https://i.ytimg.com/vi/GVGVJKlzbUg/hqdefault.jpg?sqp=-oaymwEbCMQBEG5IVfKriqkDDggBFQAAiEIYAXABwAEG&rs=AOn4CLAUCKUINWnEWTAvCF-VhvUG2gw_AA", "height": 110, "width": 196}, {"url": "https://i.ytimg.com/vi/GVGVJKlzbUg/hqdefault.jpg?sqp=-oaymwEcCPYBEIoBSFXyq4qpAw4IARUAAIhCGAFwAcABBg==&rs=AOn4CLCUYddV7-wugVtMm3T8rVJG41L79w", "height": 138, "width": 246}, {"url": "https://i.ytimg.com/vi/GVGVJKlzbUg/hqdefault.jpg?sqp=-oaymwEcCNACELwBSFXyq4qpAw4IARUAAIhCGAFwAcABBg==&rs=AOn4CLBcwcOKpf7bSI3qdVOwbH6uInZX6g", "height": 188, "width": 336}], "timestamp": null, "release_timestamp": null, "availability": null, "view_count": 16000000, "live_status": null, "channel_is_verified": null, "__x_forwarded_for_ip": null}, {"_type": "url", "ie_key": "Youtube", "id": "1UqGCGrj_pY", "url": "https://www.youtube.com/watch?v=1UqGCGrj_pY", "title": "Aquaman and the Lost Kingdom Pitch Meeting", "description": null, "duration": 315, "channel_id": "UC9Kq-yEt1iYsbUzNOoIRK0g", "channel": "Pitch Meeting", "channel_url": "https://www.youtube.com/channel/UC9Kq-yEt1iYsbUzNOoIRK0g", "uploader": "Pitch Meeting", "uploader_id": "@PitchMeetings", "uploader_url": "https://www.youtube.com/@PitchMeetings", "thumbnails": [{"url": "https://i.ytimg.com/vi/1UqGCGrj_pY/hqdefault.jpg?sqp=-oaymwEbCKgBEF5IVfKriqkDDggBFQAAiEIYAXABwAEG&rs=AOn4CLALHz1Fs8Qipv_yGJDMFyTfmAPYOg", "height": 94, "width": 168}, {"url": "https://i.ytimg.com/vi/1UqGCGrj_pY/hqdefault.jpg?sqp=-oaymwEbCMQBEG5IVfKriqkDDggBFQAAiEIYAXABwAEG&rs=AOn4CLAkYNmY3k5HZepdzs280x58yoTWcA", "height": 110, "width": 196}, {"url": "https://i.ytimg.com/vi/1UqGCGrj_pY/hqdefault.jpg?sqp=-oaymwEcCPYBEIoBSFXyq4qpAw4IARUAAIhCGAFwAcABBg==&rs=AOn4CLAxg60DS1Fkf_ePHWrwI9HQ7_Y8-w", "height": 138, "width": 246}, {"url": "https://i.ytimg.com/vi/1UqGCGrj_pY/hqdefault.jpg?sqp=-oaymwEcCNACELwBSFXyq4qpAw4IARUAAIhCGAFwAcABBg==&rs=AOn4CLA-0MIBw9iSISQiiMQFV_6xyMb-4A", "height": 188, "width": 336}], "timestamp": null, "release_timestamp": null, "availability": null, "view_count": 1500000, "live_status": null, "channel_is_verified": null, "__x_forwarded_for_ip": null}, {"_type": "url", "ie_key": "Youtube", "id": "2-he6twMEF0", "url": "https://www.youtube.com/watch?v=2-he6twMEF0", "title": "Cynthia Erivo performs \"Alfie\" for Dionne Warwick | 46th Kennedy Center Honors", "description": null, "duration": 214, "channel_id": "UCeJesXuEK5ERsyh-0DvM4PQ", "channel": "The Trump Kennedy Center", "channel_url": "https://www.youtube.com/channel/UCeJesXuEK5ERsyh-0DvM4PQ", "uploader": "The Trump Kennedy Center", "uploader_id": "@kennedycenter", "uploader_url": "https://www.youtube.com/@kennedycenter", "thumbnails": [{"url": "https://i.ytimg.com/vi/2-he6twMEF0/hqdefault.jpg?sqp=-oaymwEbCKgBEF5IVfKriqkDDggBFQAAiEIYAXABwAEG&rs=AOn4CLDwZhs7GI1GSUArKKBbghvqyQqu1A", "height": 94, "width": 168}, {"url": "https://i.ytimg.com/vi/2-he6twMEF0/hqdefault.jpg?sqp=-oaymwEbCMQBEG5IVfKriqkDDggBFQAAiEIYAXABwAEG&rs=AOn4CLCEyYkasYl4F_ZhnqbckDlylGg3sA", "height": 110, "width": 196}, {"url": "https://i.ytimg.com/vi/2-he6twMEF0/hqdefault.jpg?sqp=-oaymwEcCPYBEIoBSFXyq4qpAw4IARUAAIhCGAFwAcABBg==&rs=AOn4CLCTxi_d18BfoZFOyjhJbMzQGq25oQ", "height": 138, "width": 246}, {"url": "https://i.ytimg.com/vi/2-he6twMEF0/hqdefault.jpg?sqp=-oaymwEcCNACELwBSFXyq4qpAw4IARUAAIhCGAFwAcABBg==&rs=AOn4CLDb9wf9An9ulk895MEf4Vknlg3Iag", "height": 188, "width": 336}], "timestamp": null, "release_timestamp": null, "availability": null, "view_count": 8000000, "live_status": null, "channel_is_verified": null, "__x_forwarded_for_ip": null}, {"_type": "url", "ie_key": "Youtube", "id": "IrIb7RSJL2I", "url": "https://www.youtube.com/watch?v=IrIb7RSJL2I", "title": "MY BREAKFAST SANDWICH PHILOSOPHY: a cooking video", "description": null, "duration": 1202, "channel_id": "UCakAg8hC_RFJm4RI3DlD7SA", "channel": "brian david gilbert", "channel_url": "https://www.youtube.com/channel/UCakAg8hC_RFJm4RI3DlD7SA", "uploader": "brian david gilbert", "uploader_id": "@briandavidgilbert", "uploader_url": "https://www.youtube.com/@briandavidgilbert", "thumbnails": [{"url": "https://i.ytimg.com/vi/IrIb7RSJL2I/hqdefault.jpg?sqp=-oaymwEbCKgBEF5IVfKriqkDDggBFQAAiEIYAXABwAEG&rs=AOn4CLCDbDxZ5joQvdUFMAsAEHAzTGt49A", "height": 94, "width": 168}, {"url": "https://i.ytimg.com/vi/IrIb7RSJL2I/hqdefault.jpg?sqp=-oaymwEbCMQBEG5IVfKriqkDDggBFQAAiEIYAXABwAEG&rs=AOn4CLBlja6hknjDmsebCIrFUaEF0hlDFg", "height": 110, "width": 196}, {"url": "https://i.ytimg.com/vi/IrIb7RSJL2I/hqdefault.jpg?sqp=-oaymwEcCPYBEIoBSFXyq4qpAw4IARUAAIhCGAFwAcABBg==&rs=AOn4CLB1wtGWFtwyWkG59yYlGD7Znrf1OQ", "height": 138, "width": 246}, {"url": "https://i.ytimg.com/vi/IrIb7RSJL2I/hqdefault.jpg?sqp=-oaymwEcCNACELwBSFXyq4qpAw4IARUAAIhCGAFwAcABBg==&rs=AOn4CLCV1bgYE7z72vgczIwaKjB6r4Frrw", "height": 188, "width": 336}], "timestamp": null, "release_timestamp": null, "availability": null, "view_count": 1100000, "live_status": null, "channel_is_verified": null, "__x_forwarded_for_ip": null}, {"_type": "url", "ie_key": "Youtube", "id": "S_vc04fveGc", "url": "https://www.youtube.com/watch?v=S_vc04fveGc", "title": "Everything That's Changed With Nine of Our Most Popular Videos", "description": null, "duration": 1702, "channel_id": "UC9RM-iSvTu1uPJb8X5yp3EQ", "channel": "Wendover Productions", "channel_url": "https://www.youtube.com/channel/UC9RM-iSvTu1uPJb8X5yp3EQ", "uploader": "Wendover Productions", "uploader_id": "@Wendoverproductions", "uploader_url": "https://www.youtube.com/@Wendoverproductions", "thumbnails": [{"url": "https://i.ytimg.com/vi/S_vc04fveGc/hqdefault.jpg?sqp=-oaymwEbCKgBEF5IVfKriqkDDggBFQAAiEIYAXABwAEG&rs=AOn4CLA3Bd81jmdnVmxdnhAe2jQavJThBg", "height": 94, "width": 168}, {"url": "https://i.ytimg.com/vi/S_vc04fveGc/hqdefault.jpg?sqp=-oaymwEbCMQBEG5IVfKriqkDDggBFQAAiEIYAXABwAEG&rs=AOn4CLA3GBtX6xBYyyLoW0LAr9XLSoPG1Q", "height": 110, "width": 196}, {"url": "https://i.ytimg.com/vi/S_vc04fveGc/hqdefault.jpg?sqp=-oaymwEcCPYBEIoBSFXyq4qpAw4IARUAAIhCGAFwAcABBg==&rs=AOn4CLCQOvYg8iVBrNFQi78cpNP1OUYZzA", "height": 138, "width": 246}, {"url": "https://i.ytimg.com/vi/S_vc04fveGc/hqdefault.jpg?sqp=-oaymwEcCNACELwBSFXyq4qpAw4IARUAAIhCGAFwAcABBg==&rs=AOn4CLC1-qY-aecZjeo1nSfBU6HntBzk6Q", "height": 188, "width": 336}], "timestamp": null, "release_timestamp": null, "availability": null, "view_count": 790000, "live_status": null, "channel_is_verified": null, "__x_forwarded_for_ip": null}, {"_type": "url", "ie_key": "Youtube", "id": "UyFb45x_zgA", "url": "https://www.youtube.com/watch?v=UyFb45x_zgA", "title": "Tommy Smothers Walks Out As Johnny | Carson Tonight Show", "description": null, "duration": 804, "channel_id": "UC7McHNOsrUL2fRxTB_xvgRQ", "channel": "Johnny Carson", "channel_url": "https://www.youtube.com/channel/UC7McHNOsrUL2fRxTB_xvgRQ", "uploader": "Johnny Carson", "uploader_id": "@johnnycarson", "uploader_url": "https://www.youtube.com/@johnnycarson", "thumbnails": [{"url": "https://i.ytimg.com/vi/UyFb45x_zgA/hqdefault.jpg?sqp=-oaymwEbCKgBEF5IVfKriqkDDggBFQAAiEIYAXABwAEG&rs=AOn4CLBPPUxdjMNkHBkhoWBit3QAru5uzw", "height": 94, "width": 168}, {"url": "https://i.ytimg.com/vi/UyFb45x_zgA/hqdefault.jpg?sqp=-oaymwEbCMQBEG5IVfKriqkDDggBFQAAiEIYAXABwAEG&rs=AOn4CLCNNIkSUFXdnHzEsd32vaR3zh5tmQ", "height": 110, "width": 196}, {"url": "https://i.ytimg.com/vi/UyFb45x_zgA/hqdefault.jpg?sqp=-oaymwEcCPYBEIoBSFXyq4qpAw4IARUAAIhCGAFwAcABBg==&rs=AOn4CLAVqguQfBdioQe7Rv1zZqEeF1ab4Q", "height": 138, "width": 246}, {"url": "https://i.ytimg.com/vi/UyFb45x_zgA/hqdefault.jpg?sqp=-oaymwEcCNACELwBSFXyq4qpAw4IARUAAIhCGAFwAcABBg==&rs=AOn4CLAqNKQVforTjntNVWfFIyWViHiRGQ", "height": 188, "width": 336}], "timestamp": null, "release_timestamp": null, "availability": null, "view_count": 3100000, "live_status": null, "channel_is_verified": null, "__x_forwarded_for_ip": null}, {"_type": "url", "ie_key": "Youtube", "id": "Df0cZH2hWd8", "url": "https://www.youtube.com/watch?v=Df0cZH2hWd8", "title": "I Turned Video Games Into LEGO...", "description": null, "duration": 595, "channel_id": "UCojEXrCBzO-cP2N5YlRcrWw", "channel": "Daniel Krafft", "channel_url": "https://www.youtube.com/channel/UCojEXrCBzO-cP2N5YlRcrWw", "uploader": "Daniel Krafft", "uploader_id": "@DanielKrafft", "uploader_url": "https://www.youtube.com/@DanielKrafft", "thumbnails": [{"url": "https://i.ytimg.com/vi/Df0cZH2hWd8/hqdefault.jpg?sqp=-oaymwEbCKgBEF5IVfKriqkDDggBFQAAiEIYAXABwAEG&rs=AOn4CLD7Wquml8tZpMB5Gi4BXrZ4FF94fg", "height": 94, "width": 168}, {"url": "https://i.ytimg.com/vi/Df0cZH2hWd8/hqdefault.jpg?sqp=-oaymwEbCMQBEG5IVfKriqkDDggBFQAAiEIYAXABwAEG&rs=AOn4CLDKTAz71ioNZj_E6Fh2xQ9KUL1mNA", "height": 110, "width": 196}, {"url": "https://i.ytimg.com/vi/Df0cZH2hWd8/hqdefault.jpg?sqp=-oaymwEcCPYBEIoBSFXyq4qpAw4IARUAAIhCGAFwAcABBg==&rs=AOn4CLCNqQd3WmVb0ZxohfE5tuRZ4r2PZA", "height": 138, "width": 246}, {"url": "https://i.ytimg.com/vi/Df0cZH2hWd8/hqdefault.jpg?sqp=-oaymwEcCNACELwBSFXyq4qpAw4IARUAAIhCGAFwAcABBg==&rs=AOn4CLCKAugPhgkrp_O9Kj0A6cAKfg6k8w", "height": 188, "width": 336}], "timestamp": null, "release_timestamp": null, "availability": null, "view_count": 2900000, "live_status": null, "channel_is_verified": null, "__x_forwarded_for_ip": null}, {"_type": "url", "ie_key": "Youtube", "id": "veOKnb2Rxhg", "url": "https://www.youtube.com/watch?v=veOKnb2Rxhg", "title": "The Best Movies of 2023", "description": null, "duration": 845, "channel_id": "UCCqEeDAUf4Mg0GgEN658tkA", "channel": "Chris Stuckmann", "channel_url": "https://www.youtube.com/channel/UCCqEeDAUf4Mg0GgEN658tkA", "uploader": "Chris Stuckmann", "uploader_id": "@ChrisStuckmann", "uploader_url": "https://www.youtube.com/@ChrisStuckmann", "thumbnails": [{"url": "https://i.ytimg.com/vi/veOKnb2Rxhg/hqdefault.jpg?sqp=-oaymwEbCKgBEF5IVfKriqkDDggBFQAAiEIYAXABwAEG&rs=AOn4CLDpaJiRfr07XrOKLsdFarsOg6ZFHQ", "height": 94, "width": 168}, {"url": "https://i.ytimg.com/vi/veOKnb2Rxhg/hqdefault.jpg?sqp=-oaymwEbCMQBEG5IVfKriqkDDggBFQAAiEIYAXABwAEG&rs=AOn4CLBcarG3i2PaP48Z7QbasL9TY4crMw", "height": 110, "width": 196}, {"url": "https://i.ytimg.com/vi/veOKnb2Rxhg/hqdefault.jpg?sqp=-oaymwEcCPYBEIoBSFXyq4qpAw4IARUAAIhCGAFwAcABBg==&rs=AOn4CLBWhQ6h_8-x4woGLMDyk4VjWeQC9Q", "height": 138, "width": 246}, {"url": "https://i.ytimg.com/vi/veOKnb2Rxhg/hqdefault.jpg?sqp=-oaymwEcCNACELwBSFXyq4qpAw4IARUAAIhCGAFwAcABBg==&rs=AOn4CLAx2PJD_d2Ky4jtd--ChHXGedKveA", "height": 188, "width": 336}], "timestamp": null, "release_timestamp": null, "availability": null, "view_count": 733000, "live_status": null, "channel_is_verified": null, "__x_forwarded_for_ip": null}, {"_type": "url", "ie_key": "Youtube", "id": "EQ3ySRjKhvE", "url": "https://www.youtube.com/watch?v=EQ3ySRjKhvE", "title": "Trying The Most VIRAL Makeup Hacks of 2023! | NikkieTutorials", "description": null, "duration": 1194, "channel_id": "UCzTKskwIc_-a0cGvCXA848Q", "channel": "NikkieTutorials", "channel_url": "https://www.youtube.com/channel/UCzTKskwIc_-a0cGvCXA848Q", "uploader": "NikkieTutorials", "uploader_id": "@nikkietutorials", "uploader_url": "https://www.youtube.com/@nikkietutorials", "thumbnails": [{"url": "https://i.ytimg.com/vi/EQ3ySRjKhvE/hqdefault.jpg?sqp=-oaymwEbCKgBEF5IVfKriqkDDggBFQAAiEIYAXABwAEG&rs=AOn4CLA52uIyBH3FlmdNN63dHQtecKLR8w", "height": 94, "width": 168}, {"url": "https://i.ytimg.com/vi/EQ3ySRjKhvE/hqdefault.jpg?sqp=-oaymwEbCMQBEG5IVfKriqkDDggBFQAAiEIYAXABwAEG&rs=AOn4CLBwQZSKs4LVER5GZpsFL3nVad0x2Q", "height": 110, "width": 196}, {"url": "https://i.ytimg.com/vi/EQ3ySRjKhvE/hqdefault.jpg?sqp=-oaymwEcCPYBEIoBSFXyq4qpAw4IARUAAIhCGAFwAcABBg==&rs=AOn4CLAf1Nkibke5anR6CH-6MqxY1w9MkA", "height": 138, "width": 246}, {"url": "https://i.ytimg.com/vi/EQ3ySRjKhvE/hqdefault.jpg?sqp=-oaymwEcCNACELwBSFXyq4qpAw4IARUAAIhCGAFwAcABBg==&rs=AOn4CLBDI352jnidXqYrj7HywSjMyZefGQ", "height": 188, "width": 336}], "timestamp": null, "release_timestamp": null, "availability": null, "view_count": 1400000, "live_status": null, "channel_is_verified": null, "__x_forwarded_for_ip": null}, {"_type": "url", "ie_key": "Youtube", "id": "9RhWXPcKBI8", "url": "https://www.youtube.com/watch?v=9RhWXPcKBI8", "title": "Survive 100 Days Trapped, Win $500,000", "description": null, "duration": 1628, "channel_id": "UCX6OQ3DkcsbYNE6H8uQQuVA", "channel": "MrBeast", "channel_url": "https://www.youtube.com/channel/UCX6OQ3DkcsbYNE6H8uQQuVA", "uploader": "MrBeast", "uploader_id": "@MrBeast", "uploader_url": "https://www.youtube.com/@MrBeast", "thumbnails": [{"url": "https://i.ytimg.com/vi/9RhWXPcKBI8/hqdefault.jpg?sqp=-oaymwEbCKgBEF5IVfKriqkDDggBFQAAiEIYAXABwAEG&rs=AOn4CLCQLq80lGkN_I72uVXWmRMbyNmWew", "height": 94, "width": 168}, {"url": "https://i.ytimg.com/vi/9RhWXPcKBI8/hqdefault.jpg?sqp=-oaymwEbCMQBEG5IVfKriqkDDggBFQAAiEIYAXABwAEG&rs=AOn4CLAF0xsUNbZeiai_6iaXCxluiAZ33A", "height": 110, "width": 196}, {"url": "https://i.ytimg.com/vi/9RhWXPcKBI8/hqdefault.jpg?sqp=-oaymwEcCPYBEIoBSFXyq4qpAw4IARUAAIhCGAFwAcABBg==&rs=AOn4CLAkeDS-D-kUWJxXJNMAaN0tLjMHfA", "height": 138, "width": 246}, {"url": "https://i.ytimg.com/vi/9RhWXPcKBI8/hqdefault.jpg?sqp=-oaymwEcCNACELwBSFXyq4qpAw4IARUAAIhCGAFwAcABBg==&rs=AOn4CLDUilHbCoEZPhEP2n86vPzanO2UGg", "height": 188, "width": 336}], "timestamp": null, "release_timestamp": null, "availability": null, "view_count": 442000000, "live_status": null, "channel_is_verified": null, "__x_forwarded_for_ip": null}, {"_type": "url", "ie_key": "Youtube", "id": "f6bjO-3p7Kw", "url": "https://www.youtube.com/watch?v=f6bjO-3p7Kw", "title": "SURPRISING THE SIDEMEN FOR CHRISTMAS", "description": null, "duration": 698, "channel_id": "UCfNWN9s_s8kRTCadk04WWJA", "channel": "TBJZL", "channel_url": "https://www.youtube.com/channel/UCfNWN9s_s8kRTCadk04WWJA", "uploader": "TBJZL", "uploader_id": "@TBJZL", "uploader_url": "https://www.youtube.com/@TBJZL", "thumbnails": [{"url": "https://i.ytimg.com/vi/f6bjO-3p7Kw/hqdefault.jpg?sqp=-oaymwEbCKgBEF5IVfKriqkDDggBFQAAiEIYAXABwAEG&rs=AOn4CLAGA_cxgKhxQSZIOOaxv3af5XVxLA", "height": 94, "width": 168}, {"url": "https://i.ytimg.com/vi/f6bjO-3p7Kw/hqdefault.jpg?sqp=-oaymwEbCMQBEG5IVfKriqkDDggBFQAAiEIYAXABwAEG&rs=AOn4CLBysSU6ojYegSPvKJH2QxDqKMCXkA", "height": 110, "width": 196}, {"url": "https://i.ytimg.com/vi/f6bjO-3p7Kw/hqdefault.jpg?sqp=-oaymwEcCPYBEIoBSFXyq4qpAw4IARUAAIhCGAFwAcABBg==&rs=AOn4CLA36d6dkPcJ4gILQK7FADdr-kKncw", "height": 138, "width": 246}, {"url": "https://i.ytimg.com/vi/f6bjO-3p7Kw/hqdefault.jpg?sqp=-oaymwEcCNACELwBSFXyq4qpAw4IARUAAIhCGAFwAcABBg==&rs=AOn4CLCUmk3EZPxtSqxar1vFvP5eT4AtOQ", "height": 188, "width": 336}], "timestamp": null, "release_timestamp": null, "availability": null, "view_count": 2000000, "live_status": null, "channel_is_verified": null, "__x_forwarded_for_ip": null}, {"_type": "url", "ie_key": "Youtube", "id": "0w8YpBjsW6Y", "url": "https://www.youtube.com/watch?v=0w8YpBjsW6Y", "title": "I Tried The Best Pizza In America", "description": null, "duration": 1213, "channel_id": "UChBEbMKI1eCcejTtmI32UEw", "channel": "Joshua Weissman", "channel_url": "https://www.youtube.com/channel/UChBEbMKI1eCcejTtmI32UEw", "uploader": "Joshua Weissman", "uploader_id": "@JoshuaWeissman", "uploader_url": "https://www.youtube.com/@JoshuaWeissman", "thumbnails": [{"url": "https://i.ytimg.com/vi/0w8YpBjsW6Y/hqdefault.jpg?sqp=-oaymwEbCKgBEF5IVfKriqkDDggBFQAAiEIYAXABwAEG&rs=AOn4CLAA_KinjJq6AekFrv1MQPb8CjgSEA", "height": 94, "width": 168}, {"url": "https://i.ytimg.com/vi/0w8YpBjsW6Y/hqdefault.jpg?sqp=-oaymwEbCMQBEG5IVfKriqkDDggBFQAAiEIYAXABwAEG&rs=AOn4CLDdWhigqueBsZJ4LyOq6QE3XuzOQQ", "height": 110, "width": 196}, {"url": "https://i.ytimg.com/vi/0w8YpBjsW6Y/hqdefault.jpg?sqp=-oaymwEcCPYBEIoBSFXyq4qpAw4IARUAAIhCGAFwAcABBg==&rs=AOn4CLAmEICgzVwvtv83JzME4KFJh8OZiw", "height": 138, "width": 246}, {"url": "https://i.ytimg.com/vi/0w8YpBjsW6Y/hqdefault.jpg?sqp=-oaymwEcCNACELwBSFXyq4qpAw4IARUAAIhCGAFwAcABBg==&rs=AOn4CLANjOJPXzhMvuQEPlYa-QZt9BY9jg", "height": 188, "width": 336}], "timestamp": null, "release_timestamp": null, "availability": null, "view_count": 5000000, "live_status": null, "channel_is_verified": null, "__x_forwarded_for_ip": null}, {"_type": "url", "ie_key": "Youtube", "id": "q4kF83sWp0I", "url": "https://www.youtube.com/watch?v=q4kF83sWp0I", "title": "Can You Beat an AI Generated Escape Room?", "description": null, "duration": 1368, "channel_id": "UCiVJZlfcmWMUiXv5oywnDhQ", "channel": "Wifies", "channel_url": "https://www.youtube.com/channel/UCiVJZlfcmWMUiXv5oywnDhQ", "uploader": "Wifies", "uploader_id": "@Wifies", "uploader_url": "https://www.youtube.com/@Wifies", "thumbnails": [{"url": "https://i.ytimg.com/vi/q4kF83sWp0I/hqdefault.jpg?sqp=-oaymwEbCKgBEF5IVfKriqkDDggBFQAAiEIYAXABwAEG&rs=AOn4CLAgE8AtqOXlAsGJiAJBLV9sOL48ow", "height": 94, "width": 168}, {"url": "https://i.ytimg.com/vi/q4kF83sWp0I/hqdefault.jpg?sqp=-oaymwEbCMQBEG5IVfKriqkDDggBFQAAiEIYAXABwAEG&rs=AOn4CLCEapoR4P8q5ndM1Cblp2L8wxQsUA", "height": 110, "width": 196}, {"url": "https://i.ytimg.com/vi/q4kF83sWp0I/hqdefault.jpg?sqp=-oaymwEcCPYBEIoBSFXyq4qpAw4IARUAAIhCGAFwAcABBg==&rs=AOn4CLDKWUbMNv2B7I8ND36pzFfbrYpjwA", "height": 138, "width": 246}, {"url": "https://i.ytimg.com/vi/q4kF83sWp0I/hqdefault.jpg?sqp=-oaymwEcCNACELwBSFXyq4qpAw4IARUAAIhCGAFwAcABBg==&rs=AOn4CLBZgO1P1KQdY5nn7RDObCnawqVIDQ", "height": 188, "width": 336}], "timestamp": null, "release_timestamp": null, "availability": null, "view_count": 2300000, "live_status": null, "channel_is_verified": null, "__x_forwarded_for_ip": null}, {"_type": "url", "ie_key": "Youtube", "id": "FVahAjp5_yM", "url": "https://www.youtube.com/watch?v=FVahAjp5_yM", "title": "No. 15 Louisville Cardinals vs. USC Trojans Highlights | CFB on FOX", "description": null, "duration": 637, "channel_id": "UCpwix-O6ceqMgdxhqIynzFA", "channel": "CFB ON FOX", "channel_url": "https://www.youtube.com/channel/UCpwix-O6ceqMgdxhqIynzFA", "uploader": "CFB ON FOX", "uploader_id": "@CFBonFOX", "uploader_url": "https://www.youtube.com/@CFBonFOX", "thumbnails": [{"url": "https://i.ytimg.com/vi/FVahAjp5_yM/hqdefault.jpg?sqp=-oaymwEbCKgBEF5IVfKriqkDDggBFQAAiEIYAXABwAEG&rs=AOn4CLAolcknEK6QiU8Wwl4zedp3OS5CSQ", "height": 94, "width": 168}, {"url": "https://i.ytimg.com/vi/FVahAjp5_yM/hqdefault.jpg?sqp=-oaymwEbCMQBEG5IVfKriqkDDggBFQAAiEIYAXABwAEG&rs=AOn4CLDnP-ogtc8U6OBZ8YPZQSs41OIkZA", "height": 110, "width": 196}, {"url": "https://i.ytimg.com/vi/FVahAjp5_yM/hqdefault.jpg?sqp=-oaymwEcCPYBEIoBSFXyq4qpAw4IARUAAIhCGAFwAcABBg==&rs=AOn4CLDUQqKKQGNSXaDLRHJlhZbD8EnLLw", "height": 138, "width": 246}, {"url": "https://i.ytimg.com/vi/FVahAjp5_yM/hqdefault.jpg?sqp=-oaymwEcCNACELwBSFXyq4qpAw4IARUAAIhCGAFwAcABBg==&rs=AOn4CLDc0X5ZPTKQ9FyOqoFcGqEuKjZnZA", "height": 188, "width": 336}], "timestamp": null, "release_timestamp": null, "availability": null, "view_count": 526000, "live_status": null, "channel_is_verified": null, "__x_forwarded_for_ip": null}, {"_type": "url", "ie_key": "Youtube", "id": "3xjT-v7U8eE", "url": "https://www.youtube.com/watch?v=3xjT-v7U8eE", "title": "USHER, H.E.R. - Risk It All (Official Music Video)", "description": null, "duration": 206, "channel_id": "UCaNrhBiXsXIM2epDl_kEzgQ", "channel": "Usher", "channel_url": "https://www.youtube.com/channel/UCaNrhBiXsXIM2epDl_kEzgQ", "uploader": "Usher", "uploader_id": null, "uploader_url": null, "thumbnails": [{"url": "https://i.ytimg.com/vi/3xjT-v7U8eE/hqdefault.jpg?sqp=-oaymwEbCKgBEF5IVfKriqkDDggBFQAAiEIYAXABwAEG&rs=AOn4CLC457ZZJVUbJ1dcg82BhdK4WPhADg", "height": 94, "width": 168}, {"url": "https://i.ytimg.com/vi/3xjT-v7U8eE/hqdefault.jpg?sqp=-oaymwEbCMQBEG5IVfKriqkDDggBFQAAiEIYAXABwAEG&rs=AOn4CLBUUf_o48LEqtl0iPxn9K0yk3rpBQ", "height": 110, "width": 196}, {"url": "https://i.ytimg.com/vi/3xjT-v7U8eE/hqdefault.jpg?sqp=-oaymwEcCPYBEIoBSFXyq4qpAw4IARUAAIhCGAFwAcABBg==&rs=AOn4CLD3BZlvy7tnO3aki0tpw9tgjA65jg", "height": 138, "width": 246}, {"url": "https://i.ytimg.com/vi/3xjT-v7U8eE/hqdefault.jpg?sqp=-oaymwEcCNACELwBSFXyq4qpAw4IARUAAIhCGAFwAcABBg==&rs=AOn4CLAmR6uGYDqoiOYBC4lo8uFKgzGWNQ", "height": 188, "width": 336}], "timestamp": null, "release_timestamp": null, "availability": null, "view_count": 7900000, "live_status": null, "channel_is_verified": null, "__x_forwarded_for_ip": null}, {"_type": "url", "ie_key": "Youtube", "id": "fOLNEQDflP8", "url": "https://www.youtube.com/watch?v=fOLNEQDflP8", "title": "I Tried Dumb TikTok Advice to Rank Up...", "description": null, "duration": 805, "channel_id": "UCFmhLDjF1bB6-rbv9TBqeQg", "channel": "Milo", "channel_url": "https://www.youtube.com/channel/UCFmhLDjF1bB6-rbv9TBqeQg", "uploader": "Milo", "uploader_id": "@akaMilo", "uploader_url": "https://www.youtube.com/@akaMilo", "thumbnails": [{"url": "https://i.ytimg.com/vi/fOLNEQDflP8/hqdefault.jpg?sqp=-oaymwEbCKgBEF5IVfKriqkDDggBFQAAiEIYAXABwAEG&rs=AOn4CLCPogh7nf9X2tnjHshIHFjmkRQqIA", "height": 94, "width": 168}, {"url": "https://i.ytimg.com/vi/fOLNEQDflP8/hqdefault.jpg?sqp=-oaymwEbCMQBEG5IVfKriqkDDggBFQAAiEIYAXABwAEG&rs=AOn4CLD3zY5clrfxgpPcMMa69qU-Zc_QzA", "height": 110, "width": 196}, {"url": "https://i.ytimg.com/vi/fOLNEQDflP8/hqdefault.jpg?sqp=-oaymwEcCPYBEIoBSFXyq4qpAw4IARUAAIhCGAFwAcABBg==&rs=AOn4CLDIquKfRKIK4kSyqSnYxzyskgtt8g", "height": 138, "width": 246}, {"url": "https://i.ytimg.com/vi/fOLNEQDflP8/hqdefault.jpg?sqp=-oaymwEcCNACELwBSFXyq4qpAw4IARUAAIhCGAFwAcABBg==&rs=AOn4CLB451_85GFIOk54OB9ObK1mGAZZ5A", "height": 188, "width": 336}], "timestamp": null, "release_timestamp": null, "availability": null, "view_count": 3000000, "live_status": null, "channel_is_verified": null, "__x_forwarded_for_ip": null}, {"_type": "url", "ie_key": "Youtube", "id": "uqv-oC-Izi8", "url": "https://www.youtube.com/watch?v=uqv-oC-Izi8", "title": "SIDEMEN AMONG US BUT THE IMPOSTERS HAVE MAGIC POWERS", "description": null, "duration": 2815, "channel_id": "UCh5mLn90vUaB1PbRRx_AiaA", "channel": "MoreSidemen", "channel_url": "https://www.youtube.com/channel/UCh5mLn90vUaB1PbRRx_AiaA", "uploader": "MoreSidemen", "uploader_id": "@MoreSidemen", "uploader_url": "https://www.youtube.com/@MoreSidemen", "thumbnails": [{"url": "https://i.ytimg.com/vi/uqv-oC-Izi8/hqdefault.jpg?sqp=-oaymwEbCKgBEF5IVfKriqkDDggBFQAAiEIYAXABwAEG&rs=AOn4CLB7Puj0HdQX3j-w7uozZZmBOYF_BQ", "height": 94, "width": 168}, {"url": "https://i.ytimg.com/vi/uqv-oC-Izi8/hqdefault.jpg?sqp=-oaymwEbCMQBEG5IVfKriqkDDggBFQAAiEIYAXABwAEG&rs=AOn4CLD2SxkJ-qJLjfLi8_nYzRqhQw5SDQ", "height": 110, "width": 196}, {"url": "https://i.ytimg.com/vi/uqv-oC-Izi8/hqdefault.jpg?sqp=-oaymwEcCPYBEIoBSFXyq4qpAw4IARUAAIhCGAFwAcABBg==&rs=AOn4CLCi63aNr7rI-nHXt5CgKWLl-8YDHQ", "height": 138, "width": 246}, {"url": "https://i.ytimg.com/vi/uqv-oC-Izi8/hqdefault.jpg?sqp=-oaymwEcCNACELwBSFXyq4qpAw4IARUAAIhCGAFwAcABBg==&rs=AOn4CLAViaJZUQLVDfLWSf88vrqa_E7hbw", "height": 188, "width": 336}], "timestamp": null, "release_timestamp": null, "availability": null, "view_count": 15000000, "live_status": null, "channel_is_verified": null, "__x_forwarded_for_ip": null}, {"_type": "url", "ie_key": "Youtube", "id": "wqHqm6wuGTo", "url": "https://www.youtube.com/watch?v=wqHqm6wuGTo", "title": "In Loving Memory | Tom Smothers | 1937 - 2023 | If I Had A Ship", "description": null, "duration": 367, "channel_id": "UCA2QfK-lVdi2j3LCns0j7LQ", "channel": "The Smothers Brothers", "channel_url": "https://www.youtube.com/channel/UCA2QfK-lVdi2j3LCns0j7LQ", "uploader": "The Smothers Brothers", "uploader_id": "@TheSmothersBrothersShow", "uploader_url": "https://www.youtube.com/@TheSmothersBrothersShow", "thumbnails": [{"url": "https://i.ytimg.com/vi/wqHqm6wuGTo/hqdefault.jpg?sqp=-oaymwEbCKgBEF5IVfKriqkDDggBFQAAiEIYAXABwAEG&rs=AOn4CLAwg7FIsG34p9w7zNAquE2yf5LSHQ", "height": 94, "width": 168}, {"url": "https://i.ytimg.com/vi/wqHqm6wuGTo/hqdefault.jpg?sqp=-oaymwEbCMQBEG5IVfKriqkDDggBFQAAiEIYAXABwAEG&rs=AOn4CLAW-3EdqhYk6-wSHsXmG3qCJ-fHBQ", "height": 110, "width": 196}, {"url": "https://i.ytimg.com/vi/wqHqm6wuGTo/hqdefault.jpg?sqp=-oaymwEcCPYBEIoBSFXyq4qpAw4IARUAAIhCGAFwAcABBg==&rs=AOn4CLAcdqN9kJgXdmbmk4JFRYk-ffjqlQ", "height": 138, "width": 246}, {"url": "https://i.ytimg.com/vi/wqHqm6wuGTo/hqdefault.jpg?sqp=-oaymwEcCNACELwBSFXyq4qpAw4IARUAAIhCGAFwAcABBg==&rs=AOn4CLCHbDrBLo89KSOoiXtcJUm0RHxZ6Q", "height": 188, "width": 336}], "timestamp": null, "release_timestamp": null, "availability": null, "view_count": 970000, "live_status": null, "channel_is_verified": null, "__x_forwarded_for_ip": null}, {"_type": "url", "ie_key": "Youtube", "id": "4IVUEI6U-PU", "url": "https://www.youtube.com/watch?v=4IVUEI6U-PU", "title": "LOGAN PAUL - WHY 2023 WAS THE BEST YEAR OF MY LIFE", "description": null, "duration": 597, "channel_id": "UCG8rbF3g2AMX70yOd8vqIZg", "channel": "Logan Paul", "channel_url": "https://www.youtube.com/channel/UCG8rbF3g2AMX70yOd8vqIZg", "uploader": "Logan Paul", "uploader_id": "@loganpaulvlogs", "uploader_url": "https://www.youtube.com/@loganpaulvlogs", "thumbnails": [{"url": "https://i.ytimg.com/vi/4IVUEI6U-PU/hqdefault.jpg?sqp=-oaymwEbCKgBEF5IVfKriqkDDggBFQAAiEIYAXABwAEG&rs=AOn4CLBQKyCjnAtMF7DUg-45nccxMZ_oUQ", "height": 94, "width": 168}, {"url": "https://i.ytimg.com/vi/4IVUEI6U-PU/hqdefault.jpg?sqp=-oaymwEbCMQBEG5IVfKriqkDDggBFQAAiEIYAXABwAEG&rs=AOn4CLAJz2nHM4OCn9Me8XTX5n2tGsoYIg", "height": 110, "width": 196}, {"url": "https://i.ytimg.com/vi/4IVUEI6U-PU/hqdefault.jpg?sqp=-oaymwEcCPYBEIoBSFXyq4qpAw4IARUAAIhCGAFwAcABBg==&rs=AOn4CLA5WjdF9dsC5n3i5-yXhgfifqe2jQ", "height": 138, "width": 246}, {"url": "https://i.ytimg.com/vi/4IVUEI6U-PU/hqdefault.jpg?sqp=-oaymwEcCNACELwBSFXyq4qpAw4IARUAAIhCGAFwAcABBg==&rs=AOn4CLAifoBehnyIIsW4jWbB4OcvEqy2RA", "height": 188, "width": 336}], "timestamp": null, "release_timestamp": null, "availability": null, "view_count": 1400000, "live_status": null, "channel_is_verified": null, "__x_forwarded_for_ip": null}, {"_type": "url", "ie_key": "Youtube", "id": "FEQ7UJxQ2rI", "url": "https://www.youtube.com/watch?v=FEQ7UJxQ2rI", "title": "SPENDING 24 HOURS IN NYC WITH MY SISTERS *Vlogmas Special!*", "description": null, "duration": 2049, "channel_id": "UCSGoIq_tVESqNYF1Re-zn1Q", "channel": "Ha Sisters", "channel_url": "https://www.youtube.com/channel/UCSGoIq_tVESqNYF1Re-zn1Q", "uploader": "Ha Sisters", "uploader_id": "@hasisters", "uploader_url": "https://www.youtube.com/@hasisters", "thumbnails": [{"url": "https://i.ytimg.com/vi/FEQ7UJxQ2rI/hqdefault.jpg?sqp=-oaymwEbCKgBEF5IVfKriqkDDggBFQAAiEIYAXABwAEG&rs=AOn4CLCE9QU_nF2FhnN-Y6_nDOsyPnW44A", "height": 94, "width": 168}, {"url": "https://i.ytimg.com/vi/FEQ7UJxQ2rI/hqdefault.jpg?sqp=-oaymwEbCMQBEG5IVfKriqkDDggBFQAAiEIYAXABwAEG&rs=AOn4CLCU7zldH1BSkDQfHOCFRpIaR7fwVA", "height": 110, "width": 196}, {"url": "https://i.ytimg.com/vi/FEQ7UJxQ2rI/hqdefault.jpg?sqp=-oaymwEcCPYBEIoBSFXyq4qpAw4IARUAAIhCGAFwAcABBg==&rs=AOn4CLCNB15OCaQpqKXF8yek3JZ64Svn_Q", "height": 138, "width": 246}, {"url": "https://i.ytimg.com/vi/FEQ7UJxQ2rI/hqdefault.jpg?sqp=-oaymwEcCNACELwBSFXyq4qpAw4IARUAAIhCGAFwAcABBg==&rs=AOn4CLD6q2S6rgHeOaZ65MOAkreojPNzog", "height": 188, "width": 336}], "timestamp": null, "release_timestamp": null, "availability": null, "view_count": 2900000, "live_status": null, "channel_is_verified": null, "__x_forwarded_for_ip": null}, {"_type": "url", "ie_key": "Youtube", "id": "iJ0dyvuThPc", "url": "https://www.youtube.com/watch?v=iJ0dyvuThPc", "title": "Gypsy Rose Blanchard Released From Prison", "description": null, "duration": 120, "channel_id": "UC9k-yiEpRHMNVOnOi_aQK8w", "channel": "Inside Edition", "channel_url": "https://www.youtube.com/channel/UC9k-yiEpRHMNVOnOi_aQK8w", "uploader": "Inside Edition", "uploader_id": "@InsideEdition", "uploader_url": "https://www.youtube.com/@InsideEdition", "thumbnails": [{"url": "https://i.ytimg.com/vi/iJ0dyvuThPc/hqdefault.jpg?sqp=-oaymwEbCKgBEF5IVfKriqkDDggBFQAAiEIYAXABwAEG&rs=AOn4CLDw4bTfFBwmRu63Ha_BCpnb1gXhcQ", "height": 94, "width": 168}, {"url": "https://i.ytimg.com/vi/iJ0dyvuThPc/hqdefault.jpg?sqp=-oaymwEbCMQBEG5IVfKriqkDDggBFQAAiEIYAXABwAEG&rs=AOn4CLCF3mx4FkK-VgaZrLiXn9FURW3N9w", "height": 110, "width": 196}, {"url": "https://i.ytimg.com/vi/iJ0dyvuThPc/hqdefault.jpg?sqp=-oaymwEcCPYBEIoBSFXyq4qpAw4IARUAAIhCGAFwAcABBg==&rs=AOn4CLCg30wECJdzdy8gadY5uzI8r2AB-g", "height": 138, "width": 246}, {"url": "https://i.ytimg.com/vi/iJ0dyvuThPc/hqdefault.jpg?sqp=-oaymwEcCNACELwBSFXyq4qpAw4IARUAAIhCGAFwAcABBg==&rs=AOn4CLD-0xXNJzHbLYmMbvQwSkgvJK6N2g", "height": 188, "width": 336}], "timestamp": null, "release_timestamp": null, "availability": null, "view_count": 1000000, "live_status": null, "channel_is_verified": null, "__x_forwarded_for_ip": null}, {"_type": "url", "ie_key": "Youtube", "id": "QV4JqaDolEc", "url": "https://www.youtube.com/watch?v=QV4JqaDolEc", "title": "\"Wacky World\" Official Lyric Video \ud83c\udfb5 - The Amazing Digital Circus Music Video", "description": null, "duration": 152, "channel_id": "UCyC3GfXxMiVd2BvwECJUGmg", "channel": "ZAMination 2", "channel_url": "https://www.youtube.com/channel/UCyC3GfXxMiVd2BvwECJUGmg", "uploader": "ZAMination 2", "uploader_id": "@zamination2897", "uploader_url": "https://www.youtube.com/@zamination2897", "thumbnails": [{"url": "https://i.ytimg.com/vi/QV4JqaDolEc/hqdefault.jpg?sqp=-oaymwEbCKgBEF5IVfKriqkDDggBFQAAiEIYAXABwAEG&rs=AOn4CLCREukLWmTcHLEv50XA88V6HStItA", "height": 94, "width": 168}, {"url": "https://i.ytimg.com/vi/QV4JqaDolEc/hqdefault.jpg?sqp=-oaymwEbCMQBEG5IVfKriqkDDggBFQAAiEIYAXABwAEG&rs=AOn4CLA45AWs5NZz3vEfcRHEfMpRSc13zw", "height": 110, "width": 196}, {"url": "https://i.ytimg.com/vi/QV4JqaDolEc/hqdefault.jpg?sqp=-oaymwEcCPYBEIoBSFXyq4qpAw4IARUAAIhCGAFwAcABBg==&rs=AOn4CLAbxETkGlg2Rxiu7-3kRFv2p6xLHw", "height": 138, "width": 246}, {"url": "https://i.ytimg.com/vi/QV4JqaDolEc/hqdefault.jpg?sqp=-oaymwEcCNACELwBSFXyq4qpAw4IARUAAIhCGAFwAcABBg==&rs=AOn4CLDYcvLGjQT_d9FsdeCOIESZuqIcNA", "height": 188, "width": 336}], "timestamp": null, "release_timestamp": null, "availability": null, "view_count": 13000000, "live_status": null, "channel_is_verified": null, "__x_forwarded_for_ip": null}, {"_type": "url", "ie_key": "Youtube", "id": "yJArc9jgGzs", "url": "https://www.youtube.com/watch?v=yJArc9jgGzs", "title": "Worlds Most Isolated Hotels", "description": null, "duration": 2807, "channel_id": "UCv6RbK5kLN0hXKk8b8q62bA", "channel": "Socks", "channel_url": "https://www.youtube.com/channel/UCv6RbK5kLN0hXKk8b8q62bA", "uploader": "Socks", "uploader_id": "@SocksIRL", "uploader_url": "https://www.youtube.com/@SocksIRL", "thumbnails": [{"url": "https://i.ytimg.com/vi/yJArc9jgGzs/hqdefault.jpg?sqp=-oaymwEbCKgBEF5IVfKriqkDDggBFQAAiEIYAXABwAEG&rs=AOn4CLD1k9g7TyANA2t6ewqoI-o0aw9qKg", "height": 94, "width": 168}, {"url": "https://i.ytimg.com/vi/yJArc9jgGzs/hqdefault.jpg?sqp=-oaymwEbCMQBEG5IVfKriqkDDggBFQAAiEIYAXABwAEG&rs=AOn4CLC8tAJzLFvFmhSR3mYq9Pea--dZYg", "height": 110, "width": 196}, {"url": "https://i.ytimg.com/vi/yJArc9jgGzs/hqdefault.jpg?sqp=-oaymwEcCPYBEIoBSFXyq4qpAw4IARUAAIhCGAFwAcABBg==&rs=AOn4CLBnPCE5htCvC3Y3OXoCzbEUIYMFjA", "height": 138, "width": 246}, {"url": "https://i.ytimg.com/vi/yJArc9jgGzs/hqdefault.jpg?sqp=-oaymwEcCNACELwBSFXyq4qpAw4IARUAAIhCGAFwAcABBg==&rs=AOn4CLBV2Iyoz8fsh0BBuiou6easaXcPXA", "height": 188, "width": 336}], "timestamp": null, "release_timestamp": null, "availability": null, "view_count": 10000000, "live_status": null, "channel_is_verified": null, "__x_forwarded_for_ip": null}, {"_type": "url", "ie_key": "Youtube", "id": "Ignr0g9ZHB0", "url": "https://www.youtube.com/watch?v=Ignr0g9ZHB0", "title": "Open Thoughts with Nicki Minaj", "description": null, "duration": 2701, "channel_id": "UCNWHllkNIWv1MSvKcOzLsow", "channel": "Open Thoughts", "channel_url": "https://www.youtube.com/channel/UCNWHllkNIWv1MSvKcOzLsow", "uploader": "Open Thoughts", "uploader_id": "@OpenThoughts0", "uploader_url": "https://www.youtube.com/@OpenThoughts0", "thumbnails": [{"url": "https://i.ytimg.com/vi/Ignr0g9ZHB0/hqdefault.jpg?sqp=-oaymwEbCKgBEF5IVfKriqkDDggBFQAAiEIYAXABwAEG&rs=AOn4CLAoXOkaEmVUFASGegvFJWt050BnJw", "height": 94, "width": 168}, {"url": "https://i.ytimg.com/vi/Ignr0g9ZHB0/hqdefault.jpg?sqp=-oaymwEbCMQBEG5IVfKriqkDDggBFQAAiEIYAXABwAEG&rs=AOn4CLAbzZ3gJHqNoKLpEhkkmLovY_gHRQ", "height": 110, "width": 196}, {"url": "https://i.ytimg.com/vi/Ignr0g9ZHB0/hqdefault.jpg?sqp=-oaymwEcCPYBEIoBSFXyq4qpAw4IARUAAIhCGAFwAcABBg==&rs=AOn4CLABN9p45oMXarFofyY2e8Q3wBuQ_Q", "height": 138, "width": 246}, {"url": "https://i.ytimg.com/vi/Ignr0g9ZHB0/hqdefault.jpg?sqp=-oaymwEcCNACELwBSFXyq4qpAw4IARUAAIhCGAFwAcABBg==&rs=AOn4CLAXlWq7HWwNedVr6sxB89QAnZZpNA", "height": 188, "width": 336}], "timestamp": null, "release_timestamp": null, "availability": null, "view_count": 5300000, "live_status": null, "channel_is_verified": null, "__x_forwarded_for_ip": null}, {"_type": "url", "ie_key": "Youtube", "id": "ZzuMEWj8GDs", "url": "https://www.youtube.com/watch?v=ZzuMEWj8GDs", "title": "THE STRONGEST FOOTBALL PLAYERS EVER WENT AT IT! (OL vs DL 1on1\u2019s for $10K)", "description": null, "duration": 962, "channel_id": "UC4mLlRa_dezwvytudo9s1sw", "channel": "Deestroying", "channel_url": "https://www.youtube.com/channel/UC4mLlRa_dezwvytudo9s1sw", "uploader": "Deestroying", "uploader_id": "@Deestroying", "uploader_url": "https://www.youtube.com/@Deestroying", "thumbnails": [{"url": "https://i.ytimg.com/vi/ZzuMEWj8GDs/hqdefault.jpg?sqp=-oaymwEbCKgBEF5IVfKriqkDDggBFQAAiEIYAXABwAEG&rs=AOn4CLDm60ikyKVhk8nkbJxeL6EcsYAhmw", "height": 94, "width": 168}, {"url": "https://i.ytimg.com/vi/ZzuMEWj8GDs/hqdefault.jpg?sqp=-oaymwEbCMQBEG5IVfKriqkDDggBFQAAiEIYAXABwAEG&rs=AOn4CLAJOT_S8-ymdGSfO2a8chFDnXmcGA", "height": 110, "width": 196}, {"url": "https://i.ytimg.com/vi/ZzuMEWj8GDs/hqdefault.jpg?sqp=-oaymwEcCPYBEIoBSFXyq4qpAw4IARUAAIhCGAFwAcABBg==&rs=AOn4CLDaOUUHk8eISBR17dzyJNL35Oakfg", "height": 138, "width": 246}, {"url": "https://i.ytimg.com/vi/ZzuMEWj8GDs/hqdefault.jpg?sqp=-oaymwEcCNACELwBSFXyq4qpAw4IARUAAIhCGAFwAcABBg==&rs=AOn4CLAJL3I1MJjhg6bGrXZpEM_7mTXyfw", "height": 188, "width": 336}], "timestamp": null, "release_timestamp": null, "availability": null, "view_count": 2500000, "live_status": null, "channel_is_verified": null, "__x_forwarded_for_ip": null}, {"_type": "url", "ie_key": "Youtube", "id": "HC886AMkYoQ", "url": "https://www.youtube.com/watch?v=HC886AMkYoQ", "title": "i almost DIED hiking", "description": null, "duration": 1876, "channel_id": "UCXMwCQVey4PhdWFJ6WhAVhA", "channel": "SocksStudios", "channel_url": "https://www.youtube.com/channel/UCXMwCQVey4PhdWFJ6WhAVhA", "uploader": "SocksStudios", "uploader_id": "@sockstudios6010", "uploader_url": "https://www.youtube.com/@sockstudios6010", "thumbnails": [{"url": "https://i.ytimg.com/vi/HC886AMkYoQ/hqdefault.jpg?sqp=-oaymwEbCKgBEF5IVfKriqkDDggBFQAAiEIYAXABwAEG&rs=AOn4CLARAvnKxl6KZ-Uie63JZ6gCQExlWA", "height": 94, "width": 168}, {"url": "https://i.ytimg.com/vi/HC886AMkYoQ/hqdefault.jpg?sqp=-oaymwEbCMQBEG5IVfKriqkDDggBFQAAiEIYAXABwAEG&rs=AOn4CLCkqAijE-h1nLC91WUBiRiEnyYQvA", "height": 110, "width": 196}, {"url": "https://i.ytimg.com/vi/HC886AMkYoQ/hqdefault.jpg?sqp=-oaymwEcCPYBEIoBSFXyq4qpAw4IARUAAIhCGAFwAcABBg==&rs=AOn4CLDHtiVPdF4Sxkl79uzjONA4s9stCA", "height": 138, "width": 246}, {"url": "https://i.ytimg.com/vi/HC886AMkYoQ/hqdefault.jpg?sqp=-oaymwEcCNACELwBSFXyq4qpAw4IARUAAIhCGAFwAcABBg==&rs=AOn4CLAVHmXQ7VZLQUSnSIfuGf-wp4oquA", "height": 188, "width": 336}], "timestamp": null, "release_timestamp": null, "availability": null, "view_count": 5300000, "live_status": null, "channel_is_verified": null, "__x_forwarded_for_ip": null}, {"_type": "url", "ie_key": "Youtube", "id": "sCxWGlIwZ2k", "url": "https://www.youtube.com/watch?v=sCxWGlIwZ2k", "title": "New TOWER TROOP Reveal! (New Update)", "description": null, "duration": 64, "channel_id": "UC_F8DoJf9MZogEOU51TpTbQ", "channel": "Clash Royale", "channel_url": "https://www.youtube.com/channel/UC_F8DoJf9MZogEOU51TpTbQ", "uploader": "Clash Royale", "uploader_id": "@ClashRoyale", "uploader_url": "https://www.youtube.com/@ClashRoyale", "thumbnails": [{"url": "https://i.ytimg.com/vi/sCxWGlIwZ2k/hqdefault.jpg?sqp=-oaymwEbCKgBEF5IVfKriqkDDggBFQAAiEIYAXABwAEG&rs=AOn4CLA9nG2PqpoEa1v52MFePMW_zIeF8A", "height": 94, "width": 168}, {"url": "https://i.ytimg.com/vi/sCxWGlIwZ2k/hqdefault.jpg?sqp=-oaymwEbCMQBEG5IVfKriqkDDggBFQAAiEIYAXABwAEG&rs=AOn4CLDoxsvXX-Md2QhtsepoouxsKV0qeQ", "height": 110, "width": 196}, {"url": "https://i.ytimg.com/vi/sCxWGlIwZ2k/hqdefault.jpg?sqp=-oaymwEcCPYBEIoBSFXyq4qpAw4IARUAAIhCGAFwAcABBg==&rs=AOn4CLAwu_G_VqLy1vfFC6yG7_Uoe4OLUw", "height": 138, "width": 246}, {"url": "https://i.ytimg.com/vi/sCxWGlIwZ2k/hqdefault.jpg?sqp=-oaymwEcCNACELwBSFXyq4qpAw4IARUAAIhCGAFwAcABBg==&rs=AOn4CLCeubJgoHsrRhZohY-xrj02u8ubuw", "height": 188, "width": 336}], "timestamp": null, "release_timestamp": null, "availability": null, "view_count": 5900000, "live_status": null, "channel_is_verified": null, "__x_forwarded_for_ip": null}, {"_type": "url", "ie_key": "Youtube", "id": "9TGtM65Djsc", "url": "https://www.youtube.com/watch?v=9TGtM65Djsc", "title": "Donating to small streamers", "description": null, "duration": 1708, "channel_id": "UCKt6UNcaVIS258z9Gujeirw", "channel": "Crispy Concords", "channel_url": "https://www.youtube.com/channel/UCKt6UNcaVIS258z9Gujeirw", "uploader": "Crispy Concords", "uploader_id": "@Crispy", "uploader_url": "https://www.youtube.com/@Crispy", "thumbnails": [{"url": "https://i.ytimg.com/vi/9TGtM65Djsc/hqdefault.jpg?sqp=-oaymwEbCKgBEF5IVfKriqkDDggBFQAAiEIYAXABwAEG&rs=AOn4CLAMw40jx2tA9VQ-cZJeBaiFMOAbmg", "height": 94, "width": 168}, {"url": "https://i.ytimg.com/vi/9TGtM65Djsc/hqdefault.jpg?sqp=-oaymwEbCMQBEG5IVfKriqkDDggBFQAAiEIYAXABwAEG&rs=AOn4CLCMhHydW3w3XLst75e24Jev7Jf8wg", "height": 110, "width": 196}, {"url": "https://i.ytimg.com/vi/9TGtM65Djsc/hqdefault.jpg?sqp=-oaymwEcCPYBEIoBSFXyq4qpAw4IARUAAIhCGAFwAcABBg==&rs=AOn4CLDypd-AEG-dY6wAQeSUkbsWkKVhSw", "height": 138, "width": 246}, {"url": "https://i.ytimg.com/vi/9TGtM65Djsc/hqdefault.jpg?sqp=-oaymwEcCNACELwBSFXyq4qpAw4IARUAAIhCGAFwAcABBg==&rs=AOn4CLCqU15qSFgHPT3SJc56oIIL6VpPJw", "height": 188, "width": 336}], "timestamp": null, "release_timestamp": null, "availability": null, "view_count": 2100000, "live_status": null, "channel_is_verified": null, "__x_forwarded_for_ip": null}, {"_type": "url", "ie_key": "Youtube", "id": "tnTPaLOaHz8", "url": "https://www.youtube.com/watch?v=tnTPaLOaHz8", "title": "$10,000 Every Day You Survive In A Grocery Store", "description": null, "duration": 1292, "channel_id": "UCX6OQ3DkcsbYNE6H8uQQuVA", "channel": "MrBeast", "channel_url": "https://www.youtube.com/channel/UCX6OQ3DkcsbYNE6H8uQQuVA", "uploader": "MrBeast", "uploader_id": "@MrBeast", "uploader_url": "https://www.youtube.com/@MrBeast", "thumbnails": [{"url": "https://i.ytimg.com/vi/tnTPaLOaHz8/hqdefault.jpg?sqp=-oaymwEbCKgBEF5IVfKriqkDDggBFQAAiEIYAXABwAEG&rs=AOn4CLCuxQ-CyMLWvNByfIsOWN3GWe7P2A", "height": 94, "width": 168}, {"url": "https://i.ytimg.com/vi/tnTPaLOaHz8/hqdefault.jpg?sqp=-oaymwEbCMQBEG5IVfKriqkDDggBFQAAiEIYAXABwAEG&rs=AOn4CLAN_AMTFev8dw3l0vejpdHU51Ketw", "height": 110, "width": 196}, {"url": "https://i.ytimg.com/vi/tnTPaLOaHz8/hqdefault.jpg?sqp=-oaymwEcCPYBEIoBSFXyq4qpAw4IARUAAIhCGAFwAcABBg==&rs=AOn4CLD-npmKhqO83XJrQJtLISuTsuabrA", "height": 138, "width": 246}, {"url": "https://i.ytimg.com/vi/tnTPaLOaHz8/hqdefault.jpg?sqp=-oaymwEcCNACELwBSFXyq4qpAw4IARUAAIhCGAFwAcABBg==&rs=AOn4CLBMWz68Cc06bgDlk48U7tESiBz_2w", "height": 188, "width": 336}], "timestamp": null, "release_timestamp": null, "availability": null, "view_count": 504000000, "live_status": null, "channel_is_verified": null, "__x_forwarded_for_ip": null}, {"_type": "url", "ie_key": "Youtube", "id": "QdBZY2fkU-0", "url": "https://www.youtube.com/watch?v=QdBZY2fkU-0", "title": "Grand Theft Auto VI Trailer 1", "description": null, "duration": 91, "channel_id": "UC6VcWc1rAoWdBCM0JxrRQ3A", "channel": "Rockstar Games", "channel_url": "https://www.youtube.com/channel/UC6VcWc1rAoWdBCM0JxrRQ3A", "uploader": "Rockstar Games", "uploader_id": "@RockstarGames", "uploader_url": "https://www.youtube.com/@RockstarGames", "thumbnails": [{"url": "https://i.ytimg.com/vi/QdBZY2fkU-0/hqdefault.jpg?sqp=-oaymwEbCKgBEF5IVfKriqkDDggBFQAAiEIYAXABwAEG&rs=AOn4CLCSMIBE8i3hk68arw7QKj5XEpkxww", "height": 94, "width": 168}, {"url": "https://i.ytimg.com/vi/QdBZY2fkU-0/hqdefault.jpg?sqp=-oaymwEbCMQBEG5IVfKriqkDDggBFQAAiEIYAXABwAEG&rs=AOn4CLA1oDj8j5ROksIFjQJPmYWNzal6Kg", "height": 110, "width": 196}, {"url": "https://i.ytimg.com/vi/QdBZY2fkU-0/hqdefault.jpg?sqp=-oaymwEcCPYBEIoBSFXyq4qpAw4IARUAAIhCGAFwAcABBg==&rs=AOn4CLDGOdvTcxUr6mog5xjl1S6FfN6phA", "height": 138, "width": 246}, {"url": "https://i.ytimg.com/vi/QdBZY2fkU-0/hqdefault.jpg?sqp=-oaymwEcCNACELwBSFXyq4qpAw4IARUAAIhCGAFwAcABBg==&rs=AOn4CLDpeKvBo82hW7HFlC8bnoOjK60hEw", "height": 188, "width": 336}], "timestamp": null, "release_timestamp": null, "availability": null, "view_count": 274000000, "live_status": null, "channel_is_verified": null, "__x_forwarded_for_ip": null}, {"_type": "url", "ie_key": "Youtube", "id": "QQEgdODSdVc", "url": "https://www.youtube.com/watch?v=QQEgdODSdVc", "title": "Dodge Magnum SRT8 Quick Review", "description": null, "duration": 578, "channel_id": "UCfzWwxboCLyLw7KVfQj84eA", "channel": "Extra Throttle House", "channel_url": "https://www.youtube.com/channel/UCfzWwxboCLyLw7KVfQj84eA", "uploader": "Extra Throttle House", "uploader_id": "@ExtraThrottleHouse", "uploader_url": "https://www.youtube.com/@ExtraThrottleHouse", "thumbnails": [{"url": "https://i.ytimg.com/vi/QQEgdODSdVc/hqdefault.jpg?sqp=-oaymwEbCKgBEF5IVfKriqkDDggBFQAAiEIYAXABwAEG&rs=AOn4CLDghLYPuMQkYzI6M-hedjIHwJTQZw", "height": 94, "width": 168}, {"url": "https://i.ytimg.com/vi/QQEgdODSdVc/hqdefault.jpg?sqp=-oaymwEbCMQBEG5IVfKriqkDDggBFQAAiEIYAXABwAEG&rs=AOn4CLBzOYpq84WAg6F9sNDeNchJm33x0w", "height": 110, "width": 196}, {"url": "https://i.ytimg.com/vi/QQEgdODSdVc/hqdefault.jpg?sqp=-oaymwEcCPYBEIoBSFXyq4qpAw4IARUAAIhCGAFwAcABBg==&rs=AOn4CLAu-gEvHGMHjoUv4_1ilKbNJzgdaw", "height": 138, "width": 246}, {"url": "https://i.ytimg.com/vi/QQEgdODSdVc/hqdefault.jpg?sqp=-oaymwEcCNACELwBSFXyq4qpAw4IARUAAIhCGAFwAcABBg==&rs=AOn4CLCHyC40kpDsjtozvFUsBofLLvgd6g", "height": 188, "width": 336}], "timestamp": null, "release_timestamp": null, "availability": null, "view_count": 462000, "live_status": null, "channel_is_verified": null, "__x_forwarded_for_ip": null}, {"_type": "url", "ie_key": "Youtube", "id": "IeEmA4ag6hA", "url": "https://www.youtube.com/watch?v=IeEmA4ag6hA", "title": "10 Things You Should ALWAYS Buy RIGHT AFTER Christmas in 2023!", "description": null, "duration": 555, "channel_id": "UC5Qbo0AR3CwpmEq751BIy0g", "channel": "The Deal Guy", "channel_url": "https://www.youtube.com/channel/UC5Qbo0AR3CwpmEq751BIy0g", "uploader": "The Deal Guy", "uploader_id": "@thedealguy", "uploader_url": "https://www.youtube.com/@thedealguy", "thumbnails": [{"url": "https://i.ytimg.com/vi/IeEmA4ag6hA/hqdefault.jpg?sqp=-oaymwEbCKgBEF5IVfKriqkDDggBFQAAiEIYAXABwAEG&rs=AOn4CLA0puOEGF1ONQ-tYOCJ6d3g8C-E9g", "height": 94, "width": 168}, {"url": "https://i.ytimg.com/vi/IeEmA4ag6hA/hqdefault.jpg?sqp=-oaymwEbCMQBEG5IVfKriqkDDggBFQAAiEIYAXABwAEG&rs=AOn4CLDqUPbzSVCeYyvJI48StCn_mwzOHg", "height": 110, "width": 196}, {"url": "https://i.ytimg.com/vi/IeEmA4ag6hA/hqdefault.jpg?sqp=-oaymwEcCPYBEIoBSFXyq4qpAw4IARUAAIhCGAFwAcABBg==&rs=AOn4CLD2A9fp-9Oem--3EQtDQ2VMsyCHTw", "height": 138, "width": 246}, {"url": "https://i.ytimg.com/vi/IeEmA4ag6hA/hqdefault.jpg?sqp=-oaymwEcCNACELwBSFXyq4qpAw4IARUAAIhCGAFwAcABBg==&rs=AOn4CLDZP3znwT8Ndj05ygklJpMz-Vm-Cg", "height": 188, "width": 336}], "timestamp": null, "release_timestamp": null, "availability": null, "view_count": 1200000, "live_status": null, "channel_is_verified": null, "__x_forwarded_for_ip": null}, {"_type": "url", "ie_key": "Youtube", "id": "2NzuR5OLvnQ", "url": "https://www.youtube.com/watch?v=2NzuR5OLvnQ", "title": "Lil Uzi Vert - Red Moon [Official Music Video]", "description": null, "duration": 197, "channel_id": "UCqwxMqUcL-XC3D9-fTP93Mg", "channel": "LIL UZI VERT", "channel_url": "https://www.youtube.com/channel/UCqwxMqUcL-XC3D9-fTP93Mg", "uploader": "LIL UZI VERT", "uploader_id": null, "uploader_url": null, "thumbnails": [{"url": "https://i.ytimg.com/vi/2NzuR5OLvnQ/hqdefault.jpg?sqp=-oaymwEbCKgBEF5IVfKriqkDDggBFQAAiEIYAXABwAEG&rs=AOn4CLAxK-q8agECkPwHDF417bJV488_MQ", "height": 94, "width": 168}, {"url": "https://i.ytimg.com/vi/2NzuR5OLvnQ/hqdefault.jpg?sqp=-oaymwEbCMQBEG5IVfKriqkDDggBFQAAiEIYAXABwAEG&rs=AOn4CLAFI94YeAOUArJNxfQSO6q1XU1zbA", "height": 110, "width": 196}, {"url": "https://i.ytimg.com/vi/2NzuR5OLvnQ/hqdefault.jpg?sqp=-oaymwEcCPYBEIoBSFXyq4qpAw4IARUAAIhCGAFwAcABBg==&rs=AOn4CLAKBHgVrfcRz97vpTrxiI61Mv24vg", "height": 138, "width": 246}, {"url": "https://i.ytimg.com/vi/2NzuR5OLvnQ/hqdefault.jpg?sqp=-oaymwEcCNACELwBSFXyq4qpAw4IARUAAIhCGAFwAcABBg==&rs=AOn4CLBDsok3LH6dI0s-KsVWGrAaVKm52Q", "height": 188, "width": 336}], "timestamp": null, "release_timestamp": null, "availability": null, "view_count": 13000000, "live_status": null, "channel_is_verified": null, "__x_forwarded_for_ip": null}, {"_type": "url", "ie_key": "Youtube", "id": "nBHKqRoV8AU", "url": "https://www.youtube.com/watch?v=nBHKqRoV8AU", "title": "Locked on ONE CHUNK But We\u2019re SUPERHEROES!", "description": null, "duration": 1745, "channel_id": "UC0eLBYhxW9HC0P9PXQ73mpQ", "channel": "Cash", "channel_url": "https://www.youtube.com/channel/UC0eLBYhxW9HC0P9PXQ73mpQ", "uploader": "Cash", "uploader_id": "@cash", "uploader_url": "https://www.youtube.com/@cash", "thumbnails": [{"url": "https://i.ytimg.com/vi/nBHKqRoV8AU/hqdefault.jpg?sqp=-oaymwEbCKgBEF5IVfKriqkDDggBFQAAiEIYAXABwAEG&rs=AOn4CLCHLuw1lL2l8T11pya7UhUqCBhJDg", "height": 94, "width": 168}, {"url": "https://i.ytimg.com/vi/nBHKqRoV8AU/hqdefault.jpg?sqp=-oaymwEbCMQBEG5IVfKriqkDDggBFQAAiEIYAXABwAEG&rs=AOn4CLB679LhqpguoaLJ-02mgxDRCTxqKA", "height": 110, "width": 196}, {"url": "https://i.ytimg.com/vi/nBHKqRoV8AU/hqdefault.jpg?sqp=-oaymwEcCPYBEIoBSFXyq4qpAw4IARUAAIhCGAFwAcABBg==&rs=AOn4CLA2xUMN5KDPEa5azFYVgmS9oWjlEA", "height": 138, "width": 246}, {"url": "https://i.ytimg.com/vi/nBHKqRoV8AU/hqdefault.jpg?sqp=-oaymwEcCNACELwBSFXyq4qpAw4IARUAAIhCGAFwAcABBg==&rs=AOn4CLCnewFyYDjsuFWt6vN7cvppmCZRlA", "height": 188, "width": 336}], "timestamp": null, "release_timestamp": null, "availability": null, "view_count": 9800000, "live_status": null, "channel_is_verified": null, "__x_forwarded_for_ip": null}, {"_type": "url", "ie_key": "Youtube", "id": "NtHShhx0LcY", "url": "https://www.youtube.com/watch?v=NtHShhx0LcY", "title": "Courage and the Big Meanie", "description": null, "duration": 51, "channel_id": "UC2d0Cp7XABGb3zpomS0d-WA", "channel": "Doobus Goobus", "channel_url": "https://www.youtube.com/channel/UC2d0Cp7XABGb3zpomS0d-WA", "uploader": "Doobus Goobus", "uploader_id": "@DoobusGoobus", "uploader_url": "https://www.youtube.com/@DoobusGoobus", "thumbnails": [{"url": "https://i.ytimg.com/vi/NtHShhx0LcY/hqdefault.jpg?sqp=-oaymwEbCKgBEF5IVfKriqkDDggBFQAAiEIYAXABwAEG&rs=AOn4CLDEszDw5hoIEe8pcwY7FYb7sBVnfQ", "height": 94, "width": 168}, {"url": "https://i.ytimg.com/vi/NtHShhx0LcY/hqdefault.jpg?sqp=-oaymwEbCMQBEG5IVfKriqkDDggBFQAAiEIYAXABwAEG&rs=AOn4CLBrkopta_9cURnGzA_NWpQv8UKGqw", "height": 110, "width": 196}, {"url": "https://i.ytimg.com/vi/NtHShhx0LcY/hqdefault.jpg?sqp=-oaymwEcCPYBEIoBSFXyq4qpAw4IARUAAIhCGAFwAcABBg==&rs=AOn4CLBAfwvM8JVRIh6GMYaGgMIgeGhddQ", "height": 138, "width": 246}, {"url": "https://i.ytimg.com/vi/NtHShhx0LcY/hqdefault.jpg?sqp=-oaymwEcCNACELwBSFXyq4qpAw4IARUAAIhCGAFwAcABBg==&rs=AOn4CLBRlJn3-JBZFQG-8Ty9VOFkqoZ3QA", "height": 188, "width": 336}], "timestamp": null, "release_timestamp": null, "availability": null, "view_count": 1900000, "live_status": null, "channel_is_verified": null, "__x_forwarded_for_ip": null}, {"_type": "url", "ie_key": "Youtube", "id": "SvK9nJ2G478", "url": "https://www.youtube.com/watch?v=SvK9nJ2G478", "title": "Manchester United v. Aston Villa | PREMIER LEAGUE HIGHLIGHTS | 12/26/2023 | NBC Sports", "description": null, "duration": 847, "channel_id": "UCqZQlzSHbVJrwrn5XvzrzcA", "channel": "NBC Sports", "channel_url": "https://www.youtube.com/channel/UCqZQlzSHbVJrwrn5XvzrzcA", "uploader": "NBC Sports", "uploader_id": "@NBCSports", "uploader_url": "https://www.youtube.com/@NBCSports", "thumbnails": [{"url": "https://i.ytimg.com/vi/SvK9nJ2G478/hqdefault.jpg?sqp=-oaymwEbCKgBEF5IVfKriqkDDggBFQAAiEIYAXABwAEG&rs=AOn4CLA5RgFbREZOf2xdXuo13cOI1pvCQg", "height": 94, "width": 168}, {"url": "https://i.ytimg.com/vi/SvK9nJ2G478/hqdefault.jpg?sqp=-oaymwEbCMQBEG5IVfKriqkDDggBFQAAiEIYAXABwAEG&rs=AOn4CLDC9OEpDNxlDeARPnoafHg-R-ZbjA", "height": 110, "width": 196}, {"url": "https://i.ytimg.com/vi/SvK9nJ2G478/hqdefault.jpg?sqp=-oaymwEcCPYBEIoBSFXyq4qpAw4IARUAAIhCGAFwAcABBg==&rs=AOn4CLDpVSE8VAiuIV7oRcIyt65A36O_Cg", "height": 138, "width": 246}, {"url": "https://i.ytimg.com/vi/SvK9nJ2G478/hqdefault.jpg?sqp=-oaymwEcCNACELwBSFXyq4qpAw4IARUAAIhCGAFwAcABBg==&rs=AOn4CLBKPDrBi-ICBdcX95gUqtKP3TN63Q", "height": 188, "width": 336}], "timestamp": null, "release_timestamp": null, "availability": null, "view_count": 1100000, "live_status": null, "channel_is_verified": null, "__x_forwarded_for_ip": null}, {"_type": "url", "ie_key": "Youtube", "id": "be0k48hE4mQ", "url": "https://www.youtube.com/watch?v=be0k48hE4mQ", "title": "WORLDS CRAZIEST FAMILY CHRISTMAS GIFTS OPENING!! (NEW CAR)", "description": null, "duration": 1379, "channel_id": "UCilwZiBBfI9X6yiZRzWty8Q", "channel": "FaZe Rug", "channel_url": "https://www.youtube.com/channel/UCilwZiBBfI9X6yiZRzWty8Q", "uploader": "FaZe Rug", "uploader_id": "@rug", "uploader_url": "https://www.youtube.com/@rug", "thumbnails": [{"url": "https://i.ytimg.com/vi/be0k48hE4mQ/hqdefault.jpg?sqp=-oaymwEbCKgBEF5IVfKriqkDDggBFQAAiEIYAXABwAEG&rs=AOn4CLDnRl8ZkjnRFrZeJNs3JvEDfSqkVA", "height": 94, "width": 168}, {"url": "https://i.ytimg.com/vi/be0k48hE4mQ/hqdefault.jpg?sqp=-oaymwEbCMQBEG5IVfKriqkDDggBFQAAiEIYAXABwAEG&rs=AOn4CLClAKSRRhZ1vKM_QN-FoWRgSepsNQ", "height": 110, "width": 196}, {"url": "https://i.ytimg.com/vi/be0k48hE4mQ/hqdefault.jpg?sqp=-oaymwEcCPYBEIoBSFXyq4qpAw4IARUAAIhCGAFwAcABBg==&rs=AOn4CLAaMvJXfv0aWUEvqSZaI8Mktt8yaA", "height": 138, "width": 246}, {"url": "https://i.ytimg.com/vi/be0k48hE4mQ/hqdefault.jpg?sqp=-oaymwEcCNACELwBSFXyq4qpAw4IARUAAIhCGAFwAcABBg==&rs=AOn4CLAj7bpVkYmtlz9HW-M0-voaMO1Adw", "height": 188, "width": 336}], "timestamp": null, "release_timestamp": null, "availability": null, "view_count": 9200000, "live_status": null, "channel_is_verified": null, "__x_forwarded_for_ip": null}, {"_type": "url", "ie_key": "Youtube", "id": "sUzlW7n9tzY", "url": "https://www.youtube.com/watch?v=sUzlW7n9tzY", "title": "WHAT I GOT FOR CHRISTMAS (+18TH BIRTHDAY HAUL) | Vlogmas Day 25", "description": null, "duration": 722, "channel_id": "UCr1nLIQFpNV5DxD22qxGsyQ", "channel": "Nicole Laeno", "channel_url": "https://www.youtube.com/channel/UCr1nLIQFpNV5DxD22qxGsyQ", "uploader": "Nicole Laeno", "uploader_id": "@NicoleLaeno", "uploader_url": "https://www.youtube.com/@NicoleLaeno", "thumbnails": [{"url": "https://i.ytimg.com/vi/sUzlW7n9tzY/hqdefault.jpg?sqp=-oaymwEbCKgBEF5IVfKriqkDDggBFQAAiEIYAXABwAEG&rs=AOn4CLCvTA8E8BNr7H7E--pB6GVyoOIWMw", "height": 94, "width": 168}, {"url": "https://i.ytimg.com/vi/sUzlW7n9tzY/hqdefault.jpg?sqp=-oaymwEbCMQBEG5IVfKriqkDDggBFQAAiEIYAXABwAEG&rs=AOn4CLDC10Buq8ubY7k5SFQrmsEzGiidGQ", "height": 110, "width": 196}, {"url": "https://i.ytimg.com/vi/sUzlW7n9tzY/hqdefault.jpg?sqp=-oaymwEcCPYBEIoBSFXyq4qpAw4IARUAAIhCGAFwAcABBg==&rs=AOn4CLCUjj1F4v9U2gxupNKhR3mPq7Khlw", "height": 138, "width": 246}, {"url": "https://i.ytimg.com/vi/sUzlW7n9tzY/hqdefault.jpg?sqp=-oaymwEcCNACELwBSFXyq4qpAw4IARUAAIhCGAFwAcABBg==&rs=AOn4CLD1rhtuK8_nLfiQZ7QlKrYl5P05iQ", "height": 188, "width": 336}], "timestamp": null, "release_timestamp": null, "availability": null, "view_count": 1100000, "live_status": null, "channel_is_verified": null, "__x_forwarded_for_ip": null}, {"_type": "url", "ie_key": "Youtube", "id": "wRwaVF-M0qo", "url": "https://www.youtube.com/watch?v=wRwaVF-M0qo", "title": "Pranking My Sister with Bad Christmas Gifts (Gift Exchange)", "description": null, "duration": 664, "channel_id": "UCuVHOs0H5hvAHGr8O4yIBNQ", "channel": "Niki and Gabi", "channel_url": "https://www.youtube.com/channel/UCuVHOs0H5hvAHGr8O4yIBNQ", "uploader": "Niki and Gabi", "uploader_id": "@NikiandGabi", "uploader_url": "https://www.youtube.com/@NikiandGabi", "thumbnails": [{"url": "https://i.ytimg.com/vi/wRwaVF-M0qo/hqdefault.jpg?sqp=-oaymwEbCKgBEF5IVfKriqkDDggBFQAAiEIYAXABwAEG&rs=AOn4CLDggEl2L3Z__ZoVfsjnCM5R4FACqA", "height": 94, "width": 168}, {"url": "https://i.ytimg.com/vi/wRwaVF-M0qo/hqdefault.jpg?sqp=-oaymwEbCMQBEG5IVfKriqkDDggBFQAAiEIYAXABwAEG&rs=AOn4CLBfxYij2NtnEHpaWmPEZMpjGMFmnw", "height": 110, "width": 196}, {"url": "https://i.ytimg.com/vi/wRwaVF-M0qo/hqdefault.jpg?sqp=-oaymwEcCPYBEIoBSFXyq4qpAw4IARUAAIhCGAFwAcABBg==&rs=AOn4CLBmcfjNMPiXgBkUsOkfwup2ZbuZ3g", "height": 138, "width": 246}, {"url": "https://i.ytimg.com/vi/wRwaVF-M0qo/hqdefault.jpg?sqp=-oaymwEcCNACELwBSFXyq4qpAw4IARUAAIhCGAFwAcABBg==&rs=AOn4CLD1q8QwtD0iQ-FwWglzsMJVsupisg", "height": 188, "width": 336}], "timestamp": null, "release_timestamp": null, "availability": null, "view_count": 477000, "live_status": null, "channel_is_verified": null, "__x_forwarded_for_ip": null}, {"_type": "url", "ie_key": "Youtube", "id": "BTVyr0cSDw8", "url": "https://www.youtube.com/watch?v=BTVyr0cSDw8", "title": "Beta Squad Guess The Youtuber Ft Niko (REMATCH)", "description": null, "duration": 1315, "channel_id": "UC56CIdqj-Ski8Jt6brXGE3A", "channel": "More Aj", "channel_url": "https://www.youtube.com/channel/UC56CIdqj-Ski8Jt6brXGE3A", "uploader": "More Aj", "uploader_id": "@moreaj", "uploader_url": "https://www.youtube.com/@moreaj", "thumbnails": [{"url": "https://i.ytimg.com/vi/BTVyr0cSDw8/hqdefault.jpg?sqp=-oaymwEbCKgBEF5IVfKriqkDDggBFQAAiEIYAXABwAEG&rs=AOn4CLC2YHpbnZV6yWERMi4ipKexyVa5kQ", "height": 94, "width": 168}, {"url": "https://i.ytimg.com/vi/BTVyr0cSDw8/hqdefault.jpg?sqp=-oaymwEbCMQBEG5IVfKriqkDDggBFQAAiEIYAXABwAEG&rs=AOn4CLDksv-6e2usqrteGK1zw0s9loWGBA", "height": 110, "width": 196}, {"url": "https://i.ytimg.com/vi/BTVyr0cSDw8/hqdefault.jpg?sqp=-oaymwEcCPYBEIoBSFXyq4qpAw4IARUAAIhCGAFwAcABBg==&rs=AOn4CLBk4gBDAV31jHH6ib7vIw1b_POZlg", "height": 138, "width": 246}, {"url": "https://i.ytimg.com/vi/BTVyr0cSDw8/hqdefault.jpg?sqp=-oaymwEcCNACELwBSFXyq4qpAw4IARUAAIhCGAFwAcABBg==&rs=AOn4CLAtWHOR9tr40LnTbLoXFB8chwU2CA", "height": 188, "width": 336}], "timestamp": null, "release_timestamp": null, "availability": null, "view_count": 3400000, "live_status": null, "channel_is_verified": null, "__x_forwarded_for_ip": null}, {"_type": "url", "ie_key": "Youtube", "id": "gPjUhL6DBng", "url": "https://www.youtube.com/watch?v=gPjUhL6DBng", "title": "16-year-old girl chases horse on highway", "description": null, "duration": 146, "channel_id": "UCz2RMMEv5CNrOKJhs7BvLpw", "channel": "We Love Animals", "channel_url": "https://www.youtube.com/channel/UCz2RMMEv5CNrOKJhs7BvLpw", "uploader": "We Love Animals", "uploader_id": "@We_Love_Animals", "uploader_url": "https://www.youtube.com/@We_Love_Animals", "thumbnails": [{"url": "https://i.ytimg.com/vi/gPjUhL6DBng/hqdefault.jpg?sqp=-oaymwEbCKgBEF5IVfKriqkDDggBFQAAiEIYAXABwAEG&rs=AOn4CLDSdehCOM6w7Yh_2DRk2eE6ES0NQw", "height": 94, "width": 168}, {"url": "https://i.ytimg.com/vi/gPjUhL6DBng/hqdefault.jpg?sqp=-oaymwEbCMQBEG5IVfKriqkDDggBFQAAiEIYAXABwAEG&rs=AOn4CLDVawhP5nxw_sWAItr32JPrn_bqPA", "height": 110, "width": 196}, {"url": "https://i.ytimg.com/vi/gPjUhL6DBng/hqdefault.jpg?sqp=-oaymwEcCPYBEIoBSFXyq4qpAw4IARUAAIhCGAFwAcABBg==&rs=AOn4CLCr-rgyUdDCAJshlQ4z-9bGrfCAKg", "height": 138, "width": 246}, {"url": "https://i.ytimg.com/vi/gPjUhL6DBng/hqdefault.jpg?sqp=-oaymwEcCNACELwBSFXyq4qpAw4IARUAAIhCGAFwAcABBg==&rs=AOn4CLDSS4nmJJDkaBbEr-VXJ2xxBFkPyg", "height": 188, "width": 336}], "timestamp": null, "release_timestamp": null, "availability": null, "view_count": 5400000, "live_status": null, "channel_is_verified": null, "__x_forwarded_for_ip": null}, {"_type": "url", "ie_key": "Youtube", "id": "WR4QN40pDoM", "url": "https://www.youtube.com/watch?v=WR4QN40pDoM", "title": "Giants vs Eagles | 2023 Week 16 Highlights", "description": null, "duration": 492, "channel_id": "UCaogx6OHpsGg0zuGRKsjbtQ", "channel": "Philadelphia Eagles", "channel_url": "https://www.youtube.com/channel/UCaogx6OHpsGg0zuGRKsjbtQ", "uploader": "Philadelphia Eagles", "uploader_id": "@eagles", "uploader_url": "https://www.youtube.com/@eagles", "thumbnails": [{"url": "https://i.ytimg.com/vi/WR4QN40pDoM/hqdefault.jpg?sqp=-oaymwEbCKgBEF5IVfKriqkDDggBFQAAiEIYAXABwAEG&rs=AOn4CLBmuNTLxF54H1OXu4yJRjuH98HADw", "height": 94, "width": 168}, {"url": "https://i.ytimg.com/vi/WR4QN40pDoM/hqdefault.jpg?sqp=-oaymwEbCMQBEG5IVfKriqkDDggBFQAAiEIYAXABwAEG&rs=AOn4CLAk4-Xbe_a1-4uuZQdshIr5U_N-MQ", "height": 110, "width": 196}, {"url": "https://i.ytimg.com/vi/WR4QN40pDoM/hqdefault.jpg?sqp=-oaymwEcCPYBEIoBSFXyq4qpAw4IARUAAIhCGAFwAcABBg==&rs=AOn4CLDWnPfl4umwk_urvRWxWHrbqd7_Dg", "height": 138, "width": 246}, {"url": "https://i.ytimg.com/vi/WR4QN40pDoM/hqdefault.jpg?sqp=-oaymwEcCNACELwBSFXyq4qpAw4IARUAAIhCGAFwAcABBg==&rs=AOn4CLCYSotAJMWjeZQyLdALGc3ERcdCtQ", "height": 188, "width": 336}], "timestamp": null, "release_timestamp": null, "availability": null, "view_count": 519000, "live_status": null, "channel_is_verified": null, "__x_forwarded_for_ip": null}, {"_type": "url", "ie_key": "Youtube", "id": "moKxoXM2OeY", "url": "https://www.youtube.com/watch?v=moKxoXM2OeY", "title": "NBA YOUNGBOY: MILLION DOLLAZ WORTH OF GAME EPISODE 252", "description": null, "duration": 1910, "channel_id": "UC16Ne7V6Fe_bp1omKLiymFg", "channel": "MILLION DOLLAZ WORTH OF GAME", "channel_url": "https://www.youtube.com/channel/UC16Ne7V6Fe_bp1omKLiymFg", "uploader": "MILLION DOLLAZ WORTH OF GAME", "uploader_id": "@MWORTHOFGAME", "uploader_url": "https://www.youtube.com/@MWORTHOFGAME", "thumbnails": [{"url": "https://i.ytimg.com/vi/moKxoXM2OeY/hqdefault.jpg?sqp=-oaymwEbCKgBEF5IVfKriqkDDggBFQAAiEIYAXABwAEG&rs=AOn4CLBlNAmWY8MWRF0MxuNhimKia125Qg", "height": 94, "width": 168}, {"url": "https://i.ytimg.com/vi/moKxoXM2OeY/hqdefault.jpg?sqp=-oaymwEbCMQBEG5IVfKriqkDDggBFQAAiEIYAXABwAEG&rs=AOn4CLA5-cf6fkkbPjueQ3cign64Dvwknw", "height": 110, "width": 196}, {"url": "https://i.ytimg.com/vi/moKxoXM2OeY/hqdefault.jpg?sqp=-oaymwEcCPYBEIoBSFXyq4qpAw4IARUAAIhCGAFwAcABBg==&rs=AOn4CLDkkO3ROeVJJe8LDp3pUF1CL2Zy4A", "height": 138, "width": 246}, {"url": "https://i.ytimg.com/vi/moKxoXM2OeY/hqdefault.jpg?sqp=-oaymwEcCNACELwBSFXyq4qpAw4IARUAAIhCGAFwAcABBg==&rs=AOn4CLAg8wiJcOH8HGUcKygE2SI32JeELA", "height": 188, "width": 336}], "timestamp": null, "release_timestamp": null, "availability": null, "view_count": 3300000, "live_status": null, "channel_is_verified": null, "__x_forwarded_for_ip": null}, {"_type": "url", "ie_key": "Youtube", "id": "RhGKROaO3LU", "url": "https://www.youtube.com/watch?v=RhGKROaO3LU", "title": "My First Time in the Gym! (trying to better myself)", "description": null, "duration": 691, "channel_id": "UCwsjrSWqxLdcZrd9xVpmxog", "channel": "Baylen Levine", "channel_url": "https://www.youtube.com/channel/UCwsjrSWqxLdcZrd9xVpmxog", "uploader": "Baylen Levine", "uploader_id": "@BaylenLevine", "uploader_url": "https://www.youtube.com/@BaylenLevine", "thumbnails": [{"url": "https://i.ytimg.com/vi/RhGKROaO3LU/hqdefault.jpg?sqp=-oaymwEbCKgBEF5IVfKriqkDDggBFQAAiEIYAXABwAEG&rs=AOn4CLDtjtAljJ_ciVT24z430dvZg8HASQ", "height": 94, "width": 168}, {"url": "https://i.ytimg.com/vi/RhGKROaO3LU/hqdefault.jpg?sqp=-oaymwEbCMQBEG5IVfKriqkDDggBFQAAiEIYAXABwAEG&rs=AOn4CLAxhCRzlFcQ4KWf3NWn3SkCLkYFUA", "height": 110, "width": 196}, {"url": "https://i.ytimg.com/vi/RhGKROaO3LU/hqdefault.jpg?sqp=-oaymwEcCPYBEIoBSFXyq4qpAw4IARUAAIhCGAFwAcABBg==&rs=AOn4CLDpgLqGJI_rjNWAdFCbKgp40CmR4A", "height": 138, "width": 246}, {"url": "https://i.ytimg.com/vi/RhGKROaO3LU/hqdefault.jpg?sqp=-oaymwEcCNACELwBSFXyq4qpAw4IARUAAIhCGAFwAcABBg==&rs=AOn4CLBWt_4uDtyiXrnF4GTbPbcLOcuHRQ", "height": 188, "width": 336}], "timestamp": null, "release_timestamp": null, "availability": null, "view_count": 1200000, "live_status": null, "channel_is_verified": null, "__x_forwarded_for_ip": null}, {"_type": "url", "ie_key": "Youtube", "id": "IKyMDf7D1hk", "url": "https://www.youtube.com/watch?v=IKyMDf7D1hk", "title": "Yailin La Mas Viral - Bad Bxtch (Video Oficial)", "description": null, "duration": 140, "channel_id": "UCZUl_haJHBu7KF6dU8iwC_g", "channel": "Yailin La Mas Viral", "channel_url": "https://www.youtube.com/channel/UCZUl_haJHBu7KF6dU8iwC_g", "uploader": "Yailin La Mas Viral", "uploader_id": null, "uploader_url": null, "thumbnails": [{"url": "https://i.ytimg.com/vi/IKyMDf7D1hk/hqdefault.jpg?sqp=-oaymwEbCKgBEF5IVfKriqkDDggBFQAAiEIYAXABwAEG&rs=AOn4CLCUv70OIkwS0_qNHdjJb5_z1NF2jg", "height": 94, "width": 168}, {"url": "https://i.ytimg.com/vi/IKyMDf7D1hk/hqdefault.jpg?sqp=-oaymwEbCMQBEG5IVfKriqkDDggBFQAAiEIYAXABwAEG&rs=AOn4CLCyuTq-lm766GSUbZAoF3QWfucvNw", "height": 110, "width": 196}, {"url": "https://i.ytimg.com/vi/IKyMDf7D1hk/hqdefault.jpg?sqp=-oaymwEcCPYBEIoBSFXyq4qpAw4IARUAAIhCGAFwAcABBg==&rs=AOn4CLAGJjK9PsKP626axvbI4MKvWDRjSQ", "height": 138, "width": 246}, {"url": "https://i.ytimg.com/vi/IKyMDf7D1hk/hqdefault.jpg?sqp=-oaymwEcCNACELwBSFXyq4qpAw4IARUAAIhCGAFwAcABBg==&rs=AOn4CLCRg4vwMgIvNc-AGzJt8TNaxKz84w", "height": 188, "width": 336}], "timestamp": null, "release_timestamp": null, "availability": null, "view_count": 52000000, "live_status": null, "channel_is_verified": null, "__x_forwarded_for_ip": null}, {"_type": "url", "ie_key": "Youtube", "id": "z7OH7TMjEM4", "url": "https://www.youtube.com/watch?v=z7OH7TMjEM4", "title": "T-REX VS CHESS RAP BATTLE | URLTV", "description": null, "duration": 2698, "channel_id": "UCflIAeM03JFL9ml03LwYF-g", "channel": "Ultimate Rap League", "channel_url": "https://www.youtube.com/channel/UCflIAeM03JFL9ml03LwYF-g", "uploader": "Ultimate Rap League", "uploader_id": "@theUrltv", "uploader_url": "https://www.youtube.com/@theUrltv", "thumbnails": [{"url": "https://i.ytimg.com/vi/z7OH7TMjEM4/hqdefault.jpg?sqp=-oaymwEbCKgBEF5IVfKriqkDDggBFQAAiEIYAXABwAEG&rs=AOn4CLCHLt-U4mi4_51MNmqdj6kVsyxb1w", "height": 94, "width": 168}, {"url": "https://i.ytimg.com/vi/z7OH7TMjEM4/hqdefault.jpg?sqp=-oaymwEbCMQBEG5IVfKriqkDDggBFQAAiEIYAXABwAEG&rs=AOn4CLA45HDbLcFZgYsOxnRrllXVydzXeg", "height": 110, "width": 196}, {"url": "https://i.ytimg.com/vi/z7OH7TMjEM4/hqdefault.jpg?sqp=-oaymwEcCPYBEIoBSFXyq4qpAw4IARUAAIhCGAFwAcABBg==&rs=AOn4CLAdC2Km635NZXspjKzpD_AqHph12A", "height": 138, "width": 246}, {"url": "https://i.ytimg.com/vi/z7OH7TMjEM4/hqdefault.jpg?sqp=-oaymwEcCNACELwBSFXyq4qpAw4IARUAAIhCGAFwAcABBg==&rs=AOn4CLB-6n36HAHQric7xovf7fHwMDpnRQ", "height": 188, "width": 336}], "timestamp": null, "release_timestamp": null, "availability": null, "view_count": 718000, "live_status": null, "channel_is_verified": null, "__x_forwarded_for_ip": null}, {"_type": "url", "ie_key": "Youtube", "id": "vREpelV-2Kw", "url": "https://www.youtube.com/watch?v=vREpelV-2Kw", "title": "Lil Tjay - 2 Grown (Feat. The Kid LAROI) [Official Video]", "description": null, "duration": 269, "channel_id": "UCEB4a5o_6KfjxHwNMnmj54Q", "channel": "Lil Tjay", "channel_url": "https://www.youtube.com/channel/UCEB4a5o_6KfjxHwNMnmj54Q", "uploader": "Lil Tjay", "uploader_id": null, "uploader_url": null, "thumbnails": [{"url": "https://i.ytimg.com/vi/vREpelV-2Kw/hqdefault.jpg?sqp=-oaymwEbCKgBEF5IVfKriqkDDggBFQAAiEIYAXABwAEG&rs=AOn4CLCdFk96MjENR2vO5t0xYH5fyTkYEA", "height": 94, "width": 168}, {"url": "https://i.ytimg.com/vi/vREpelV-2Kw/hqdefault.jpg?sqp=-oaymwEbCMQBEG5IVfKriqkDDggBFQAAiEIYAXABwAEG&rs=AOn4CLCVPM0CCweTQRUqtwA21pzgNuvK8A", "height": 110, "width": 196}, {"url": "https://i.ytimg.com/vi/vREpelV-2Kw/hqdefault.jpg?sqp=-oaymwEcCPYBEIoBSFXyq4qpAw4IARUAAIhCGAFwAcABBg==&rs=AOn4CLAC2sDb94aXguWCw1xrAuDThUxqQw", "height": 138, "width": 246}, {"url": "https://i.ytimg.com/vi/vREpelV-2Kw/hqdefault.jpg?sqp=-oaymwEcCNACELwBSFXyq4qpAw4IARUAAIhCGAFwAcABBg==&rs=AOn4CLBhdZOUm7UkdMvkDheaBXfOZv_w9Q", "height": 188, "width": 336}], "timestamp": null, "release_timestamp": null, "availability": null, "view_count": 23000000, "live_status": null, "channel_is_verified": null, "__x_forwarded_for_ip": null}, {"_type": "url", "ie_key": "Youtube", "id": "GlHWljps-Ow", "url": "https://www.youtube.com/watch?v=GlHWljps-Ow", "title": "ADHD be like\u2026", "description": null, "duration": 324, "channel_id": "UCUKi4zY5ETSqrKAjTBgjM-g", "channel": "sWooZie", "channel_url": "https://www.youtube.com/channel/UCUKi4zY5ETSqrKAjTBgjM-g", "uploader": "sWooZie", "uploader_id": "@swoozie", "uploader_url": "https://www.youtube.com/@swoozie", "thumbnails": [{"url": "https://i.ytimg.com/vi/GlHWljps-Ow/hqdefault.jpg?sqp=-oaymwEbCKgBEF5IVfKriqkDDggBFQAAiEIYAXABwAEG&rs=AOn4CLD192P0Xi_zax-5x2ptdNAqx_gnWg", "height": 94, "width": 168}, {"url": "https://i.ytimg.com/vi/GlHWljps-Ow/hqdefault.jpg?sqp=-oaymwEbCMQBEG5IVfKriqkDDggBFQAAiEIYAXABwAEG&rs=AOn4CLAcQKSPE8W8z_ZuWeuLxDJoZHoOow", "height": 110, "width": 196}, {"url": "https://i.ytimg.com/vi/GlHWljps-Ow/hqdefault.jpg?sqp=-oaymwEcCPYBEIoBSFXyq4qpAw4IARUAAIhCGAFwAcABBg==&rs=AOn4CLD5sbbv-H7IBxQ1adOIo4p1FCxltA", "height": 138, "width": 246}, {"url": "https://i.ytimg.com/vi/GlHWljps-Ow/hqdefault.jpg?sqp=-oaymwEcCNACELwBSFXyq4qpAw4IARUAAIhCGAFwAcABBg==&rs=AOn4CLC8TzvPmFM-CUHlTXDCTP5uXn231g", "height": 188, "width": 336}], "timestamp": null, "release_timestamp": null, "availability": null, "view_count": 608000, "live_status": null, "channel_is_verified": null, "__x_forwarded_for_ip": null}, {"_type": "url", "ie_key": "Youtube", "id": "pTl2P_xKTG8", "url": "https://www.youtube.com/watch?v=pTl2P_xKTG8", "title": "Ravens dominate 49ers, Can the Chiefs turn things around before the playoffs? | NFL | THE HERD", "description": null, "duration": 832, "channel_id": "UCFDidMd82mpDkKijLUqHp7A", "channel": "The Herd with Colin Cowherd", "channel_url": "https://www.youtube.com/channel/UCFDidMd82mpDkKijLUqHp7A", "uploader": "The Herd with Colin Cowherd", "uploader_id": "@TheHerdwithColinCowherd", "uploader_url": "https://www.youtube.com/@TheHerdwithColinCowherd", "thumbnails": [{"url": "https://i.ytimg.com/vi/pTl2P_xKTG8/hqdefault.jpg?sqp=-oaymwEbCKgBEF5IVfKriqkDDggBFQAAiEIYAXABwAEG&rs=AOn4CLCCcwxRU3pWeU9PRi3Wr_wS4bNjfw", "height": 94, "width": 168}, {"url": "https://i.ytimg.com/vi/pTl2P_xKTG8/hqdefault.jpg?sqp=-oaymwEbCMQBEG5IVfKriqkDDggBFQAAiEIYAXABwAEG&rs=AOn4CLBkRipIGWtj5CcPhZFq5G5fFUWwgg", "height": 110, "width": 196}, {"url": "https://i.ytimg.com/vi/pTl2P_xKTG8/hqdefault.jpg?sqp=-oaymwEcCPYBEIoBSFXyq4qpAw4IARUAAIhCGAFwAcABBg==&rs=AOn4CLDzGGsDuBqyBafXUdqiAJcoIBmU4A", "height": 138, "width": 246}, {"url": "https://i.ytimg.com/vi/pTl2P_xKTG8/hqdefault.jpg?sqp=-oaymwEcCNACELwBSFXyq4qpAw4IARUAAIhCGAFwAcABBg==&rs=AOn4CLASHrPs4NH4gF550ywEZDFu8HfFsg", "height": 188, "width": 336}], "timestamp": null, "release_timestamp": null, "availability": null, "view_count": 281000, "live_status": null, "channel_is_verified": null, "__x_forwarded_for_ip": null}, {"_type": "url", "ie_key": "Youtube", "id": "NZgVEKT5E3c", "url": "https://www.youtube.com/watch?v=NZgVEKT5E3c", "title": "KSI TALENT SHOW", "description": null, "duration": 2823, "channel_id": "UCGmnsW623G1r-Chmo5RB4Yw", "channel": "KSI", "channel_url": "https://www.youtube.com/channel/UCGmnsW623G1r-Chmo5RB4Yw", "uploader": "KSI", "uploader_id": "@KSI", "uploader_url": "https://www.youtube.com/@KSI", "thumbnails": [{"url": "https://i.ytimg.com/vi/NZgVEKT5E3c/hqdefault.jpg?sqp=-oaymwEbCKgBEF5IVfKriqkDDggBFQAAiEIYAXABwAEG&rs=AOn4CLA-6Ucm9bwGiRSTsh_R_tDmcXdnCQ", "height": 94, "width": 168}, {"url": "https://i.ytimg.com/vi/NZgVEKT5E3c/hqdefault.jpg?sqp=-oaymwEbCMQBEG5IVfKriqkDDggBFQAAiEIYAXABwAEG&rs=AOn4CLA50M9UwVt9psBP0LuPIlv-ZIuKqA", "height": 110, "width": 196}, {"url": "https://i.ytimg.com/vi/NZgVEKT5E3c/hqdefault.jpg?sqp=-oaymwEcCPYBEIoBSFXyq4qpAw4IARUAAIhCGAFwAcABBg==&rs=AOn4CLB56_TWSzEadmpFJNsq5h7NDsApww", "height": 138, "width": 246}, {"url": "https://i.ytimg.com/vi/NZgVEKT5E3c/hqdefault.jpg?sqp=-oaymwEcCNACELwBSFXyq4qpAw4IARUAAIhCGAFwAcABBg==&rs=AOn4CLDZshtEw3SYBjDDy8RPzEoUPhq6zg", "height": 188, "width": 336}], "timestamp": null, "release_timestamp": null, "availability": null, "view_count": 2900000, "live_status": null, "channel_is_verified": null, "__x_forwarded_for_ip": null}, {"_type": "url", "ie_key": "Youtube", "id": "yw0-mzBcGQo", "url": "https://www.youtube.com/watch?v=yw0-mzBcGQo", "title": "Coach Pierce's Locker Room Victory Speech vs. Chiefs: 'We Believe!' | Raiders | NFL", "description": null, "duration": 81, "channel_id": "UC1es5fp8FEK1L0EgHjCvmtQ", "channel": "Raiders", "channel_url": "https://www.youtube.com/channel/UC1es5fp8FEK1L0EgHjCvmtQ", "uploader": "Raiders", "uploader_id": "@raiders", "uploader_url": "https://www.youtube.com/@raiders", "thumbnails": [{"url": "https://i.ytimg.com/vi/yw0-mzBcGQo/hqdefault.jpg?sqp=-oaymwEbCKgBEF5IVfKriqkDDggBFQAAiEIYAXABwAEG&rs=AOn4CLCukIbvXjjxGdl3_z2EIcY9SNJKjg", "height": 94, "width": 168}, {"url": "https://i.ytimg.com/vi/yw0-mzBcGQo/hqdefault.jpg?sqp=-oaymwEbCMQBEG5IVfKriqkDDggBFQAAiEIYAXABwAEG&rs=AOn4CLD2ugwIeL18PwQaxP3aMgVvkXBM2Q", "height": 110, "width": 196}, {"url": "https://i.ytimg.com/vi/yw0-mzBcGQo/hqdefault.jpg?sqp=-oaymwEcCPYBEIoBSFXyq4qpAw4IARUAAIhCGAFwAcABBg==&rs=AOn4CLCQ4hfP9KayKdegDrVTIh9_bUKy3w", "height": 138, "width": 246}, {"url": "https://i.ytimg.com/vi/yw0-mzBcGQo/hqdefault.jpg?sqp=-oaymwEcCNACELwBSFXyq4qpAw4IARUAAIhCGAFwAcABBg==&rs=AOn4CLBMmA6etqzSMgHT7ySHw8ymPjKL2w", "height": 188, "width": 336}], "timestamp": null, "release_timestamp": null, "availability": null, "view_count": 271000, "live_status": null, "channel_is_verified": null, "__x_forwarded_for_ip": null}, {"_type": "url", "ie_key": "Youtube", "id": "gLe235AhWhs", "url": "https://www.youtube.com/watch?v=gLe235AhWhs", "title": "RASMUS! RASMUS! RASMUS! MANCHESTER UNITED 3-0 ASTON VILLA! GOLDBRIDGE Reaction", "description": null, "duration": 1715, "channel_id": "UCMmVPVb0BwSIOWVeDwlPocQ", "channel": "The United Stand", "channel_url": "https://www.youtube.com/channel/UCMmVPVb0BwSIOWVeDwlPocQ", "uploader": "The United Stand", "uploader_id": "@UnitedStand", "uploader_url": "https://www.youtube.com/@UnitedStand", "thumbnails": [{"url": "https://i.ytimg.com/vi/gLe235AhWhs/hqdefault.jpg?sqp=-oaymwEbCKgBEF5IVfKriqkDDggBFQAAiEIYAXABwAEG&rs=AOn4CLAD3n9rRzJeFnVVNU5HhwLM9l_x7Q", "height": 94, "width": 168}, {"url": "https://i.ytimg.com/vi/gLe235AhWhs/hqdefault.jpg?sqp=-oaymwEbCMQBEG5IVfKriqkDDggBFQAAiEIYAXABwAEG&rs=AOn4CLDtQfbnV-jW0wQxR86lxG-x0rFOYw", "height": 110, "width": 196}, {"url": "https://i.ytimg.com/vi/gLe235AhWhs/hqdefault.jpg?sqp=-oaymwEcCPYBEIoBSFXyq4qpAw4IARUAAIhCGAFwAcABBg==&rs=AOn4CLC8MQMibrOxlpHunb9JLd4TJJYeNw", "height": 138, "width": 246}, {"url": "https://i.ytimg.com/vi/gLe235AhWhs/hqdefault.jpg?sqp=-oaymwEcCNACELwBSFXyq4qpAw4IARUAAIhCGAFwAcABBg==&rs=AOn4CLArj5ZnWCBjFuy0cF7CIJL7V-jdHA", "height": 188, "width": 336}], "timestamp": null, "release_timestamp": null, "availability": null, "view_count": 450000, "live_status": "was_live", "channel_is_verified": null, "__x_forwarded_for_ip": null}, {"_type": "url", "ie_key": "Youtube", "id": "qdtjMWfYxek", "url": "https://www.youtube.com/watch?v=qdtjMWfYxek", "title": "Summer Walker - DROWN IN MY LOVE", "description": null, "duration": 104, "channel_id": "UCSpNS4dJ8wIScwMqatIdiQw", "channel": "Summer Walker", "channel_url": "https://www.youtube.com/channel/UCSpNS4dJ8wIScwMqatIdiQw", "uploader": "Summer Walker", "uploader_id": null, "uploader_url": null, "thumbnails": [{"url": "https://i.ytimg.com/vi/qdtjMWfYxek/hqdefault.jpg?sqp=-oaymwEbCKgBEF5IVfKriqkDDggBFQAAiEIYAXABwAEG&rs=AOn4CLAObaJ62Hx1NrjqaWT7GVNjjYB2Zg", "height": 94, "width": 168}, {"url": "https://i.ytimg.com/vi/qdtjMWfYxek/hqdefault.jpg?sqp=-oaymwEbCMQBEG5IVfKriqkDDggBFQAAiEIYAXABwAEG&rs=AOn4CLBEr3Ipfl3z4CLGv-gXocsgNwOy6g", "height": 110, "width": 196}, {"url": "https://i.ytimg.com/vi/qdtjMWfYxek/hqdefault.jpg?sqp=-oaymwEcCPYBEIoBSFXyq4qpAw4IARUAAIhCGAFwAcABBg==&rs=AOn4CLARrFqlgODiSYs6zMtTlfl4d9Smiw", "height": 138, "width": 246}, {"url": "https://i.ytimg.com/vi/qdtjMWfYxek/hqdefault.jpg?sqp=-oaymwEcCNACELwBSFXyq4qpAw4IARUAAIhCGAFwAcABBg==&rs=AOn4CLBnQn6KytdAidiqcFfbmjuogF4tgg", "height": 188, "width": 336}], "timestamp": null, "release_timestamp": null, "availability": null, "view_count": 1600000, "live_status": null, "channel_is_verified": null, "__x_forwarded_for_ip": null}, {"_type": "url", "ie_key": "Youtube", "id": "AHL9ki1uW0s", "url": "https://www.youtube.com/watch?v=AHL9ki1uW0s", "title": "Baltimore Ravens vs. San Francisco 49ers | 2023 Week 16 Game Highlights", "description": null, "duration": 872, "channel_id": "UCDVYQ4Zhbm3S2dlz7P1GBDg", "channel": "NFL", "channel_url": "https://www.youtube.com/channel/UCDVYQ4Zhbm3S2dlz7P1GBDg", "uploader": "NFL", "uploader_id": "@NFL", "uploader_url": "https://www.youtube.com/@NFL", "thumbnails": [{"url": "https://i.ytimg.com/vi/AHL9ki1uW0s/hqdefault.jpg?sqp=-oaymwEbCKgBEF5IVfKriqkDDggBFQAAiEIYAXABwAEG&rs=AOn4CLCu12lv01eaGv9lidZiLw-czyOv-Q", "height": 94, "width": 168}, {"url": "https://i.ytimg.com/vi/AHL9ki1uW0s/hqdefault.jpg?sqp=-oaymwEbCMQBEG5IVfKriqkDDggBFQAAiEIYAXABwAEG&rs=AOn4CLBqMgqJUrzfbYynS08f2L8EplKnfg", "height": 110, "width": 196}, {"url": "https://i.ytimg.com/vi/AHL9ki1uW0s/hqdefault.jpg?sqp=-oaymwEcCPYBEIoBSFXyq4qpAw4IARUAAIhCGAFwAcABBg==&rs=AOn4CLCeW1-1gYdQxQzT37B0uS_BgTn-Xg", "height": 138, "width": 246}, {"url": "https://i.ytimg.com/vi/AHL9ki1uW0s/hqdefault.jpg?sqp=-oaymwEcCNACELwBSFXyq4qpAw4IARUAAIhCGAFwAcABBg==&rs=AOn4CLCoXv4R4y6eljIUfimieuC0woX95A", "height": 188, "width": 336}], "timestamp": null, "release_timestamp": null, "availability": null, "view_count": 3700000, "live_status": null, "channel_is_verified": null, "__x_forwarded_for_ip": null}, {"_type": "url", "ie_key": "Youtube", "id": "GId2WVWwQCc", "url": "https://www.youtube.com/watch?v=GId2WVWwQCc", "title": "Something Strange Happened in Our Dream Home!", "description": null, "duration": 609, "channel_id": "UCJl0idSupgyRNT9uKfS9bxA", "channel": "The Beverly Halls", "channel_url": "https://www.youtube.com/channel/UCJl0idSupgyRNT9uKfS9bxA", "uploader": "The Beverly Halls", "uploader_id": "@TheBeverlyHalls", "uploader_url": "https://www.youtube.com/@TheBeverlyHalls", "thumbnails": [{"url": "https://i.ytimg.com/vi/GId2WVWwQCc/hqdefault.jpg?sqp=-oaymwEbCKgBEF5IVfKriqkDDggBFQAAiEIYAXABwAEG&rs=AOn4CLAERK6BIrHbpJTq2BZ8dA9_4NVkYA", "height": 94, "width": 168}, {"url": "https://i.ytimg.com/vi/GId2WVWwQCc/hqdefault.jpg?sqp=-oaymwEbCMQBEG5IVfKriqkDDggBFQAAiEIYAXABwAEG&rs=AOn4CLC3b0ketIpg7RVlu8rskjXm1MnM9w", "height": 110, "width": 196}, {"url": "https://i.ytimg.com/vi/GId2WVWwQCc/hqdefault.jpg?sqp=-oaymwEcCPYBEIoBSFXyq4qpAw4IARUAAIhCGAFwAcABBg==&rs=AOn4CLCIRKpe7nAXNlrtLrd9C0DVQSSsQQ", "height": 138, "width": 246}, {"url": "https://i.ytimg.com/vi/GId2WVWwQCc/hqdefault.jpg?sqp=-oaymwEcCNACELwBSFXyq4qpAw4IARUAAIhCGAFwAcABBg==&rs=AOn4CLCDZ45SM1Ji17s2SfS1BW-V7g3a2Q", "height": 188, "width": 336}], "timestamp": null, "release_timestamp": null, "availability": null, "view_count": 4800000, "live_status": null, "channel_is_verified": null, "__x_forwarded_for_ip": null}, {"_type": "url", "ie_key": "Youtube", "id": "xQWEfwAZahE", "url": "https://www.youtube.com/watch?v=xQWEfwAZahE", "title": "If Squid Game Was ACTUALLY Asian", "description": null, "duration": 261, "channel_id": "UCP0_k4INXrwPS6HhIyYqsTg", "channel": "Steven He", "channel_url": "https://www.youtube.com/channel/UCP0_k4INXrwPS6HhIyYqsTg", "uploader": "Steven He", "uploader_id": "@StevenHe", "uploader_url": "https://www.youtube.com/@StevenHe", "thumbnails": [{"url": "https://i.ytimg.com/vi/xQWEfwAZahE/hqdefault.jpg?sqp=-oaymwEbCKgBEF5IVfKriqkDDggBFQAAiEIYAXABwAEG&rs=AOn4CLA72-aK72HYqhygVAyn2cJDTpsP0w", "height": 94, "width": 168}, {"url": "https://i.ytimg.com/vi/xQWEfwAZahE/hqdefault.jpg?sqp=-oaymwEbCMQBEG5IVfKriqkDDggBFQAAiEIYAXABwAEG&rs=AOn4CLAp-jpx3VisnHoH55iiMYnT9elaTg", "height": 110, "width": 196}, {"url": "https://i.ytimg.com/vi/xQWEfwAZahE/hqdefault.jpg?sqp=-oaymwEcCPYBEIoBSFXyq4qpAw4IARUAAIhCGAFwAcABBg==&rs=AOn4CLBS4HnYmTkScG97DYrar3brTlBaCQ", "height": 138, "width": 246}, {"url": "https://i.ytimg.com/vi/xQWEfwAZahE/hqdefault.jpg?sqp=-oaymwEcCNACELwBSFXyq4qpAw4IARUAAIhCGAFwAcABBg==&rs=AOn4CLB3PMtUVlf8IqhbcWXV8YlKtGd31A", "height": 188, "width": 336}], "timestamp": null, "release_timestamp": null, "availability": null, "view_count": 15000000, "live_status": null, "channel_is_verified": null, "__x_forwarded_for_ip": null}, {"_type": "url", "ie_key": "Youtube", "id": "ff9HEuGK-UM", "url": "https://www.youtube.com/watch?v=ff9HEuGK-UM", "title": "Michelle Obama & Jon Batiste Play The Piano | American Symphony | Netflix", "description": null, "duration": 325, "channel_id": "UCGie8GMlUo3kBKIopdvumVQ", "channel": "Still Watching Netflix", "channel_url": "https://www.youtube.com/channel/UCGie8GMlUo3kBKIopdvumVQ", "uploader": "Still Watching Netflix", "uploader_id": "@stillwatchingnetflix", "uploader_url": "https://www.youtube.com/@stillwatchingnetflix", "thumbnails": [{"url": "https://i.ytimg.com/vi/ff9HEuGK-UM/hqdefault.jpg?sqp=-oaymwEbCKgBEF5IVfKriqkDDggBFQAAiEIYAXABwAEG&rs=AOn4CLA7gkZIZUswdwpkJtw-bp8h1TNXgQ", "height": 94, "width": 168}, {"url": "https://i.ytimg.com/vi/ff9HEuGK-UM/hqdefault.jpg?sqp=-oaymwEbCMQBEG5IVfKriqkDDggBFQAAiEIYAXABwAEG&rs=AOn4CLCbrzn4cCbMzMDe7gMW4LcAzDETMw", "height": 110, "width": 196}, {"url": "https://i.ytimg.com/vi/ff9HEuGK-UM/hqdefault.jpg?sqp=-oaymwEcCPYBEIoBSFXyq4qpAw4IARUAAIhCGAFwAcABBg==&rs=AOn4CLCwF7gfM722aHF3x60t8xz6yDqV1w", "height": 138, "width": 246}, {"url": "https://i.ytimg.com/vi/ff9HEuGK-UM/hqdefault.jpg?sqp=-oaymwEcCNACELwBSFXyq4qpAw4IARUAAIhCGAFwAcABBg==&rs=AOn4CLBvKsBfgHldswfgI7VP8_V31uYB8w", "height": 188, "width": 336}], "timestamp": null, "release_timestamp": null, "availability": null, "view_count": 1400000, "live_status": null, "channel_is_verified": null, "__x_forwarded_for_ip": null}, {"_type": "url", "ie_key": "Youtube", "id": "0o0l6Kxg3gY", "url": "https://www.youtube.com/watch?v=0o0l6Kxg3gY", "title": "I'M PREGNANT...we're having a baby | VLOGMAS DAY 24", "description": null, "duration": 1775, "channel_id": "UCxVEsOhpjLTRKNUSA8e0mfA", "channel": "XO, MaCenna Vlogs", "channel_url": "https://www.youtube.com/channel/UCxVEsOhpjLTRKNUSA8e0mfA", "uploader": "XO, MaCenna Vlogs", "uploader_id": "@xomacennavlogs", "uploader_url": "https://www.youtube.com/@xomacennavlogs", "thumbnails": [{"url": "https://i.ytimg.com/vi/0o0l6Kxg3gY/hqdefault.jpg?sqp=-oaymwEbCKgBEF5IVfKriqkDDggBFQAAiEIYAXABwAEG&rs=AOn4CLC0rA8PG6rTKlAFYRzMQG1RX6NTEw", "height": 94, "width": 168}, {"url": "https://i.ytimg.com/vi/0o0l6Kxg3gY/hqdefault.jpg?sqp=-oaymwEbCMQBEG5IVfKriqkDDggBFQAAiEIYAXABwAEG&rs=AOn4CLA9t5j8GkOzULdWWT8HRgP5KitY9w", "height": 110, "width": 196}, {"url": "https://i.ytimg.com/vi/0o0l6Kxg3gY/hqdefault.jpg?sqp=-oaymwEcCPYBEIoBSFXyq4qpAw4IARUAAIhCGAFwAcABBg==&rs=AOn4CLDPrI6c4HuT6OCm7dPAReSs8adSqA", "height": 138, "width": 246}, {"url": "https://i.ytimg.com/vi/0o0l6Kxg3gY/hqdefault.jpg?sqp=-oaymwEcCNACELwBSFXyq4qpAw4IARUAAIhCGAFwAcABBg==&rs=AOn4CLBU6EICSRD3-512DTXxQP5Mu-8DZw", "height": 188, "width": 336}], "timestamp": null, "release_timestamp": null, "availability": null, "view_count": 444000, "live_status": null, "channel_is_verified": null, "__x_forwarded_for_ip": null}, {"_type": "url", "ie_key": "Youtube", "id": "FwCFBereJ5Q", "url": "https://www.youtube.com/watch?v=FwCFBereJ5Q", "title": "Have a Bootleg Gaming Christmas! - Scott The Woz", "description": null, "duration": 1795, "channel_id": "UC4rqhyiTs7XyuODcECvuiiQ", "channel": "Scott The Woz", "channel_url": "https://www.youtube.com/channel/UC4rqhyiTs7XyuODcECvuiiQ", "uploader": "Scott The Woz", "uploader_id": "@ScottTheWoz", "uploader_url": "https://www.youtube.com/@ScottTheWoz", "thumbnails": [{"url": "https://i.ytimg.com/vi/FwCFBereJ5Q/hqdefault.jpg?sqp=-oaymwEbCKgBEF5IVfKriqkDDggBFQAAiEIYAXABwAEG&rs=AOn4CLAwFqo3Hs81SrtmskpyR5fo_CceXQ", "height": 94, "width": 168}, {"url": "https://i.ytimg.com/vi/FwCFBereJ5Q/hqdefault.jpg?sqp=-oaymwEbCMQBEG5IVfKriqkDDggBFQAAiEIYAXABwAEG&rs=AOn4CLBTed14NokDdxySMxGS9FzgUbV4HQ", "height": 110, "width": 196}, {"url": "https://i.ytimg.com/vi/FwCFBereJ5Q/hqdefault.jpg?sqp=-oaymwEcCPYBEIoBSFXyq4qpAw4IARUAAIhCGAFwAcABBg==&rs=AOn4CLCtW1VVG7eVk0Ovuwf5RO24gZop4w", "height": 138, "width": 246}, {"url": "https://i.ytimg.com/vi/FwCFBereJ5Q/hqdefault.jpg?sqp=-oaymwEcCNACELwBSFXyq4qpAw4IARUAAIhCGAFwAcABBg==&rs=AOn4CLB26CahgzhKAeWPoUknj1alUTBAUw", "height": 188, "width": 336}], "timestamp": null, "release_timestamp": null, "availability": null, "view_count": 1500000, "live_status": null, "channel_is_verified": null, "__x_forwarded_for_ip": null}, {"_type": "url", "ie_key": "Youtube", "id": "UqebHxl1UOs", "url": "https://www.youtube.com/watch?v=UqebHxl1UOs", "title": "WHAT I GOT FOR CHRISTMAS 2023", "description": null, "duration": 862, "channel_id": "UC8hbHvOenwYrbcUV3GRZCYA", "channel": "Bailey Dedrick", "channel_url": "https://www.youtube.com/channel/UC8hbHvOenwYrbcUV3GRZCYA", "uploader": "Bailey Dedrick", "uploader_id": "@baileydedrick", "uploader_url": "https://www.youtube.com/@baileydedrick", "thumbnails": [{"url": "https://i.ytimg.com/vi/UqebHxl1UOs/hqdefault.jpg?sqp=-oaymwEbCKgBEF5IVfKriqkDDggBFQAAiEIYAXABwAEG&rs=AOn4CLC8Fnw0nKPPue1IAYdlM2HzZmh3YA", "height": 94, "width": 168}, {"url": "https://i.ytimg.com/vi/UqebHxl1UOs/hqdefault.jpg?sqp=-oaymwEbCMQBEG5IVfKriqkDDggBFQAAiEIYAXABwAEG&rs=AOn4CLA0ojL16nBAHT0yEZFkCYquUpggDg", "height": 110, "width": 196}, {"url": "https://i.ytimg.com/vi/UqebHxl1UOs/hqdefault.jpg?sqp=-oaymwEcCPYBEIoBSFXyq4qpAw4IARUAAIhCGAFwAcABBg==&rs=AOn4CLB6U_NFz2cya7oSzUDSukL6CWMEJQ", "height": 138, "width": 246}, {"url": "https://i.ytimg.com/vi/UqebHxl1UOs/hqdefault.jpg?sqp=-oaymwEcCNACELwBSFXyq4qpAw4IARUAAIhCGAFwAcABBg==&rs=AOn4CLAng2bmTYd29jwbGSUjDjDrzdSNJg", "height": 188, "width": 336}], "timestamp": null, "release_timestamp": null, "availability": null, "view_count": 321000, "live_status": null, "channel_is_verified": null, "__x_forwarded_for_ip": null}, {"_type": "url", "ie_key": "Youtube", "id": "a5kFVAxrVVE", "url": "https://www.youtube.com/watch?v=a5kFVAxrVVE", "title": "YouTuber Come Dine With Me - Ep. 3 | Theo Baker", "description": null, "duration": 2337, "channel_id": "UCTSCvnsxOcoknftrqdXQzyg", "channel": "TheBurntChip", "channel_url": "https://www.youtube.com/channel/UCTSCvnsxOcoknftrqdXQzyg", "uploader": "TheBurntChip", "uploader_id": "@TheBurntChipHD", "uploader_url": "https://www.youtube.com/@TheBurntChipHD", "thumbnails": [{"url": "https://i.ytimg.com/vi/a5kFVAxrVVE/hqdefault.jpg?sqp=-oaymwEbCKgBEF5IVfKriqkDDggBFQAAiEIYAXABwAEG&rs=AOn4CLBrV8DyNYDq5kQVg0CvSoYT2K_aQw", "height": 94, "width": 168}, {"url": "https://i.ytimg.com/vi/a5kFVAxrVVE/hqdefault.jpg?sqp=-oaymwEbCMQBEG5IVfKriqkDDggBFQAAiEIYAXABwAEG&rs=AOn4CLDjFuqyOz2--GcISdyLj0v2U0UKxA", "height": 110, "width": 196}, {"url": "https://i.ytimg.com/vi/a5kFVAxrVVE/hqdefault.jpg?sqp=-oaymwEcCPYBEIoBSFXyq4qpAw4IARUAAIhCGAFwAcABBg==&rs=AOn4CLDfF2WN3HQ10mM_r7UNRC13eK00Dw", "height": 138, "width": 246}, {"url": "https://i.ytimg.com/vi/a5kFVAxrVVE/hqdefault.jpg?sqp=-oaymwEcCNACELwBSFXyq4qpAw4IARUAAIhCGAFwAcABBg==&rs=AOn4CLAq68oQp1-8DVGEaIGoTyaXY7bgBw", "height": 188, "width": 336}], "timestamp": null, "release_timestamp": null, "availability": null, "view_count": 1800000, "live_status": null, "channel_is_verified": null, "__x_forwarded_for_ip": null}, {"_type": "url", "ie_key": "Youtube", "id": "mN62Zd01COU", "url": "https://www.youtube.com/watch?v=mN62Zd01COU", "title": "El Alfa \u201cEl Jefe\u201d X Donaty X Fuerza Regida - TORETTO", "description": null, "duration": 233, "channel_id": "UCEU5ZK7DwN9ppqPFJiGah3A", "channel": "ElAlfaElJefeTV", "channel_url": "https://www.youtube.com/channel/UCEU5ZK7DwN9ppqPFJiGah3A", "uploader": "ElAlfaElJefeTV", "uploader_id": null, "uploader_url": null, "thumbnails": [{"url": "https://i.ytimg.com/vi/mN62Zd01COU/hqdefault.jpg?sqp=-oaymwEbCKgBEF5IVfKriqkDDggBFQAAiEIYAXABwAEG&rs=AOn4CLCRML8A-gWTbyGXpy3WXeZhgghQJw", "height": 94, "width": 168}, {"url": "https://i.ytimg.com/vi/mN62Zd01COU/hqdefault.jpg?sqp=-oaymwEbCMQBEG5IVfKriqkDDggBFQAAiEIYAXABwAEG&rs=AOn4CLA6df_pXqDhMpyaPURn8icFK7IAtA", "height": 110, "width": 196}, {"url": "https://i.ytimg.com/vi/mN62Zd01COU/hqdefault.jpg?sqp=-oaymwEcCPYBEIoBSFXyq4qpAw4IARUAAIhCGAFwAcABBg==&rs=AOn4CLCCrmfsmN1RUKwWJ1PEtMwms_mMWA", "height": 138, "width": 246}, {"url": "https://i.ytimg.com/vi/mN62Zd01COU/hqdefault.jpg?sqp=-oaymwEcCNACELwBSFXyq4qpAw4IARUAAIhCGAFwAcABBg==&rs=AOn4CLCJpcma3EHyFb5XwvrNORfxeXqsYQ", "height": 188, "width": 336}], "timestamp": null, "release_timestamp": null, "availability": null, "view_count": 15000000, "live_status": null, "channel_is_verified": null, "__x_forwarded_for_ip": null}, {"_type": "url", "ie_key": "Youtube", "id": "OCKQBMlXeGc", "url": "https://www.youtube.com/watch?v=OCKQBMlXeGc", "title": "We Built A School", "description": null, "duration": 360, "channel_id": "UCAiLfjNXkNv24uhpzUgPa6A", "channel": "Beast Philanthropy", "channel_url": "https://www.youtube.com/channel/UCAiLfjNXkNv24uhpzUgPa6A", "uploader": "Beast Philanthropy", "uploader_id": "@BeastPhilanthropy", "uploader_url": "https://www.youtube.com/@BeastPhilanthropy", "thumbnails": [{"url": "https://i.ytimg.com/vi/OCKQBMlXeGc/hqdefault.jpg?sqp=-oaymwEbCKgBEF5IVfKriqkDDggBFQAAiEIYAXABwAEG&rs=AOn4CLCm2VF_VMpHn2dR_kv8iDe3Sd9Chw", "height": 94, "width": 168}, {"url": "https://i.ytimg.com/vi/OCKQBMlXeGc/hqdefault.jpg?sqp=-oaymwEbCMQBEG5IVfKriqkDDggBFQAAiEIYAXABwAEG&rs=AOn4CLD34LRiggsbuA7WTRjThS-fjbXZcw", "height": 110, "width": 196}, {"url": "https://i.ytimg.com/vi/OCKQBMlXeGc/hqdefault.jpg?sqp=-oaymwEcCPYBEIoBSFXyq4qpAw4IARUAAIhCGAFwAcABBg==&rs=AOn4CLA5Zewlsslhf7dZ2YQ_DXO0k176Nw", "height": 138, "width": 246}, {"url": "https://i.ytimg.com/vi/OCKQBMlXeGc/hqdefault.jpg?sqp=-oaymwEcCNACELwBSFXyq4qpAw4IARUAAIhCGAFwAcABBg==&rs=AOn4CLBP1P2YWbIUh7NkCAjzArgHSxYV9A", "height": 188, "width": 336}], "timestamp": null, "release_timestamp": null, "availability": null, "view_count": 45000000, "live_status": null, "channel_is_verified": null, "__x_forwarded_for_ip": null}, {"_type": "url", "ie_key": "Youtube", "id": "xi1YS_HfNyY", "url": "https://www.youtube.com/watch?v=xi1YS_HfNyY", "title": "LISA - My Only Wish (Britney Spears cover)", "description": null, "duration": 211, "channel_id": "UC35HKvKYPkri4Grd5KXl3wQ", "channel": "Lilifilm Official", "channel_url": "https://www.youtube.com/channel/UC35HKvKYPkri4Grd5KXl3wQ", "uploader": "Lilifilm Official", "uploader_id": "@lalalalisa_m", "uploader_url": "https://www.youtube.com/@lalalalisa_m", "thumbnails": [{"url": "https://i.ytimg.com/vi/xi1YS_HfNyY/hqdefault.jpg?sqp=-oaymwEbCKgBEF5IVfKriqkDDggBFQAAiEIYAXABwAEG&rs=AOn4CLCf964XutCSQLa2NvaflSONLLgmmg", "height": 94, "width": 168}, {"url": "https://i.ytimg.com/vi/xi1YS_HfNyY/hqdefault.jpg?sqp=-oaymwEbCMQBEG5IVfKriqkDDggBFQAAiEIYAXABwAEG&rs=AOn4CLASTbolvTnlax2lqh-Se3LsJ-yClw", "height": 110, "width": 196}, {"url": "https://i.ytimg.com/vi/xi1YS_HfNyY/hqdefault.jpg?sqp=-oaymwEcCPYBEIoBSFXyq4qpAw4IARUAAIhCGAFwAcABBg==&rs=AOn4CLBj6yEz1YJ4Ih3eui9mDzQpwkKZpQ", "height": 138, "width": 246}, {"url": "https://i.ytimg.com/vi/xi1YS_HfNyY/hqdefault.jpg?sqp=-oaymwEcCNACELwBSFXyq4qpAw4IARUAAIhCGAFwAcABBg==&rs=AOn4CLDWt4OYMviYbl_-pQL-QBVDoVlvhQ", "height": 188, "width": 336}], "timestamp": null, "release_timestamp": null, "availability": null, "view_count": 16000000, "live_status": null, "channel_is_verified": null, "__x_forwarded_for_ip": null}, {"_type": "url", "ie_key": "Youtube", "id": "rsfZvzjSXW0", "url": "https://www.youtube.com/watch?v=rsfZvzjSXW0", "title": "\ud83d\udd25 Cozy Fireplace 4K (12 HOURS). Fireplace with Crackling Fire Sounds. Crackling Fireplace 4K", "description": null, "duration": 42895, "channel_id": "UCaJs3QtwUWJ2u_sdQVBs4XA", "channel": "FOBOS PLANET", "channel_url": "https://www.youtube.com/channel/UCaJs3QtwUWJ2u_sdQVBs4XA", "uploader": "FOBOS PLANET", "uploader_id": "@FobosPlanet", "uploader_url": "https://www.youtube.com/@FobosPlanet", "thumbnails": [{"url": "https://i.ytimg.com/vi/rsfZvzjSXW0/hqdefault.jpg?sqp=-oaymwEbCKgBEF5IVfKriqkDDggBFQAAiEIYAXABwAEG&rs=AOn4CLCBigW42d5VEfAAjf1TxWge3Kofrg", "height": 94, "width": 168}, {"url": "https://i.ytimg.com/vi/rsfZvzjSXW0/hqdefault.jpg?sqp=-oaymwEbCMQBEG5IVfKriqkDDggBFQAAiEIYAXABwAEG&rs=AOn4CLBR-5ZU81pCOKHgNhRapjE9bFC2Ig", "height": 110, "width": 196}, {"url": "https://i.ytimg.com/vi/rsfZvzjSXW0/hqdefault.jpg?sqp=-oaymwEcCPYBEIoBSFXyq4qpAw4IARUAAIhCGAFwAcABBg==&rs=AOn4CLBqNQmSiQqNwptOQGUbXNqSi5gODw", "height": 138, "width": 246}, {"url": "https://i.ytimg.com/vi/rsfZvzjSXW0/hqdefault.jpg?sqp=-oaymwEcCNACELwBSFXyq4qpAw4IARUAAIhCGAFwAcABBg==&rs=AOn4CLATEo7hwHBp70nbA_y9Lt7UoRl5XQ", "height": 188, "width": 336}], "timestamp": null, "release_timestamp": null, "availability": null, "view_count": 1600000, "live_status": "was_live", "channel_is_verified": null, "__x_forwarded_for_ip": null}, {"_type": "url", "ie_key": "Youtube", "id": "4PDLO-iC3FM", "url": "https://www.youtube.com/watch?v=4PDLO-iC3FM", "title": "3 Days in Arctic with Bushcraft Hot Tent & No Sleeping Bag", "description": null, "duration": 1935, "channel_id": "UCfpCQ89W9wjkHc8J_6eTbBg", "channel": "Outdoor Boys", "channel_url": "https://www.youtube.com/channel/UCfpCQ89W9wjkHc8J_6eTbBg", "uploader": "Outdoor Boys", "uploader_id": "@OutdoorBoys", "uploader_url": "https://www.youtube.com/@OutdoorBoys", "thumbnails": [{"url": "https://i.ytimg.com/vi/4PDLO-iC3FM/hqdefault.jpg?sqp=-oaymwEbCKgBEF5IVfKriqkDDggBFQAAiEIYAXABwAEG&rs=AOn4CLCmzjnrgzEmC9xlzrix89nTvaS-MA", "height": 94, "width": 168}, {"url": "https://i.ytimg.com/vi/4PDLO-iC3FM/hqdefault.jpg?sqp=-oaymwEbCMQBEG5IVfKriqkDDggBFQAAiEIYAXABwAEG&rs=AOn4CLBk7UzTP3uhBD3tENJk8Zdt_Itc2w", "height": 110, "width": 196}, {"url": "https://i.ytimg.com/vi/4PDLO-iC3FM/hqdefault.jpg?sqp=-oaymwEcCPYBEIoBSFXyq4qpAw4IARUAAIhCGAFwAcABBg==&rs=AOn4CLC4m-fe0rJa0woczD7FTQTf2If2vw", "height": 138, "width": 246}, {"url": "https://i.ytimg.com/vi/4PDLO-iC3FM/hqdefault.jpg?sqp=-oaymwEcCNACELwBSFXyq4qpAw4IARUAAIhCGAFwAcABBg==&rs=AOn4CLD9kYsS7P68mWa2JNbbKbyF2_QRXw", "height": 188, "width": 336}], "timestamp": null, "release_timestamp": null, "availability": null, "view_count": 45000000, "live_status": null, "channel_is_verified": null, "__x_forwarded_for_ip": null}, {"_type": "url", "ie_key": "Youtube", "id": "3spQnRyoJaY", "url": "https://www.youtube.com/watch?v=3spQnRyoJaY", "title": "El Mimoso - Desde La Playa 3 - Grupo Firme - El Flaco - El Yaki - Julio Preciado", "description": null, "duration": 3544, "channel_id": "UCOMwD1nrJZ6-0Ml5KyanVSg", "channel": "El Mimoso", "channel_url": "https://www.youtube.com/channel/UCOMwD1nrJZ6-0Ml5KyanVSg", "uploader": "El Mimoso", "uploader_id": null, "uploader_url": null, "thumbnails": [{"url": "https://i.ytimg.com/vi/3spQnRyoJaY/hqdefault.jpg?sqp=-oaymwEbCKgBEF5IVfKriqkDDggBFQAAiEIYAXABwAEG&rs=AOn4CLCi-q0G0k_SPFK9fXn5pv-S-pTx1Q", "height": 94, "width": 168}, {"url": "https://i.ytimg.com/vi/3spQnRyoJaY/hqdefault.jpg?sqp=-oaymwEbCMQBEG5IVfKriqkDDggBFQAAiEIYAXABwAEG&rs=AOn4CLAm7R8p5uYGc867448V96XMxXsp0A", "height": 110, "width": 196}, {"url": "https://i.ytimg.com/vi/3spQnRyoJaY/hqdefault.jpg?sqp=-oaymwEcCPYBEIoBSFXyq4qpAw4IARUAAIhCGAFwAcABBg==&rs=AOn4CLDia4KXkSO6zCVbQPw0dVEVQQddjw", "height": 138, "width": 246}, {"url": "https://i.ytimg.com/vi/3spQnRyoJaY/hqdefault.jpg?sqp=-oaymwEcCNACELwBSFXyq4qpAw4IARUAAIhCGAFwAcABBg==&rs=AOn4CLBR_EiukOO2p5VccyMAK962TkMEDQ", "height": 188, "width": 336}], "timestamp": null, "release_timestamp": null, "availability": null, "view_count": 23000000, "live_status": null, "channel_is_verified": null, "__x_forwarded_for_ip": null}, {"_type": "url", "ie_key": "Youtube", "id": "lAWNWiwVK0o", "url": "https://www.youtube.com/watch?v=lAWNWiwVK0o", "title": "Birth Story \u2014 Baby Seewald #5: Part 2", "description": null, "duration": 544, "channel_id": "UCYa2h0u4rOcBn8lSktcBMFA", "channel": "Jessa Seewald", "channel_url": "https://www.youtube.com/channel/UCYa2h0u4rOcBn8lSktcBMFA", "uploader": "Jessa Seewald", "uploader_id": "@JessaSeewald", "uploader_url": "https://www.youtube.com/@JessaSeewald", "thumbnails": [{"url": "https://i.ytimg.com/vi/lAWNWiwVK0o/hqdefault.jpg?sqp=-oaymwEbCKgBEF5IVfKriqkDDggBFQAAiEIYAXABwAEG&rs=AOn4CLB0xu6WRsldcMYK3YqCE-A2oIBI_Q", "height": 94, "width": 168}, {"url": "https://i.ytimg.com/vi/lAWNWiwVK0o/hqdefault.jpg?sqp=-oaymwEbCMQBEG5IVfKriqkDDggBFQAAiEIYAXABwAEG&rs=AOn4CLA0OqkTrjxuEjcAHuo3izX6ER7k7g", "height": 110, "width": 196}, {"url": "https://i.ytimg.com/vi/lAWNWiwVK0o/hqdefault.jpg?sqp=-oaymwEcCPYBEIoBSFXyq4qpAw4IARUAAIhCGAFwAcABBg==&rs=AOn4CLC7r8w37MuCNKjKgLqA5JtdGaHY2Q", "height": 138, "width": 246}, {"url": "https://i.ytimg.com/vi/lAWNWiwVK0o/hqdefault.jpg?sqp=-oaymwEcCNACELwBSFXyq4qpAw4IARUAAIhCGAFwAcABBg==&rs=AOn4CLA-gHRvbN1Kl1O8yIzghYbEMSpmqw", "height": 188, "width": 336}], "timestamp": null, "release_timestamp": null, "availability": null, "view_count": 689000, "live_status": null, "channel_is_verified": null, "__x_forwarded_for_ip": null}, {"_type": "url", "ie_key": "Youtube", "id": "rU5MdmBGnQQ", "url": "https://www.youtube.com/watch?v=rU5MdmBGnQQ", "title": "Christmas Came Early! We Blew Her Mind!", "description": null, "duration": 492, "channel_id": "UC-SV8-bUJfXjrRMnp7F8Wzw", "channel": "Roman Atwood Vlogs", "channel_url": "https://www.youtube.com/channel/UC-SV8-bUJfXjrRMnp7F8Wzw", "uploader": "Roman Atwood Vlogs", "uploader_id": "@romanatwoodvlogs", "uploader_url": "https://www.youtube.com/@romanatwoodvlogs", "thumbnails": [{"url": "https://i.ytimg.com/vi/rU5MdmBGnQQ/hqdefault.jpg?sqp=-oaymwEbCKgBEF5IVfKriqkDDggBFQAAiEIYAXABwAEG&rs=AOn4CLCX2ZUiVmhAj_isNYdQWmqZ4Q_iPA", "height": 94, "width": 168}, {"url": "https://i.ytimg.com/vi/rU5MdmBGnQQ/hqdefault.jpg?sqp=-oaymwEbCMQBEG5IVfKriqkDDggBFQAAiEIYAXABwAEG&rs=AOn4CLDxK12o_uAfZG3cMlKWyzQ6sOB6cA", "height": 110, "width": 196}, {"url": "https://i.ytimg.com/vi/rU5MdmBGnQQ/hqdefault.jpg?sqp=-oaymwEcCPYBEIoBSFXyq4qpAw4IARUAAIhCGAFwAcABBg==&rs=AOn4CLCfcSJvxLUOPopww-6Yv-ZVqCaUUQ", "height": 138, "width": 246}, {"url": "https://i.ytimg.com/vi/rU5MdmBGnQQ/hqdefault.jpg?sqp=-oaymwEcCNACELwBSFXyq4qpAw4IARUAAIhCGAFwAcABBg==&rs=AOn4CLD4_tQqN50OAbKCBjxxA2_489WUbQ", "height": 188, "width": 336}], "timestamp": null, "release_timestamp": null, "availability": null, "view_count": 659000, "live_status": null, "channel_is_verified": null, "__x_forwarded_for_ip": null}, {"_type": "url", "ie_key": "Youtube", "id": "aWCNkD-Bm1w", "url": "https://www.youtube.com/watch?v=aWCNkD-Bm1w", "title": "HIGHLIGHTS! | MAN CITY 4-0 FLUMINENSE | FIFA Club World Cup | CITY ARE CLUB WORLD CUP CHAMPIONS!", "description": null, "duration": 300, "channel_id": "UCkzCjdRMrW2vXLx8mvPVLdQ", "channel": "Man City", "channel_url": "https://www.youtube.com/channel/UCkzCjdRMrW2vXLx8mvPVLdQ", "uploader": "Man City", "uploader_id": "@mancity", "uploader_url": "https://www.youtube.com/@mancity", "thumbnails": [{"url": "https://i.ytimg.com/vi/aWCNkD-Bm1w/hqdefault.jpg?sqp=-oaymwEbCKgBEF5IVfKriqkDDggBFQAAiEIYAXABwAEG&rs=AOn4CLCqzQKc37hmGLroxjOZ3BjLPQtXbQ", "height": 94, "width": 168}, {"url": "https://i.ytimg.com/vi/aWCNkD-Bm1w/hqdefault.jpg?sqp=-oaymwEbCMQBEG5IVfKriqkDDggBFQAAiEIYAXABwAEG&rs=AOn4CLBXtFz5lWW-Io1iUqTr1kJ9svGzbA", "height": 110, "width": 196}, {"url": "https://i.ytimg.com/vi/aWCNkD-Bm1w/hqdefault.jpg?sqp=-oaymwEcCPYBEIoBSFXyq4qpAw4IARUAAIhCGAFwAcABBg==&rs=AOn4CLD0_bUenKMNVgkGn6d6AR0HDqAEEw", "height": 138, "width": 246}, {"url": "https://i.ytimg.com/vi/aWCNkD-Bm1w/hqdefault.jpg?sqp=-oaymwEcCNACELwBSFXyq4qpAw4IARUAAIhCGAFwAcABBg==&rs=AOn4CLCRTtDsnXUktg-zO_mi9ueEepad3w", "height": 188, "width": 336}], "timestamp": null, "release_timestamp": null, "availability": null, "view_count": 3100000, "live_status": null, "channel_is_verified": null, "__x_forwarded_for_ip": null}, {"_type": "url", "ie_key": "Youtube", "id": "8xDSty_QtLA", "url": "https://www.youtube.com/watch?v=8xDSty_QtLA", "title": "Dallas Cowboys vs. Miami Dolphins | 2023 Week 16 Game Highlights", "description": null, "duration": 847, "channel_id": "UCDVYQ4Zhbm3S2dlz7P1GBDg", "channel": "NFL", "channel_url": "https://www.youtube.com/channel/UCDVYQ4Zhbm3S2dlz7P1GBDg", "uploader": "NFL", "uploader_id": "@NFL", "uploader_url": "https://www.youtube.com/@NFL", "thumbnails": [{"url": "https://i.ytimg.com/vi/8xDSty_QtLA/hqdefault.jpg?sqp=-oaymwEbCKgBEF5IVfKriqkDDggBFQAAiEIYAXABwAEG&rs=AOn4CLDoqsMn_IbP7VPFtVOvyeblNJbglQ", "height": 94, "width": 168}, {"url": "https://i.ytimg.com/vi/8xDSty_QtLA/hqdefault.jpg?sqp=-oaymwEbCMQBEG5IVfKriqkDDggBFQAAiEIYAXABwAEG&rs=AOn4CLCjCRHZ58kblvWXuMxhTozygUeJnQ", "height": 110, "width": 196}, {"url": "https://i.ytimg.com/vi/8xDSty_QtLA/hqdefault.jpg?sqp=-oaymwEcCPYBEIoBSFXyq4qpAw4IARUAAIhCGAFwAcABBg==&rs=AOn4CLAmKKl-h7yqz6XhgzJVqfGSMCm4ww", "height": 138, "width": 246}, {"url": "https://i.ytimg.com/vi/8xDSty_QtLA/hqdefault.jpg?sqp=-oaymwEcCNACELwBSFXyq4qpAw4IARUAAIhCGAFwAcABBg==&rs=AOn4CLBLev495mM8oT978Q4wqzha2CdxGw", "height": 188, "width": 336}], "timestamp": null, "release_timestamp": null, "availability": null, "view_count": 2500000, "live_status": null, "channel_is_verified": null, "__x_forwarded_for_ip": null}, {"_type": "url", "ie_key": "Youtube", "id": "d6Pcp944sRI", "url": "https://www.youtube.com/watch?v=d6Pcp944sRI", "title": "Making purple gold", "description": null, "duration": 3200, "channel_id": "UCFhXFikryT4aFcLkLw2LBLA", "channel": "NileRed", "channel_url": "https://www.youtube.com/channel/UCFhXFikryT4aFcLkLw2LBLA", "uploader": "NileRed", "uploader_id": "@NileRed", "uploader_url": "https://www.youtube.com/@NileRed", "thumbnails": [{"url": "https://i.ytimg.com/vi/d6Pcp944sRI/hqdefault.jpg?sqp=-oaymwEbCKgBEF5IVfKriqkDDggBFQAAiEIYAXABwAEG&rs=AOn4CLCZA1_CY-teN18YwLWwAnyHZilgOw", "height": 94, "width": 168}, {"url": "https://i.ytimg.com/vi/d6Pcp944sRI/hqdefault.jpg?sqp=-oaymwEbCMQBEG5IVfKriqkDDggBFQAAiEIYAXABwAEG&rs=AOn4CLBoF20rtuFJFnqR3cPaEPpVkZHJUw", "height": 110, "width": 196}, {"url": "https://i.ytimg.com/vi/d6Pcp944sRI/hqdefault.jpg?sqp=-oaymwEcCPYBEIoBSFXyq4qpAw4IARUAAIhCGAFwAcABBg==&rs=AOn4CLBGE070u0ryiphTfiNUl9kc4331XQ", "height": 138, "width": 246}, {"url": "https://i.ytimg.com/vi/d6Pcp944sRI/hqdefault.jpg?sqp=-oaymwEcCNACELwBSFXyq4qpAw4IARUAAIhCGAFwAcABBg==&rs=AOn4CLA5rvpOpgXXqz9J7HTXXsUSHyG6lg", "height": 188, "width": 336}], "timestamp": null, "release_timestamp": null, "availability": null, "view_count": 30000000, "live_status": null, "channel_is_verified": null, "__x_forwarded_for_ip": null}, {"_type": "url", "ie_key": "Youtube", "id": "uOAnBdKPEXQ", "url": "https://www.youtube.com/watch?v=uOAnBdKPEXQ", "title": "I Built The SMALLEST Automatic Farms in Minecraft Hardcore", "description": null, "duration": 1582, "channel_id": "UCIVSqoHCUN1XdEpiVItxfoQ", "channel": "aCookieGod", "channel_url": "https://www.youtube.com/channel/UCIVSqoHCUN1XdEpiVItxfoQ", "uploader": "aCookieGod", "uploader_id": "@aCookieGod", "uploader_url": "https://www.youtube.com/@aCookieGod", "thumbnails": [{"url": "https://i.ytimg.com/vi/uOAnBdKPEXQ/hqdefault.jpg?sqp=-oaymwEbCKgBEF5IVfKriqkDDggBFQAAiEIYAXABwAEG&rs=AOn4CLA2aW1Y0WDqZtOMncpm54Rbfd4yAA", "height": 94, "width": 168}, {"url": "https://i.ytimg.com/vi/uOAnBdKPEXQ/hqdefault.jpg?sqp=-oaymwEbCMQBEG5IVfKriqkDDggBFQAAiEIYAXABwAEG&rs=AOn4CLAneSpNl8z2nJjbyddFCo7JRpYjzA", "height": 110, "width": 196}, {"url": "https://i.ytimg.com/vi/uOAnBdKPEXQ/hqdefault.jpg?sqp=-oaymwEcCPYBEIoBSFXyq4qpAw4IARUAAIhCGAFwAcABBg==&rs=AOn4CLDRpqgo2yuixnc-sIisFI8mnpBwqA", "height": 138, "width": 246}, {"url": "https://i.ytimg.com/vi/uOAnBdKPEXQ/hqdefault.jpg?sqp=-oaymwEcCNACELwBSFXyq4qpAw4IARUAAIhCGAFwAcABBg==&rs=AOn4CLD_QoKtBAnVk6FbjdLvD7-1uT-S5Q", "height": 188, "width": 336}], "timestamp": null, "release_timestamp": null, "availability": null, "view_count": 3500000, "live_status": null, "channel_is_verified": null, "__x_forwarded_for_ip": null}, {"_type": "url", "ie_key": "Youtube", "id": "w9XP-naXz_M", "url": "https://www.youtube.com/watch?v=w9XP-naXz_M", "title": "I Survived 7 World Record Food Challenges In 7 Days", "description": null, "duration": 1142, "channel_id": "UC6huXz0F6-7KA7-mW0jdejA", "channel": "ErikTheElectric", "channel_url": "https://www.youtube.com/channel/UC6huXz0F6-7KA7-mW0jdejA", "uploader": "ErikTheElectric", "uploader_id": "@ErikTheElectric", "uploader_url": "https://www.youtube.com/@ErikTheElectric", "thumbnails": [{"url": "https://i.ytimg.com/vi/w9XP-naXz_M/hqdefault.jpg?sqp=-oaymwEbCKgBEF5IVfKriqkDDggBFQAAiEIYAXABwAEG&rs=AOn4CLCMAiQc3hJntvz5GX25vO6tYtgi0g", "height": 94, "width": 168}, {"url": "https://i.ytimg.com/vi/w9XP-naXz_M/hqdefault.jpg?sqp=-oaymwEbCMQBEG5IVfKriqkDDggBFQAAiEIYAXABwAEG&rs=AOn4CLBlxV_ygEHoohrq-2G3weYmxNDkwg", "height": 110, "width": 196}, {"url": "https://i.ytimg.com/vi/w9XP-naXz_M/hqdefault.jpg?sqp=-oaymwEcCPYBEIoBSFXyq4qpAw4IARUAAIhCGAFwAcABBg==&rs=AOn4CLBia0GWW5AH2OuWG8Qg6W-Icqvsaw", "height": 138, "width": 246}, {"url": "https://i.ytimg.com/vi/w9XP-naXz_M/hqdefault.jpg?sqp=-oaymwEcCNACELwBSFXyq4qpAw4IARUAAIhCGAFwAcABBg==&rs=AOn4CLDuWPZW1ms8O7vWNyPX7EIbI6SOlw", "height": 188, "width": 336}], "timestamp": null, "release_timestamp": null, "availability": null, "view_count": 6900000, "live_status": null, "channel_is_verified": null, "__x_forwarded_for_ip": null}, {"_type": "url", "ie_key": "Youtube", "id": "mScpHTIi-kM", "url": "https://www.youtube.com/watch?v=mScpHTIi-kM", "title": "This game theory problem will change the way you see the world", "description": null, "duration": 1639, "channel_id": "UCHnyfMqiRRG1u-2MsSQLbXA", "channel": "Veritasium", "channel_url": "https://www.youtube.com/channel/UCHnyfMqiRRG1u-2MsSQLbXA", "uploader": "Veritasium", "uploader_id": "@veritasium", "uploader_url": "https://www.youtube.com/@veritasium", "thumbnails": [{"url": "https://i.ytimg.com/vi/mScpHTIi-kM/hqdefault.jpg?sqp=-oaymwEbCKgBEF5IVfKriqkDDggBFQAAiEIYAXABwAEG&rs=AOn4CLD0CTirS8iQDnzt2SGX9g0qUoorAg", "height": 94, "width": 168}, {"url": "https://i.ytimg.com/vi/mScpHTIi-kM/hqdefault.jpg?sqp=-oaymwEbCMQBEG5IVfKriqkDDggBFQAAiEIYAXABwAEG&rs=AOn4CLCQjhabAn8_FH1cAuJPmGOvT_0ugA", "height": 110, "width": 196}, {"url": "https://i.ytimg.com/vi/mScpHTIi-kM/hqdefault.jpg?sqp=-oaymwEcCPYBEIoBSFXyq4qpAw4IARUAAIhCGAFwAcABBg==&rs=AOn4CLB5XmsYm-80C2Bj03s3D8TqvLxj6g", "height": 138, "width": 246}, {"url": "https://i.ytimg.com/vi/mScpHTIi-kM/hqdefault.jpg?sqp=-oaymwEcCNACELwBSFXyq4qpAw4IARUAAIhCGAFwAcABBg==&rs=AOn4CLA2lT8TZKIwoeDgP1bWxVlREiTSvg", "height": 188, "width": 336}], "timestamp": null, "release_timestamp": null, "availability": null, "view_count": 23000000, "live_status": null, "channel_is_verified": null, "__x_forwarded_for_ip": null}, {"_type": "url", "ie_key": "Youtube", "id": "VLuG7ZgRfbg", "url": "https://www.youtube.com/watch?v=VLuG7ZgRfbg", "title": "Savannahs Pregnant With Baby Number 5. (raw reaction)", "description": null, "duration": 503, "channel_id": "UC4-CH0epzZpD_ARhxCx6LaQ", "channel": "The LaBrant Fam", "channel_url": "https://www.youtube.com/channel/UC4-CH0epzZpD_ARhxCx6LaQ", "uploader": "The LaBrant Fam", "uploader_id": "@ColeAndSav", "uploader_url": "https://www.youtube.com/@ColeAndSav", "thumbnails": [{"url": "https://i.ytimg.com/vi/VLuG7ZgRfbg/hqdefault.jpg?sqp=-oaymwEbCKgBEF5IVfKriqkDDggBFQAAiEIYAXABwAEG&rs=AOn4CLDoUowoPFh6uFWyapcG1rRZo3JqlQ", "height": 94, "width": 168}, {"url": "https://i.ytimg.com/vi/VLuG7ZgRfbg/hqdefault.jpg?sqp=-oaymwEbCMQBEG5IVfKriqkDDggBFQAAiEIYAXABwAEG&rs=AOn4CLCRSJzQyalG-uaHLww6lYISa2F_9Q", "height": 110, "width": 196}, {"url": "https://i.ytimg.com/vi/VLuG7ZgRfbg/hqdefault.jpg?sqp=-oaymwEcCPYBEIoBSFXyq4qpAw4IARUAAIhCGAFwAcABBg==&rs=AOn4CLCnLPENNGaeTpc-7ZUgUfx3knfbBg", "height": 138, "width": 246}, {"url": "https://i.ytimg.com/vi/VLuG7ZgRfbg/hqdefault.jpg?sqp=-oaymwEcCNACELwBSFXyq4qpAw4IARUAAIhCGAFwAcABBg==&rs=AOn4CLBo76iS4uWEwIlcPCpDLZelRdGLAA", "height": 188, "width": 336}], "timestamp": null, "release_timestamp": null, "availability": null, "view_count": 1700000, "live_status": null, "channel_is_verified": null, "__x_forwarded_for_ip": null}, {"_type": "url", "ie_key": "Youtube", "id": "MkGypaS-sLE", "url": "https://www.youtube.com/watch?v=MkGypaS-sLE", "title": "The Crustacean Tier List", "description": null, "duration": 1204, "channel_id": "UCHsRtomD4twRf5WVHHk-cMw", "channel": "TierZoo", "channel_url": "https://www.youtube.com/channel/UCHsRtomD4twRf5WVHHk-cMw", "uploader": "TierZoo", "uploader_id": "@TierZoo", "uploader_url": "https://www.youtube.com/@TierZoo", "thumbnails": [{"url": "https://i.ytimg.com/vi/MkGypaS-sLE/hqdefault.jpg?sqp=-oaymwEbCKgBEF5IVfKriqkDDggBFQAAiEIYAXABwAEG&rs=AOn4CLBOSUTnoW34afTmPCi8cXCGaBfI7g", "height": 94, "width": 168}, {"url": "https://i.ytimg.com/vi/MkGypaS-sLE/hqdefault.jpg?sqp=-oaymwEbCMQBEG5IVfKriqkDDggBFQAAiEIYAXABwAEG&rs=AOn4CLCl9LX1YAV0RXMMBjGZKeycpMYLXg", "height": 110, "width": 196}, {"url": "https://i.ytimg.com/vi/MkGypaS-sLE/hqdefault.jpg?sqp=-oaymwEcCPYBEIoBSFXyq4qpAw4IARUAAIhCGAFwAcABBg==&rs=AOn4CLCfOJDQRDIqjel_BSG1sEHAyc23Dw", "height": 138, "width": 246}, {"url": "https://i.ytimg.com/vi/MkGypaS-sLE/hqdefault.jpg?sqp=-oaymwEcCNACELwBSFXyq4qpAw4IARUAAIhCGAFwAcABBg==&rs=AOn4CLCyyWy_a5C-jOxySvZq1uDPiPAZoQ", "height": 188, "width": 336}], "timestamp": null, "release_timestamp": null, "availability": null, "view_count": 5200000, "live_status": null, "channel_is_verified": null, "__x_forwarded_for_ip": null}, {"_type": "url", "ie_key": "Youtube", "id": "6aqpQDNT50g", "url": "https://www.youtube.com/watch?v=6aqpQDNT50g", "title": "skibidi toilet 69 (part 1)", "description": null, "duration": 160, "channel_id": "UCsSsgPaZ2GSmO6il8Cb5iGA", "channel": "DaFuq!?Boom!", "channel_url": "https://www.youtube.com/channel/UCsSsgPaZ2GSmO6il8Cb5iGA", "uploader": "DaFuq!?Boom!", "uploader_id": "@DaFuqBoom", "uploader_url": "https://www.youtube.com/@DaFuqBoom", "thumbnails": [{"url": "https://i.ytimg.com/vi/6aqpQDNT50g/hqdefault.jpg?sqp=-oaymwE1CKgBEF5IVfKriqkDKAgBFQAAiEIYAXABwAEG8AEB-AH-CYAC0AWKAgwIABABGHIgQCg4MA8=&rs=AOn4CLDTPxqUwYetIkm4zfBIUzN-LY2x4A", "height": 94, "width": 168}, {"url": "https://i.ytimg.com/vi/6aqpQDNT50g/hqdefault.jpg?sqp=-oaymwE1CMQBEG5IVfKriqkDKAgBFQAAiEIYAXABwAEG8AEB-AH-CYAC0AWKAgwIABABGHIgQCg4MA8=&rs=AOn4CLBJS3J0UUad3Fo7giaSW9KPWEcuiQ", "height": 110, "width": 196}, {"url": "https://i.ytimg.com/vi/6aqpQDNT50g/hqdefault.jpg?sqp=-oaymwE2CPYBEIoBSFXyq4qpAygIARUAAIhCGAFwAcABBvABAfgB_gmAAtAFigIMCAAQARhyIEAoODAP&rs=AOn4CLBWG7yek5icyVy-XVES6lt-GJirGw", "height": 138, "width": 246}, {"url": "https://i.ytimg.com/vi/6aqpQDNT50g/hqdefault.jpg?sqp=-oaymwE2CNACELwBSFXyq4qpAygIARUAAIhCGAFwAcABBvABAfgB_gmAAtAFigIMCAAQARhyIEAoODAP&rs=AOn4CLCo37pYsj-e4zYpSVm3i8ev-d7gww", "height": 188, "width": 336}], "timestamp": null, "release_timestamp": null, "availability": null, "view_count": 57000000, "live_status": null, "channel_is_verified": null, "__x_forwarded_for_ip": null}, {"_type": "url", "ie_key": "Youtube", "id": "vlVUVsx6BYY", "url": "https://www.youtube.com/watch?v=vlVUVsx6BYY", "title": "Lucky Block Staff - Animation vs. Minecraft Shorts Ep 33", "description": null, "duration": 1190, "channel_id": "UCbKWv2x9t6u8yZoB3KcPtnw", "channel": "Alan Becker", "channel_url": "https://www.youtube.com/channel/UCbKWv2x9t6u8yZoB3KcPtnw", "uploader": "Alan Becker", "uploader_id": "@alanbecker", "uploader_url": "https://www.youtube.com/@alanbecker", "thumbnails": [{"url": "https://i.ytimg.com/vi/vlVUVsx6BYY/hqdefault.jpg?sqp=-oaymwEbCKgBEF5IVfKriqkDDggBFQAAiEIYAXABwAEG&rs=AOn4CLDUlR1J8cumhDcmBq2agYYpCNVpRg", "height": 94, "width": 168}, {"url": "https://i.ytimg.com/vi/vlVUVsx6BYY/hqdefault.jpg?sqp=-oaymwEbCMQBEG5IVfKriqkDDggBFQAAiEIYAXABwAEG&rs=AOn4CLAektiZ7s8zDh0eGiRk0cpmyBJQDw", "height": 110, "width": 196}, {"url": "https://i.ytimg.com/vi/vlVUVsx6BYY/hqdefault.jpg?sqp=-oaymwEcCPYBEIoBSFXyq4qpAw4IARUAAIhCGAFwAcABBg==&rs=AOn4CLDFFgjHupP7osNUetD5AGrFHL0goA", "height": 138, "width": 246}, {"url": "https://i.ytimg.com/vi/vlVUVsx6BYY/hqdefault.jpg?sqp=-oaymwEcCNACELwBSFXyq4qpAw4IARUAAIhCGAFwAcABBg==&rs=AOn4CLDPjquh9r88s0iuUnNPFCVJmaePrg", "height": 188, "width": 336}], "timestamp": null, "release_timestamp": null, "availability": null, "view_count": 59000000, "live_status": null, "channel_is_verified": null, "__x_forwarded_for_ip": null}, {"_type": "url", "ie_key": "Youtube", "id": "FRVLwPkmaow", "url": "https://www.youtube.com/watch?v=FRVLwPkmaow", "title": "WORST PRANK Ever Played On Me!!", "description": null, "duration": 534, "channel_id": "UCu6v4AdYxVH5fhfq9mi5llA", "channel": "Let Me Explain Studios", "channel_url": "https://www.youtube.com/channel/UCu6v4AdYxVH5fhfq9mi5llA", "uploader": "Let Me Explain Studios", "uploader_id": "@LetMeExplainStudios", "uploader_url": "https://www.youtube.com/@LetMeExplainStudios", "thumbnails": [{"url": "https://i.ytimg.com/vi/FRVLwPkmaow/hqdefault.jpg?sqp=-oaymwEbCKgBEF5IVfKriqkDDggBFQAAiEIYAXABwAEG&rs=AOn4CLDaEk8j2TFJfqtqAGd8NsAoTFt_qg", "height": 94, "width": 168}, {"url": "https://i.ytimg.com/vi/FRVLwPkmaow/hqdefault.jpg?sqp=-oaymwEbCMQBEG5IVfKriqkDDggBFQAAiEIYAXABwAEG&rs=AOn4CLDv_eFFKUE8xMlOQGB_v9kolX8PxA", "height": 110, "width": 196}, {"url": "https://i.ytimg.com/vi/FRVLwPkmaow/hqdefault.jpg?sqp=-oaymwEcCPYBEIoBSFXyq4qpAw4IARUAAIhCGAFwAcABBg==&rs=AOn4CLA7brkzIXll1PjrXgehWeMmgQuYBQ", "height": 138, "width": 246}, {"url": "https://i.ytimg.com/vi/FRVLwPkmaow/hqdefault.jpg?sqp=-oaymwEcCNACELwBSFXyq4qpAw4IARUAAIhCGAFwAcABBg==&rs=AOn4CLAGJNeVIbNa0QE918DPGcq4Ow6ZHQ", "height": 188, "width": 336}], "timestamp": null, "release_timestamp": null, "availability": null, "view_count": 4400000, "live_status": null, "channel_is_verified": null, "__x_forwarded_for_ip": null}, {"_type": "url", "ie_key": "Youtube", "id": "lWx-njWnGiw", "url": "https://www.youtube.com/watch?v=lWx-njWnGiw", "title": "AMP SECRET SANTA 2", "description": null, "duration": 1550, "channel_id": "UCJbYdyufHR-cxOuY96KIoqA", "channel": "AMP", "channel_url": "https://www.youtube.com/channel/UCJbYdyufHR-cxOuY96KIoqA", "uploader": "AMP", "uploader_id": "@AMPEXCLUSIVE", "uploader_url": "https://www.youtube.com/@AMPEXCLUSIVE", "thumbnails": [{"url": "https://i.ytimg.com/vi/lWx-njWnGiw/hqdefault.jpg?sqp=-oaymwEbCKgBEF5IVfKriqkDDggBFQAAiEIYAXABwAEG&rs=AOn4CLDowkNKJcKVe-D8XH4MENmklum_Tw", "height": 94, "width": 168}, {"url": "https://i.ytimg.com/vi/lWx-njWnGiw/hqdefault.jpg?sqp=-oaymwEbCMQBEG5IVfKriqkDDggBFQAAiEIYAXABwAEG&rs=AOn4CLC6NIcoitTYFOdj4fEIr5-nmLqZaA", "height": 110, "width": 196}, {"url": "https://i.ytimg.com/vi/lWx-njWnGiw/hqdefault.jpg?sqp=-oaymwEcCPYBEIoBSFXyq4qpAw4IARUAAIhCGAFwAcABBg==&rs=AOn4CLDb5HWP-HkWT3RbnX7FFT0yG8mrjw", "height": 138, "width": 246}, {"url": "https://i.ytimg.com/vi/lWx-njWnGiw/hqdefault.jpg?sqp=-oaymwEcCNACELwBSFXyq4qpAw4IARUAAIhCGAFwAcABBg==&rs=AOn4CLBKpBDDpcQX5UcRcGQR8rvyATCXkQ", "height": 188, "width": 336}], "timestamp": null, "release_timestamp": null, "availability": null, "view_count": 4500000, "live_status": null, "channel_is_verified": null, "__x_forwarded_for_ip": null}, {"_type": "url", "ie_key": "Youtube", "id": "DdIBQUk25bU", "url": "https://www.youtube.com/watch?v=DdIBQUk25bU", "title": "CONNOR BEDARD MICHIGAN GOAL \ud83e\udd2f\ud83d\ude31\ud83e\udd4d", "description": null, "duration": 85, "channel_id": "UCqFMzb-4AUf6WAIbl132QKA", "channel": "NHL", "channel_url": "https://www.youtube.com/channel/UCqFMzb-4AUf6WAIbl132QKA", "uploader": "NHL", "uploader_id": "@NHL", "uploader_url": "https://www.youtube.com/@NHL", "thumbnails": [{"url": "https://i.ytimg.com/vi/DdIBQUk25bU/hqdefault.jpg?sqp=-oaymwEbCKgBEF5IVfKriqkDDggBFQAAiEIYAXABwAEG&rs=AOn4CLDbMz-od55ExJ2r-xXZWA2OKrb8lg", "height": 94, "width": 168}, {"url": "https://i.ytimg.com/vi/DdIBQUk25bU/hqdefault.jpg?sqp=-oaymwEbCMQBEG5IVfKriqkDDggBFQAAiEIYAXABwAEG&rs=AOn4CLBZJeMOPbsyid0BwZ3LV_OZrPQ-Zg", "height": 110, "width": 196}, {"url": "https://i.ytimg.com/vi/DdIBQUk25bU/hqdefault.jpg?sqp=-oaymwEcCPYBEIoBSFXyq4qpAw4IARUAAIhCGAFwAcABBg==&rs=AOn4CLBGCfeR57CPDZ3qw9_r3lsKqcEe_g", "height": 138, "width": 246}, {"url": "https://i.ytimg.com/vi/DdIBQUk25bU/hqdefault.jpg?sqp=-oaymwEcCNACELwBSFXyq4qpAw4IARUAAIhCGAFwAcABBg==&rs=AOn4CLDvxHIDq4jfWPc__p4xmn_BkDsLbQ", "height": 188, "width": 336}], "timestamp": null, "release_timestamp": null, "availability": null, "view_count": 1000000, "live_status": null, "channel_is_verified": null, "__x_forwarded_for_ip": null}, {"_type": "url", "ie_key": "Youtube", "id": "G6wYSpLtwRI", "url": "https://www.youtube.com/watch?v=G6wYSpLtwRI", "title": "Grading Canada's Provincial Flags", "description": null, "duration": 542, "channel_id": "UC2C_jShtL725hvbm1arSV9w", "channel": "CGP Grey", "channel_url": "https://www.youtube.com/channel/UC2C_jShtL725hvbm1arSV9w", "uploader": "CGP Grey", "uploader_id": "@CGPGrey", "uploader_url": "https://www.youtube.com/@CGPGrey", "thumbnails": [{"url": "https://i.ytimg.com/vi/G6wYSpLtwRI/hqdefault.jpg?sqp=-oaymwEbCKgBEF5IVfKriqkDDggBFQAAiEIYAXABwAEG&rs=AOn4CLCQh51ZnFcwj6WFIErleqjthpxsdg", "height": 94, "width": 168}, {"url": "https://i.ytimg.com/vi/G6wYSpLtwRI/hqdefault.jpg?sqp=-oaymwEbCMQBEG5IVfKriqkDDggBFQAAiEIYAXABwAEG&rs=AOn4CLDlYvO8t9AZQ7Gh9-FVFD7scm1YTg", "height": 110, "width": 196}, {"url": "https://i.ytimg.com/vi/G6wYSpLtwRI/hqdefault.jpg?sqp=-oaymwEcCPYBEIoBSFXyq4qpAw4IARUAAIhCGAFwAcABBg==&rs=AOn4CLC-OJ8n-O2ED8xF95svAWGJ0bFZug", "height": 138, "width": 246}, {"url": "https://i.ytimg.com/vi/G6wYSpLtwRI/hqdefault.jpg?sqp=-oaymwEcCNACELwBSFXyq4qpAw4IARUAAIhCGAFwAcABBg==&rs=AOn4CLAojwyXmkc5eFdth57tBH9cCpJZlw", "height": 188, "width": 336}], "timestamp": null, "release_timestamp": null, "availability": null, "view_count": 4000000, "live_status": null, "channel_is_verified": null, "__x_forwarded_for_ip": null}, {"_type": "url", "ie_key": "Youtube", "id": "T8fAquggNl8", "url": "https://www.youtube.com/watch?v=T8fAquggNl8", "title": "The Worst Christmas Movie I've Ever Seen", "description": null, "duration": 1984, "channel_id": "UC7zsxKqd5MicTf4VhS9Y74g", "channel": "Kurtis Conner", "channel_url": "https://www.youtube.com/channel/UC7zsxKqd5MicTf4VhS9Y74g", "uploader": "Kurtis Conner", "uploader_id": "@kurtisconner", "uploader_url": "https://www.youtube.com/@kurtisconner", "thumbnails": [{"url": "https://i.ytimg.com/vi/T8fAquggNl8/hqdefault.jpg?sqp=-oaymwEbCKgBEF5IVfKriqkDDggBFQAAiEIYAXABwAEG&rs=AOn4CLDSgJCX-TCOTynjuhIH-0duXmvzPg", "height": 94, "width": 168}, {"url": "https://i.ytimg.com/vi/T8fAquggNl8/hqdefault.jpg?sqp=-oaymwEbCMQBEG5IVfKriqkDDggBFQAAiEIYAXABwAEG&rs=AOn4CLA9FRKd0210zd4AUh4KTUc0yQAM8w", "height": 110, "width": 196}, {"url": "https://i.ytimg.com/vi/T8fAquggNl8/hqdefault.jpg?sqp=-oaymwEcCPYBEIoBSFXyq4qpAw4IARUAAIhCGAFwAcABBg==&rs=AOn4CLBYqk5nSptiLlGT3AUN2TeXoR0ANw", "height": 138, "width": 246}, {"url": "https://i.ytimg.com/vi/T8fAquggNl8/hqdefault.jpg?sqp=-oaymwEcCNACELwBSFXyq4qpAw4IARUAAIhCGAFwAcABBg==&rs=AOn4CLADU6b2Wfua8lYhVWuP9bKh7R7Odw", "height": 188, "width": 336}], "timestamp": null, "release_timestamp": null, "availability": null, "view_count": 7000000, "live_status": null, "channel_is_verified": null, "__x_forwarded_for_ip": null}, {"_type": "url", "ie_key": "Youtube", "id": "fW1QcEAy4rg", "url": "https://www.youtube.com/watch?v=fW1QcEAy4rg", "title": "Lil Mabu x Fivio Foreign - TEACH ME HOW TO DRILL (Official Music Video)", "description": null, "duration": 300, "channel_id": "UCMA_eOj8DY3BcrpZF_vKamg", "channel": "Lil Mabu", "channel_url": "https://www.youtube.com/channel/UCMA_eOj8DY3BcrpZF_vKamg", "uploader": "Lil Mabu", "uploader_id": null, "uploader_url": null, "thumbnails": [{"url": "https://i.ytimg.com/vi/fW1QcEAy4rg/hqdefault.jpg?sqp=-oaymwEbCKgBEF5IVfKriqkDDggBFQAAiEIYAXABwAEG&rs=AOn4CLCyoc11LKClOqSmg69qFEPq3MZkgA", "height": 94, "width": 168}, {"url": "https://i.ytimg.com/vi/fW1QcEAy4rg/hqdefault.jpg?sqp=-oaymwEbCMQBEG5IVfKriqkDDggBFQAAiEIYAXABwAEG&rs=AOn4CLCakHvhXvdD5FWdn2Az5rVwSPMmiw", "height": 110, "width": 196}, {"url": "https://i.ytimg.com/vi/fW1QcEAy4rg/hqdefault.jpg?sqp=-oaymwEcCPYBEIoBSFXyq4qpAw4IARUAAIhCGAFwAcABBg==&rs=AOn4CLDfuTAxRTe4nIBE3C7K_tlISAnsTQ", "height": 138, "width": 246}, {"url": "https://i.ytimg.com/vi/fW1QcEAy4rg/hqdefault.jpg?sqp=-oaymwEcCNACELwBSFXyq4qpAw4IARUAAIhCGAFwAcABBg==&rs=AOn4CLALDAV0bObw58u3CV0aMBFh3bszgQ", "height": 188, "width": 336}], "timestamp": null, "release_timestamp": null, "availability": null, "view_count": 47000000, "live_status": null, "channel_is_verified": null, "__x_forwarded_for_ip": null}, {"_type": "url", "ie_key": "Youtube", "id": "UbWERZkX2Po", "url": "https://www.youtube.com/watch?v=UbWERZkX2Po", "title": "JENNIE - \ub208 (Snow) / Snowman Cover", "description": null, "duration": 218, "channel_id": "UCNYi_zGmR519r5gYdOKLTjQ", "channel": "JENNIE", "channel_url": "https://www.youtube.com/channel/UCNYi_zGmR519r5gYdOKLTjQ", "uploader": "JENNIE", "uploader_id": null, "uploader_url": null, "thumbnails": [{"url": "https://i.ytimg.com/vi/UbWERZkX2Po/hqdefault.jpg?sqp=-oaymwEbCKgBEF5IVfKriqkDDggBFQAAiEIYAXABwAEG&rs=AOn4CLCn2xHS4VgcIxtqk-xAqkiMRBZ1tg", "height": 94, "width": 168}, {"url": "https://i.ytimg.com/vi/UbWERZkX2Po/hqdefault.jpg?sqp=-oaymwEbCMQBEG5IVfKriqkDDggBFQAAiEIYAXABwAEG&rs=AOn4CLA-WZN5o3NOu6n2YXCj3g8DJ8O4tg", "height": 110, "width": 196}, {"url": "https://i.ytimg.com/vi/UbWERZkX2Po/hqdefault.jpg?sqp=-oaymwEcCPYBEIoBSFXyq4qpAw4IARUAAIhCGAFwAcABBg==&rs=AOn4CLDUWTHlrn-0v76Zbe-oXnqLnFRqrA", "height": 138, "width": 246}, {"url": "https://i.ytimg.com/vi/UbWERZkX2Po/hqdefault.jpg?sqp=-oaymwEcCNACELwBSFXyq4qpAw4IARUAAIhCGAFwAcABBg==&rs=AOn4CLAkkRfeBgh36Grs2_OWCiqHFBwA9w", "height": 188, "width": 336}], "timestamp": null, "release_timestamp": null, "availability": null, "view_count": 14000000, "live_status": null, "channel_is_verified": null, "__x_forwarded_for_ip": null}, {"_type": "url", "ie_key": "Youtube", "id": "undg6AoAjQM", "url": "https://www.youtube.com/watch?v=undg6AoAjQM", "title": "Birth Story \u2014 Baby Seewald #5!", "description": null, "duration": 601, "channel_id": "UCYa2h0u4rOcBn8lSktcBMFA", "channel": "Jessa Seewald", "channel_url": "https://www.youtube.com/channel/UCYa2h0u4rOcBn8lSktcBMFA", "uploader": "Jessa Seewald", "uploader_id": "@JessaSeewald", "uploader_url": "https://www.youtube.com/@JessaSeewald", "thumbnails": [{"url": "https://i.ytimg.com/vi/undg6AoAjQM/hqdefault.jpg?sqp=-oaymwEbCKgBEF5IVfKriqkDDggBFQAAiEIYAXABwAEG&rs=AOn4CLDxggYTK_wMnxCMyXkFRDNrJiiXJg", "height": 94, "width": 168}, {"url": "https://i.ytimg.com/vi/undg6AoAjQM/hqdefault.jpg?sqp=-oaymwEbCMQBEG5IVfKriqkDDggBFQAAiEIYAXABwAEG&rs=AOn4CLBBNOvbLD1LLodh7jcwxTPxp0HLHg", "height": 110, "width": 196}, {"url": "https://i.ytimg.com/vi/undg6AoAjQM/hqdefault.jpg?sqp=-oaymwEcCPYBEIoBSFXyq4qpAw4IARUAAIhCGAFwAcABBg==&rs=AOn4CLA9vyFU-18PlkLc43RTjoRZmNZ8ew", "height": 138, "width": 246}, {"url": "https://i.ytimg.com/vi/undg6AoAjQM/hqdefault.jpg?sqp=-oaymwEcCNACELwBSFXyq4qpAw4IARUAAIhCGAFwAcABBg==&rs=AOn4CLAvOH5wzFdfCfUAIxv_wQNJNyG1iQ", "height": 188, "width": 336}], "timestamp": null, "release_timestamp": null, "availability": null, "view_count": 763000, "live_status": null, "channel_is_verified": null, "__x_forwarded_for_ip": null}, {"_type": "url", "ie_key": "Youtube", "id": "xIKUVPMmW74", "url": "https://www.youtube.com/watch?v=xIKUVPMmW74", "title": "WILDER LOST EVERY ROUND! Conor McGregor reacts to Joseph Parker beating Deontay Wilder!", "description": null, "duration": 148, "channel_id": "UCVIoIHQIuIL5_ec2W3C9BAw", "channel": "talkSPORT Boxing", "channel_url": "https://www.youtube.com/channel/UCVIoIHQIuIL5_ec2W3C9BAw", "uploader": "talkSPORT Boxing", "uploader_id": "@talkSPORTBoxing", "uploader_url": "https://www.youtube.com/@talkSPORTBoxing", "thumbnails": [{"url": "https://i.ytimg.com/vi/xIKUVPMmW74/hqdefault.jpg?sqp=-oaymwEbCKgBEF5IVfKriqkDDggBFQAAiEIYAXABwAEG&rs=AOn4CLAAxNutDPd7VZHJX70TtvXP8MOLLw", "height": 94, "width": 168}, {"url": "https://i.ytimg.com/vi/xIKUVPMmW74/hqdefault.jpg?sqp=-oaymwEbCMQBEG5IVfKriqkDDggBFQAAiEIYAXABwAEG&rs=AOn4CLAlmq7MLva4idt0G4cJcKZukw3h9Q", "height": 110, "width": 196}, {"url": "https://i.ytimg.com/vi/xIKUVPMmW74/hqdefault.jpg?sqp=-oaymwEcCPYBEIoBSFXyq4qpAw4IARUAAIhCGAFwAcABBg==&rs=AOn4CLAET7Mz_0UIDMlXH8WYSKX4eDYFNQ", "height": 138, "width": 246}, {"url": "https://i.ytimg.com/vi/xIKUVPMmW74/hqdefault.jpg?sqp=-oaymwEcCNACELwBSFXyq4qpAw4IARUAAIhCGAFwAcABBg==&rs=AOn4CLAwPdYfWs5CCWhlY5kb0VLymNIsHw", "height": 188, "width": 336}], "timestamp": null, "release_timestamp": null, "availability": null, "view_count": 768000, "live_status": null, "channel_is_verified": null, "__x_forwarded_for_ip": null}, {"_type": "url", "ie_key": "Youtube", "id": "jVRhLKohJDc", "url": "https://www.youtube.com/watch?v=jVRhLKohJDc", "title": "The Evolution Of Willy Wonka (ANIMATED)", "description": null, "duration": 281, "channel_id": "UCgb5Cb71XvKXT5V1d2ORVmg", "channel": "Tell It Animated", "channel_url": "https://www.youtube.com/channel/UCgb5Cb71XvKXT5V1d2ORVmg", "uploader": "Tell It Animated", "uploader_id": "@TellItAnimated", "uploader_url": "https://www.youtube.com/@TellItAnimated", "thumbnails": [{"url": "https://i.ytimg.com/vi/jVRhLKohJDc/hqdefault.jpg?sqp=-oaymwEbCKgBEF5IVfKriqkDDggBFQAAiEIYAXABwAEG&rs=AOn4CLA7p94fXG4RKQhzD-blAWkhaoGI2Q", "height": 94, "width": 168}, {"url": "https://i.ytimg.com/vi/jVRhLKohJDc/hqdefault.jpg?sqp=-oaymwEbCMQBEG5IVfKriqkDDggBFQAAiEIYAXABwAEG&rs=AOn4CLAsxzf95psbTyKFUv3oOvaC6GrCWQ", "height": 110, "width": 196}, {"url": "https://i.ytimg.com/vi/jVRhLKohJDc/hqdefault.jpg?sqp=-oaymwEcCPYBEIoBSFXyq4qpAw4IARUAAIhCGAFwAcABBg==&rs=AOn4CLDZkVaUXCMbbhxomiGlTJFpBIfMEg", "height": 138, "width": 246}, {"url": "https://i.ytimg.com/vi/jVRhLKohJDc/hqdefault.jpg?sqp=-oaymwEcCNACELwBSFXyq4qpAw4IARUAAIhCGAFwAcABBg==&rs=AOn4CLAmF5cYdGVe_QjrVGJ0G2Y0JLobJQ", "height": 188, "width": 336}], "timestamp": null, "release_timestamp": null, "availability": null, "view_count": 2100000, "live_status": null, "channel_is_verified": null, "__x_forwarded_for_ip": null}, {"_type": "url", "ie_key": "Youtube", "id": "_fds1ZkbUZc", "url": "https://www.youtube.com/watch?v=_fds1ZkbUZc", "title": "[TF2] A Mann's Guide to the Huntsman", "description": null, "duration": 1168, "channel_id": "UC0Eqb484X8EiNrFLSUQVsaA", "channel": "SoundSmith", "channel_url": "https://www.youtube.com/channel/UC0Eqb484X8EiNrFLSUQVsaA", "uploader": "SoundSmith", "uploader_id": "@SoundSmithTF2", "uploader_url": "https://www.youtube.com/@SoundSmithTF2", "thumbnails": [{"url": "https://i.ytimg.com/vi/_fds1ZkbUZc/hqdefault.jpg?sqp=-oaymwEbCKgBEF5IVfKriqkDDggBFQAAiEIYAXABwAEG&rs=AOn4CLDirTRrmv2vV-m9CFDw_GuL-fBlkg", "height": 94, "width": 168}, {"url": "https://i.ytimg.com/vi/_fds1ZkbUZc/hqdefault.jpg?sqp=-oaymwEbCMQBEG5IVfKriqkDDggBFQAAiEIYAXABwAEG&rs=AOn4CLDy789KGkEPxITUvohEHIS6kQXwIg", "height": 110, "width": 196}, {"url": "https://i.ytimg.com/vi/_fds1ZkbUZc/hqdefault.jpg?sqp=-oaymwEcCPYBEIoBSFXyq4qpAw4IARUAAIhCGAFwAcABBg==&rs=AOn4CLDE9YfCOspFfQF4juSgfftzvqy0HQ", "height": 138, "width": 246}, {"url": "https://i.ytimg.com/vi/_fds1ZkbUZc/hqdefault.jpg?sqp=-oaymwEcCNACELwBSFXyq4qpAw4IARUAAIhCGAFwAcABBg==&rs=AOn4CLD3NDneKiu6E6PjnVnCoegUbMt5BQ", "height": 188, "width": 336}], "timestamp": null, "release_timestamp": null, "availability": null, "view_count": 2200000, "live_status": null, "channel_is_verified": null, "__x_forwarded_for_ip": null}, {"_type": "url", "ie_key": "Youtube", "id": "lGIGCQB6Mhs", "url": "https://www.youtube.com/watch?v=lGIGCQB6Mhs", "title": "Anuel AA - Luces Tenues  (Video Oficial)", "description": null, "duration": 240, "channel_id": "UCRI7hheejBbWS6etTNwMT0g", "channel": "Anuel AA", "channel_url": "https://www.youtube.com/channel/UCRI7hheejBbWS6etTNwMT0g", "uploader": "Anuel AA", "uploader_id": null, "uploader_url": null, "thumbnails": [{"url": "https://i.ytimg.com/vi/lGIGCQB6Mhs/hqdefault.jpg?sqp=-oaymwEbCKgBEF5IVfKriqkDDggBFQAAiEIYAXABwAEG&rs=AOn4CLCqWY0pGJsZX9EPp_cXxQP_FTGdAQ", "height": 94, "width": 168}, {"url": "https://i.ytimg.com/vi/lGIGCQB6Mhs/hqdefault.jpg?sqp=-oaymwEbCMQBEG5IVfKriqkDDggBFQAAiEIYAXABwAEG&rs=AOn4CLBMYTh03Chudo25-arAImqujqhTYA", "height": 110, "width": 196}, {"url": "https://i.ytimg.com/vi/lGIGCQB6Mhs/hqdefault.jpg?sqp=-oaymwEcCPYBEIoBSFXyq4qpAw4IARUAAIhCGAFwAcABBg==&rs=AOn4CLC3eoLLX-zvaYeWw6rSByElES7crQ", "height": 138, "width": 246}, {"url": "https://i.ytimg.com/vi/lGIGCQB6Mhs/hqdefault.jpg?sqp=-oaymwEcCNACELwBSFXyq4qpAw4IARUAAIhCGAFwAcABBg==&rs=AOn4CLCn_4cC8859SeLGVZX2iY4Lf27EFA", "height": 188, "width": 336}], "timestamp": null, "release_timestamp": null, "availability": null, "view_count": 57000000, "live_status": null, "channel_is_verified": null, "__x_forwarded_for_ip": null}, {"_type": "url", "ie_key": "Youtube", "id": "sDafc-YNvlc", "url": "https://www.youtube.com/watch?v=sDafc-YNvlc", "title": "I Hired a Professional Singer to fool my chat", "description": null, "duration": 728, "channel_id": "UCrPseYLGpNygVi34QpGNqpA", "channel": "Ludwig", "channel_url": "https://www.youtube.com/channel/UCrPseYLGpNygVi34QpGNqpA", "uploader": "Ludwig", "uploader_id": "@ludwig", "uploader_url": "https://www.youtube.com/@ludwig", "thumbnails": [{"url": "https://i.ytimg.com/vi/sDafc-YNvlc/hqdefault.jpg?sqp=-oaymwEbCKgBEF5IVfKriqkDDggBFQAAiEIYAXABwAEG&rs=AOn4CLAlfbKwEl5WSBgSvBBJNGq2M6k7Hw", "height": 94, "width": 168}, {"url": "https://i.ytimg.com/vi/sDafc-YNvlc/hqdefault.jpg?sqp=-oaymwEbCMQBEG5IVfKriqkDDggBFQAAiEIYAXABwAEG&rs=AOn4CLA0T_4BmPVCAB3uPMs2Ci84ZpjeDA", "height": 110, "width": 196}, {"url": "https://i.ytimg.com/vi/sDafc-YNvlc/hqdefault.jpg?sqp=-oaymwEcCPYBEIoBSFXyq4qpAw4IARUAAIhCGAFwAcABBg==&rs=AOn4CLBSRqw4FWpM9X_bCfv1cpThCbW1Aw", "height": 138, "width": 246}, {"url": "https://i.ytimg.com/vi/sDafc-YNvlc/hqdefault.jpg?sqp=-oaymwEcCNACELwBSFXyq4qpAw4IARUAAIhCGAFwAcABBg==&rs=AOn4CLDyHFBW7T5UrNmQUTqSC6gTF0EwZg", "height": 188, "width": 336}], "timestamp": null, "release_timestamp": null, "availability": null, "view_count": 3200000, "live_status": null, "channel_is_verified": null, "__x_forwarded_for_ip": null}, {"_type": "url", "ie_key": "Youtube", "id": "zzKV_T9ybe8", "url": "https://www.youtube.com/watch?v=zzKV_T9ybe8", "title": "\uc9c0\ubbfc (Jimin) 'Closer Than This' Official MV", "description": null, "duration": 265, "channel_id": "UC3IZKseVpdzPSBaWxBxundA", "channel": "HYBE LABELS", "channel_url": "https://www.youtube.com/channel/UC3IZKseVpdzPSBaWxBxundA", "uploader": "HYBE LABELS", "uploader_id": "@HYBELABELS", "uploader_url": "https://www.youtube.com/@HYBELABELS", "thumbnails": [{"url": "https://i.ytimg.com/vi/zzKV_T9ybe8/hqdefault.jpg?sqp=-oaymwEbCKgBEF5IVfKriqkDDggBFQAAiEIYAXABwAEG&rs=AOn4CLDBOQFJxIFvYF_6-2mp_XXEzlW_oQ", "height": 94, "width": 168}, {"url": "https://i.ytimg.com/vi/zzKV_T9ybe8/hqdefault.jpg?sqp=-oaymwEbCMQBEG5IVfKriqkDDggBFQAAiEIYAXABwAEG&rs=AOn4CLBFxIOYjc7UmroCf6TSHWSuae51TQ", "height": 110, "width": 196}, {"url": "https://i.ytimg.com/vi/zzKV_T9ybe8/hqdefault.jpg?sqp=-oaymwEcCPYBEIoBSFXyq4qpAw4IARUAAIhCGAFwAcABBg==&rs=AOn4CLATgtK7ZRszd0ebcZp_C84-C2seLw", "height": 138, "width": 246}, {"url": "https://i.ytimg.com/vi/zzKV_T9ybe8/hqdefault.jpg?sqp=-oaymwEcCNACELwBSFXyq4qpAw4IARUAAIhCGAFwAcABBg==&rs=AOn4CLBSmaUdx425Zh2nMMuFmmdBTi65Cw", "height": 188, "width": 336}], "timestamp": null, "release_timestamp": null, "availability": null, "view_count": 38000000, "live_status": null, "channel_is_verified": null, "__x_forwarded_for_ip": null}, {"_type": "url", "ie_key": "Youtube", "id": "sK0cblmb3Qg", "url": "https://www.youtube.com/watch?v=sK0cblmb3Qg", "title": "can we build alphabet shaped apartments??", "description": null, "duration": 1613, "channel_id": "UCiGnwS3OVEuqbc78ELEFDeQ", "channel": "CarynandConnieGaming", "channel_url": "https://www.youtube.com/channel/UCiGnwS3OVEuqbc78ELEFDeQ", "uploader": "CarynandConnieGaming", "uploader_id": "@carynandconniegaming", "uploader_url": "https://www.youtube.com/@carynandconniegaming", "thumbnails": [{"url": "https://i.ytimg.com/vi/sK0cblmb3Qg/hqdefault.jpg?sqp=-oaymwEbCKgBEF5IVfKriqkDDggBFQAAiEIYAXABwAEG&rs=AOn4CLBH1Fd6_88i2y0jTlUvE8S3xZN-Pw", "height": 94, "width": 168}, {"url": "https://i.ytimg.com/vi/sK0cblmb3Qg/hqdefault.jpg?sqp=-oaymwEbCMQBEG5IVfKriqkDDggBFQAAiEIYAXABwAEG&rs=AOn4CLD3sWN4Q2_VSOBFnFpMTWGzAG32Kw", "height": 110, "width": 196}, {"url": "https://i.ytimg.com/vi/sK0cblmb3Qg/hqdefault.jpg?sqp=-oaymwEcCPYBEIoBSFXyq4qpAw4IARUAAIhCGAFwAcABBg==&rs=AOn4CLCFcUiU_TYnE6O2cMn6FX4Mt3ez6A", "height": 138, "width": 246}, {"url": "https://i.ytimg.com/vi/sK0cblmb3Qg/hqdefault.jpg?sqp=-oaymwEcCNACELwBSFXyq4qpAw4IARUAAIhCGAFwAcABBg==&rs=AOn4CLA1D6mFRCQWGdsydFkeb4DpSnmS2Q", "height": 188, "width": 336}], "timestamp": null, "release_timestamp": null, "availability": null, "view_count": 1900000, "live_status": null, "channel_is_verified": null, "__x_forwarded_for_ip": null}, {"_type": "url", "ie_key": "Youtube", "id": "w1D_Ycqqzmg", "url": "https://www.youtube.com/watch?v=w1D_Ycqqzmg", "title": "20 WOMEN VS 1 RAPPER: BOW WOW", "description": null, "duration": 2197, "channel_id": "UC1eLSqgFYDvnUe9bg3tLp0w", "channel": "AveryB", "channel_url": "https://www.youtube.com/channel/UC1eLSqgFYDvnUe9bg3tLp0w", "uploader": "AveryB", "uploader_id": "@AveryB", "uploader_url": "https://www.youtube.com/@AveryB", "thumbnails": [{"url": "https://i.ytimg.com/vi/w1D_Ycqqzmg/hqdefault.jpg?sqp=-oaymwEbCKgBEF5IVfKriqkDDggBFQAAiEIYAXABwAEG&rs=AOn4CLA9cVlv4PdJxi61iC5g2zbLM8ydWw", "height": 94, "width": 168}, {"url": "https://i.ytimg.com/vi/w1D_Ycqqzmg/hqdefault.jpg?sqp=-oaymwEbCMQBEG5IVfKriqkDDggBFQAAiEIYAXABwAEG&rs=AOn4CLBoKCt1eQLdw8UYwEzjcGuoak0GQg", "height": 110, "width": 196}, {"url": "https://i.ytimg.com/vi/w1D_Ycqqzmg/hqdefault.jpg?sqp=-oaymwEcCPYBEIoBSFXyq4qpAw4IARUAAIhCGAFwAcABBg==&rs=AOn4CLD4AMIkAUnZi9QCT-kSsOskUcd_CA", "height": 138, "width": 246}, {"url": "https://i.ytimg.com/vi/w1D_Ycqqzmg/hqdefault.jpg?sqp=-oaymwEcCNACELwBSFXyq4qpAw4IARUAAIhCGAFwAcABBg==&rs=AOn4CLBNPP2CjS9pSeqgHhx2oCs0SG5jdQ", "height": 188, "width": 336}], "timestamp": null, "release_timestamp": null, "availability": null, "view_count": 2100000, "live_status": null, "channel_is_verified": null, "__x_forwarded_for_ip": null}, {"_type": "url", "ie_key": "Youtube", "id": "70-_GBymrck", "url": "https://www.youtube.com/watch?v=70-_GBymrck", "title": "Watch gravity pull two metal balls together", "description": null, "duration": 767, "channel_id": "UCEIwxahdLz7bap-VDs9h35A", "channel": "Steve Mould", "channel_url": "https://www.youtube.com/channel/UCEIwxahdLz7bap-VDs9h35A", "uploader": "Steve Mould", "uploader_id": "@SteveMould", "uploader_url": "https://www.youtube.com/@SteveMould", "thumbnails": [{"url": "https://i.ytimg.com/vi/70-_GBymrck/hqdefault.jpg?sqp=-oaymwEbCKgBEF5IVfKriqkDDggBFQAAiEIYAXABwAEG&rs=AOn4CLCzJdoYfU_dt4Q7_AicUqGaZ6JXPg", "height": 94, "width": 168}, {"url": "https://i.ytimg.com/vi/70-_GBymrck/hqdefault.jpg?sqp=-oaymwEbCMQBEG5IVfKriqkDDggBFQAAiEIYAXABwAEG&rs=AOn4CLBcSReLULkuu7haAfKMEseOj2rFqg", "height": 110, "width": 196}, {"url": "https://i.ytimg.com/vi/70-_GBymrck/hqdefault.jpg?sqp=-oaymwEcCPYBEIoBSFXyq4qpAw4IARUAAIhCGAFwAcABBg==&rs=AOn4CLBO9l7fYEBcFdAHZ_a4Er2P9vd8bA", "height": 138, "width": 246}, {"url": "https://i.ytimg.com/vi/70-_GBymrck/hqdefault.jpg?sqp=-oaymwEcCNACELwBSFXyq4qpAw4IARUAAIhCGAFwAcABBg==&rs=AOn4CLALg16Dh7e6sGb-A8fd05-vZhvUww", "height": 188, "width": 336}], "timestamp": null, "release_timestamp": null, "availability": null, "view_count": 6500000, "live_status": null, "channel_is_verified": null, "__x_forwarded_for_ip": null}, {"_type": "url", "ie_key": "Youtube", "id": "4N_F_R0ATHI", "url": "https://www.youtube.com/watch?v=4N_F_R0ATHI", "title": "Ludwig - Con te partir\u00f3 (Official Music Video)", "description": null, "duration": 142, "channel_id": "UCz6XquIbM5OcfK7r3hQQCXA", "channel": "Ludwin", "channel_url": "https://www.youtube.com/channel/UCz6XquIbM5OcfK7r3hQQCXA", "uploader": "Ludwin", "uploader_id": "@LudwinClips", "uploader_url": "https://www.youtube.com/@LudwinClips", "thumbnails": [{"url": "https://i.ytimg.com/vi/4N_F_R0ATHI/hqdefault.jpg?sqp=-oaymwEbCKgBEF5IVfKriqkDDggBFQAAiEIYAXABwAEG&rs=AOn4CLAuarBMcRYWuqghSeCZCbIb3njgaA", "height": 94, "width": 168}, {"url": "https://i.ytimg.com/vi/4N_F_R0ATHI/hqdefault.jpg?sqp=-oaymwEbCMQBEG5IVfKriqkDDggBFQAAiEIYAXABwAEG&rs=AOn4CLAc-fbEqxn0rGL9EJp90cwx6y_ODQ", "height": 110, "width": 196}, {"url": "https://i.ytimg.com/vi/4N_F_R0ATHI/hqdefault.jpg?sqp=-oaymwEcCPYBEIoBSFXyq4qpAw4IARUAAIhCGAFwAcABBg==&rs=AOn4CLBM6h2mAbkLgMc29C9ZTqnJS8IXGw", "height": 138, "width": 246}, {"url": "https://i.ytimg.com/vi/4N_F_R0ATHI/hqdefault.jpg?sqp=-oaymwEcCNACELwBSFXyq4qpAw4IARUAAIhCGAFwAcABBg==&rs=AOn4CLCYCrRbODbxwXmcqjzH4-Su932DFQ", "height": 188, "width": 336}], "timestamp": null, "release_timestamp": null, "availability": null, "view_count": 1600000, "live_status": null, "channel_is_verified": null, "__x_forwarded_for_ip": null}, {"_type": "url", "ie_key": "Youtube", "id": "-LATBW89Imo", "url": "https://www.youtube.com/watch?v=-LATBW89Imo", "title": "Central Cee - Entrapreneur [Music Video]", "description": null, "duration": 142, "channel_id": "UCV_CsAy5CNBX_uwDQ7RMe1Q", "channel": "Central Cee", "channel_url": "https://www.youtube.com/channel/UCV_CsAy5CNBX_uwDQ7RMe1Q", "uploader": "Central Cee", "uploader_id": null, "uploader_url": null, "thumbnails": [{"url": "https://i.ytimg.com/vi/-LATBW89Imo/hqdefault.jpg?sqp=-oaymwEbCKgBEF5IVfKriqkDDggBFQAAiEIYAXABwAEG&rs=AOn4CLA_PhieyeWzmF4jRW0No-Br-FzEPw", "height": 94, "width": 168}, {"url": "https://i.ytimg.com/vi/-LATBW89Imo/hqdefault.jpg?sqp=-oaymwEbCMQBEG5IVfKriqkDDggBFQAAiEIYAXABwAEG&rs=AOn4CLB5nDHw5ar-bE-OxfjELxyJrRXJIQ", "height": 110, "width": 196}, {"url": "https://i.ytimg.com/vi/-LATBW89Imo/hqdefault.jpg?sqp=-oaymwEcCPYBEIoBSFXyq4qpAw4IARUAAIhCGAFwAcABBg==&rs=AOn4CLABL8IdXtaMUfmSJ5C45V0-Hxgydg", "height": 138, "width": 246}, {"url": "https://i.ytimg.com/vi/-LATBW89Imo/hqdefault.jpg?sqp=-oaymwEcCNACELwBSFXyq4qpAw4IARUAAIhCGAFwAcABBg==&rs=AOn4CLC-wt62LY8SHL0pvb4UbU_kdNecxA", "height": 188, "width": 336}], "timestamp": null, "release_timestamp": null, "availability": null, "view_count": 16000000, "live_status": null, "channel_is_verified": null, "__x_forwarded_for_ip": null}, {"_type": "url", "ie_key": "Youtube", "id": "w1-jss2mZlY", "url": "https://www.youtube.com/watch?v=w1-jss2mZlY", "title": "Drake - You Broke My Heart", "description": null, "duration": 293, "channel_id": "UCByOQJjav0CUDwxCk-jVNRQ", "channel": "Drake", "channel_url": "https://www.youtube.com/channel/UCByOQJjav0CUDwxCk-jVNRQ", "uploader": "Drake", "uploader_id": null, "uploader_url": null, "thumbnails": [{"url": "https://i.ytimg.com/vi/w1-jss2mZlY/hqdefault.jpg?sqp=-oaymwEbCKgBEF5IVfKriqkDDggBFQAAiEIYAXABwAEG&rs=AOn4CLBofxLLqkYc9MSUbb8cgVtJy3KM4g", "height": 94, "width": 168}, {"url": "https://i.ytimg.com/vi/w1-jss2mZlY/hqdefault.jpg?sqp=-oaymwEbCMQBEG5IVfKriqkDDggBFQAAiEIYAXABwAEG&rs=AOn4CLCtxC_ZV6_xNQL5xOeI0cUeQ7qafQ", "height": 110, "width": 196}, {"url": "https://i.ytimg.com/vi/w1-jss2mZlY/hqdefault.jpg?sqp=-oaymwEcCPYBEIoBSFXyq4qpAw4IARUAAIhCGAFwAcABBg==&rs=AOn4CLA0-ujc7y-B26r26RZSp3JN0KWuOw", "height": 138, "width": 246}, {"url": "https://i.ytimg.com/vi/w1-jss2mZlY/hqdefault.jpg?sqp=-oaymwEcCNACELwBSFXyq4qpAw4IARUAAIhCGAFwAcABBg==&rs=AOn4CLA6R_WZOL5smHEMstp1zt9pENfD-w", "height": 188, "width": 336}], "timestamp": null, "release_timestamp": null, "availability": null, "view_count": 18000000, "live_status": null, "channel_is_verified": null, "__x_forwarded_for_ip": null}, {"_type": "url", "ie_key": "Youtube", "id": "xbcjf-hrOAs", "url": "https://www.youtube.com/watch?v=xbcjf-hrOAs", "title": "Dianna Health Update from SmarterEveryDay", "description": null, "duration": 922, "channel_id": "UC7DdEm33SyaTDtWYGO2CwdA", "channel": "Physics Girl", "channel_url": "https://www.youtube.com/channel/UC7DdEm33SyaTDtWYGO2CwdA", "uploader": "Physics Girl", "uploader_id": "@physicsgirl", "uploader_url": "https://www.youtube.com/@physicsgirl", "thumbnails": [{"url": "https://i.ytimg.com/vi/xbcjf-hrOAs/hqdefault.jpg?sqp=-oaymwEbCKgBEF5IVfKriqkDDggBFQAAiEIYAXABwAEG&rs=AOn4CLDylaP-0SnOvcIR6mFI8g3L_wmk7g", "height": 94, "width": 168}, {"url": "https://i.ytimg.com/vi/xbcjf-hrOAs/hqdefault.jpg?sqp=-oaymwEbCMQBEG5IVfKriqkDDggBFQAAiEIYAXABwAEG&rs=AOn4CLAAM578y_a82NCUN_DlVAzM60nw1g", "height": 110, "width": 196}, {"url": "https://i.ytimg.com/vi/xbcjf-hrOAs/hqdefault.jpg?sqp=-oaymwEcCPYBEIoBSFXyq4qpAw4IARUAAIhCGAFwAcABBg==&rs=AOn4CLB5Ahd4qzpL8tgUpRjzQF5tFfw9xw", "height": 138, "width": 246}, {"url": "https://i.ytimg.com/vi/xbcjf-hrOAs/hqdefault.jpg?sqp=-oaymwEcCNACELwBSFXyq4qpAw4IARUAAIhCGAFwAcABBg==&rs=AOn4CLCXZDfDOKrk7EPTjxo6MJeZFp1OLg", "height": 188, "width": 336}], "timestamp": null, "release_timestamp": null, "availability": null, "view_count": 3800000, "live_status": null, "channel_is_verified": null, "__x_forwarded_for_ip": null}, {"_type": "url", "ie_key": "Youtube", "id": "xFL1sNhyuMM", "url": "https://www.youtube.com/watch?v=xFL1sNhyuMM", "title": "The Day Before We Found Out\u2026", "description": null, "duration": 2532, "channel_id": "UCVe_RrR9AMeY6Z8ixOv5gtw", "channel": "Ryland vlogs", "channel_url": "https://www.youtube.com/channel/UCVe_RrR9AMeY6Z8ixOv5gtw", "uploader": "Ryland vlogs", "uploader_id": "@Rylandvlogs", "uploader_url": "https://www.youtube.com/@Rylandvlogs", "thumbnails": [{"url": "https://i.ytimg.com/vi/xFL1sNhyuMM/hqdefault.jpg?sqp=-oaymwEbCKgBEF5IVfKriqkDDggBFQAAiEIYAXABwAEG&rs=AOn4CLBpUTcx_D23MThQ_hsoVoTEbljQvw", "height": 94, "width": 168}, {"url": "https://i.ytimg.com/vi/xFL1sNhyuMM/hqdefault.jpg?sqp=-oaymwEbCMQBEG5IVfKriqkDDggBFQAAiEIYAXABwAEG&rs=AOn4CLDQH9xyOFl0LuJ8_ehuj-nTxRq1nw", "height": 110, "width": 196}, {"url": "https://i.ytimg.com/vi/xFL1sNhyuMM/hqdefault.jpg?sqp=-oaymwEcCPYBEIoBSFXyq4qpAw4IARUAAIhCGAFwAcABBg==&rs=AOn4CLCzP_lzy5tqB1BmoTThRXkfKpSULA", "height": 138, "width": 246}, {"url": "https://i.ytimg.com/vi/xFL1sNhyuMM/hqdefault.jpg?sqp=-oaymwEcCNACELwBSFXyq4qpAw4IARUAAIhCGAFwAcABBg==&rs=AOn4CLCOm9niPWlCdwGNugPCO90Z4DKFHw", "height": 188, "width": 336}], "timestamp": null, "release_timestamp": null, "availability": null, "view_count": 947000, "live_status": null, "channel_is_verified": null, "__x_forwarded_for_ip": null}, {"_type": "url", "ie_key": "Youtube", "id": "zMjrr87sVjo", "url": "https://www.youtube.com/watch?v=zMjrr87sVjo", "title": "I built this YouTuber a Bionic Hand!", "description": null, "duration": 1200, "channel_id": "UCjgpFI5dU-D1-kh9H1muoxQ", "channel": "Hacksmith Industries", "channel_url": "https://www.youtube.com/channel/UCjgpFI5dU-D1-kh9H1muoxQ", "uploader": "Hacksmith Industries", "uploader_id": "@hacksmith", "uploader_url": "https://www.youtube.com/@hacksmith", "thumbnails": [{"url": "https://i.ytimg.com/vi/zMjrr87sVjo/hqdefault.jpg?sqp=-oaymwEbCKgBEF5IVfKriqkDDggBFQAAiEIYAXABwAEG&rs=AOn4CLCfgCSCNSvQQBp-Bj0YZthYWyOkUQ", "height": 94, "width": 168}, {"url": "https://i.ytimg.com/vi/zMjrr87sVjo/hqdefault.jpg?sqp=-oaymwEbCMQBEG5IVfKriqkDDggBFQAAiEIYAXABwAEG&rs=AOn4CLAXTQnQTMX7IYZfIxXktsn_Ct8cxA", "height": 110, "width": 196}, {"url": "https://i.ytimg.com/vi/zMjrr87sVjo/hqdefault.jpg?sqp=-oaymwEcCPYBEIoBSFXyq4qpAw4IARUAAIhCGAFwAcABBg==&rs=AOn4CLCLNjQzdHBoQZdQ965RcJJxgpHnFg", "height": 138, "width": 246}, {"url": "https://i.ytimg.com/vi/zMjrr87sVjo/hqdefault.jpg?sqp=-oaymwEcCNACELwBSFXyq4qpAw4IARUAAIhCGAFwAcABBg==&rs=AOn4CLBTNwMuwQKgUzaR47QMvpriYjcpxw", "height": 188, "width": 336}], "timestamp": null, "release_timestamp": null, "availability": null, "view_count": 6500000, "live_status": null, "channel_is_verified": null, "__x_forwarded_for_ip": null}, {"_type": "url", "ie_key": "Youtube", "id": "5h34UmoAjvk", "url": "https://www.youtube.com/watch?v=5h34UmoAjvk", "title": "Steve-O Is Extra Naughty For the Hot Ones Holiday Extravaganza | Hot Ones", "description": null, "duration": 2361, "channel_id": "UCPD_bxCRGpmmeQcbe2kpPaA", "channel": "First We Feast", "channel_url": "https://www.youtube.com/channel/UCPD_bxCRGpmmeQcbe2kpPaA", "uploader": "First We Feast", "uploader_id": "@FirstWeFeast", "uploader_url": "https://www.youtube.com/@FirstWeFeast", "thumbnails": [{"url": "https://i.ytimg.com/vi/5h34UmoAjvk/hqdefault.jpg?sqp=-oaymwEbCKgBEF5IVfKriqkDDggBFQAAiEIYAXABwAEG&rs=AOn4CLB6c6mSunWO9_qAWAf3DVXVBE43Pw", "height": 94, "width": 168}, {"url": "https://i.ytimg.com/vi/5h34UmoAjvk/hqdefault.jpg?sqp=-oaymwEbCMQBEG5IVfKriqkDDggBFQAAiEIYAXABwAEG&rs=AOn4CLCONw6FhhvMdYPIg3dkvWYjNfj7Zg", "height": 110, "width": 196}, {"url": "https://i.ytimg.com/vi/5h34UmoAjvk/hqdefault.jpg?sqp=-oaymwEcCPYBEIoBSFXyq4qpAw4IARUAAIhCGAFwAcABBg==&rs=AOn4CLD468q5H5Pncp4E8WQx1dT9dpFqQw", "height": 138, "width": 246}, {"url": "https://i.ytimg.com/vi/5h34UmoAjvk/hqdefault.jpg?sqp=-oaymwEcCNACELwBSFXyq4qpAw4IARUAAIhCGAFwAcABBg==&rs=AOn4CLD7aFB2ZXFLVDxirJ4Zxds1KI5BtQ", "height": 188, "width": 336}], "timestamp": null, "release_timestamp": null, "availability": null, "view_count": 1700000, "live_status": null, "channel_is_verified": null, "__x_forwarded_for_ip": null}, {"_type": "url", "ie_key": "Youtube", "id": "vWIzeSA4l-0", "url": "https://www.youtube.com/watch?v=vWIzeSA4l-0", "title": "I Tested 1-Star Camping", "description": null, "duration": 1364, "channel_id": "UCnmGIkw-KdI0W5siakKPKog", "channel": "Ryan Trahan", "channel_url": "https://www.youtube.com/channel/UCnmGIkw-KdI0W5siakKPKog", "uploader": "Ryan Trahan", "uploader_id": "@ryan", "uploader_url": "https://www.youtube.com/@ryan", "thumbnails": [{"url": "https://i.ytimg.com/vi/vWIzeSA4l-0/hqdefault.jpg?sqp=-oaymwEbCKgBEF5IVfKriqkDDggBFQAAiEIYAXABwAEG&rs=AOn4CLA9Z9dOVYuAjmszQWYLGgxwJNNdRw", "height": 94, "width": 168}, {"url": "https://i.ytimg.com/vi/vWIzeSA4l-0/hqdefault.jpg?sqp=-oaymwEbCMQBEG5IVfKriqkDDggBFQAAiEIYAXABwAEG&rs=AOn4CLAKUhACggsJrTSA0A7mbgPTihLyBg", "height": 110, "width": 196}, {"url": "https://i.ytimg.com/vi/vWIzeSA4l-0/hqdefault.jpg?sqp=-oaymwEcCPYBEIoBSFXyq4qpAw4IARUAAIhCGAFwAcABBg==&rs=AOn4CLBRa9UEIwVbynO6CXg01b_O50DN4A", "height": 138, "width": 246}, {"url": "https://i.ytimg.com/vi/vWIzeSA4l-0/hqdefault.jpg?sqp=-oaymwEcCNACELwBSFXyq4qpAw4IARUAAIhCGAFwAcABBg==&rs=AOn4CLA2Tts58j3BSqxbbkacHr2KcQV3KQ", "height": 188, "width": 336}], "timestamp": null, "release_timestamp": null, "availability": null, "view_count": 31000000, "live_status": null, "channel_is_verified": null, "__x_forwarded_for_ip": null}, {"_type": "url", "ie_key": "Youtube", "id": "uZk_gB4Cx0s", "url": "https://www.youtube.com/watch?v=uZk_gB4Cx0s", "title": "Lego Fortnite Meme Olympics", "description": null, "duration": 759, "channel_id": "UCw1SQ6QRRtfAhrN_cjkrOgA", "channel": "LazarBeam", "channel_url": "https://www.youtube.com/channel/UCw1SQ6QRRtfAhrN_cjkrOgA", "uploader": "LazarBeam", "uploader_id": "@LazarBeam", "uploader_url": "https://www.youtube.com/@LazarBeam", "thumbnails": [{"url": "https://i.ytimg.com/vi/uZk_gB4Cx0s/hqdefault.jpg?sqp=-oaymwEbCKgBEF5IVfKriqkDDggBFQAAiEIYAXABwAEG&rs=AOn4CLC3k9dslbln2R7WtP7vmBo2GaxNcg", "height": 94, "width": 168}, {"url": "https://i.ytimg.com/vi/uZk_gB4Cx0s/hqdefault.jpg?sqp=-oaymwEbCMQBEG5IVfKriqkDDggBFQAAiEIYAXABwAEG&rs=AOn4CLAPV8_y2nM8TWC9o9gGUKukc7tn7A", "height": 110, "width": 196}, {"url": "https://i.ytimg.com/vi/uZk_gB4Cx0s/hqdefault.jpg?sqp=-oaymwEcCPYBEIoBSFXyq4qpAw4IARUAAIhCGAFwAcABBg==&rs=AOn4CLDyLzSj_2IpfIyJo5ICgtiC76ulKw", "height": 138, "width": 246}, {"url": "https://i.ytimg.com/vi/uZk_gB4Cx0s/hqdefault.jpg?sqp=-oaymwEcCNACELwBSFXyq4qpAw4IARUAAIhCGAFwAcABBg==&rs=AOn4CLDLqOFsyqXQGtGCZ30AhCBl8qnvzA", "height": 188, "width": 336}], "timestamp": null, "release_timestamp": null, "availability": null, "view_count": 7000000, "live_status": null, "channel_is_verified": null, "__x_forwarded_for_ip": null}, {"_type": "url", "ie_key": "Youtube", "id": "LhmUw1uF-WQ", "url": "https://www.youtube.com/watch?v=LhmUw1uF-WQ", "title": "I Built 100 LEGO Buildings!", "description": null, "duration": 677, "channel_id": "UCq4qiifOaFGW3a2oljSfxUg", "channel": "Half-Asleep Chris", "channel_url": "https://www.youtube.com/channel/UCq4qiifOaFGW3a2oljSfxUg", "uploader": "Half-Asleep Chris", "uploader_id": "@HalfAsleepChris", "uploader_url": "https://www.youtube.com/@HalfAsleepChris", "thumbnails": [{"url": "https://i.ytimg.com/vi/LhmUw1uF-WQ/hqdefault.jpg?sqp=-oaymwEbCKgBEF5IVfKriqkDDggBFQAAiEIYAXABwAEG&rs=AOn4CLBOzudHgiGQRj4f1v2y4kZKaxb8hA", "height": 94, "width": 168}, {"url": "https://i.ytimg.com/vi/LhmUw1uF-WQ/hqdefault.jpg?sqp=-oaymwEbCMQBEG5IVfKriqkDDggBFQAAiEIYAXABwAEG&rs=AOn4CLCKzZXj4YdZodMVh19ZANVRTz9cNA", "height": 110, "width": 196}, {"url": "https://i.ytimg.com/vi/LhmUw1uF-WQ/hqdefault.jpg?sqp=-oaymwEcCPYBEIoBSFXyq4qpAw4IARUAAIhCGAFwAcABBg==&rs=AOn4CLBvdb7voFDB2NJ4BWMo-JEVf_edIg", "height": 138, "width": 246}, {"url": "https://i.ytimg.com/vi/LhmUw1uF-WQ/hqdefault.jpg?sqp=-oaymwEcCNACELwBSFXyq4qpAw4IARUAAIhCGAFwAcABBg==&rs=AOn4CLCjD75EZj3qwUZ8cb9kF3KI69zvNw", "height": 188, "width": 336}], "timestamp": null, "release_timestamp": null, "availability": null, "view_count": 3900000, "live_status": null, "channel_is_verified": null, "__x_forwarded_for_ip": null}, {"_type": "url", "ie_key": "Youtube", "id": "KN63DDD9Y04", "url": "https://www.youtube.com/watch?v=KN63DDD9Y04", "title": "Is the Las Vegas Sphere Worth It?", "description": null, "duration": 1884, "channel_id": "UCuo9VyowIT-ljA5G2ZuC6Yw", "channel": "Eddy Burback", "channel_url": "https://www.youtube.com/channel/UCuo9VyowIT-ljA5G2ZuC6Yw", "uploader": "Eddy Burback", "uploader_id": "@EddyBurback", "uploader_url": "https://www.youtube.com/@EddyBurback", "thumbnails": [{"url": "https://i.ytimg.com/vi/KN63DDD9Y04/hqdefault.jpg?sqp=-oaymwEbCKgBEF5IVfKriqkDDggBFQAAiEIYAXABwAEG&rs=AOn4CLCcYKuYkyp4aTs1NYQT1T9sXEwpcQ", "height": 94, "width": 168}, {"url": "https://i.ytimg.com/vi/KN63DDD9Y04/hqdefault.jpg?sqp=-oaymwEbCMQBEG5IVfKriqkDDggBFQAAiEIYAXABwAEG&rs=AOn4CLADiztAvmMMYAAk4vV-5wHSL3pGTg", "height": 110, "width": 196}, {"url": "https://i.ytimg.com/vi/KN63DDD9Y04/hqdefault.jpg?sqp=-oaymwEcCPYBEIoBSFXyq4qpAw4IARUAAIhCGAFwAcABBg==&rs=AOn4CLCMpN983vEqO_zePl6HJ2FFNM_0qw", "height": 138, "width": 246}, {"url": "https://i.ytimg.com/vi/KN63DDD9Y04/hqdefault.jpg?sqp=-oaymwEcCNACELwBSFXyq4qpAw4IARUAAIhCGAFwAcABBg==&rs=AOn4CLD3SEube43c_-dlxPMWLTiicVmiyw", "height": 188, "width": 336}], "timestamp": null, "release_timestamp": null, "availability": null, "view_count": 4600000, "live_status": null, "channel_is_verified": null, "__x_forwarded_for_ip": null}, {"_type": "url", "ie_key": "Youtube", "id": "rpKzI8F2oJU", "url": "https://www.youtube.com/watch?v=rpKzI8F2oJU", "title": "Wish Pitch Meeting", "description": null, "duration": 330, "channel_id": "UC9Kq-yEt1iYsbUzNOoIRK0g", "channel": "Pitch Meeting", "channel_url": "https://www.youtube.com/channel/UC9Kq-yEt1iYsbUzNOoIRK0g", "uploader": "Pitch Meeting", "uploader_id": "@PitchMeetings", "uploader_url": "https://www.youtube.com/@PitchMeetings", "thumbnails": [{"url": "https://i.ytimg.com/vi/rpKzI8F2oJU/hqdefault.jpg?sqp=-oaymwEbCKgBEF5IVfKriqkDDggBFQAAiEIYAXABwAEG&rs=AOn4CLBjtVIs6heciCR94lx3VqD5WqX9kg", "height": 94, "width": 168}, {"url": "https://i.ytimg.com/vi/rpKzI8F2oJU/hqdefault.jpg?sqp=-oaymwEbCMQBEG5IVfKriqkDDggBFQAAiEIYAXABwAEG&rs=AOn4CLAEShktUoeMk1w5TDIX9VWlzIVVYw", "height": 110, "width": 196}, {"url": "https://i.ytimg.com/vi/rpKzI8F2oJU/hqdefault.jpg?sqp=-oaymwEcCPYBEIoBSFXyq4qpAw4IARUAAIhCGAFwAcABBg==&rs=AOn4CLDff2Lk0r5pHJWGNCuZva9CMbV8xQ", "height": 138, "width": 246}, {"url": "https://i.ytimg.com/vi/rpKzI8F2oJU/hqdefault.jpg?sqp=-oaymwEcCNACELwBSFXyq4qpAw4IARUAAIhCGAFwAcABBg==&rs=AOn4CLBKxy_uZK9taE-PQnqmmiPsZ1bTJQ", "height": 188, "width": 336}], "timestamp": null, "release_timestamp": null, "availability": null, "view_count": 1700000, "live_status": null, "channel_is_verified": null, "__x_forwarded_for_ip": null}, {"_type": "url", "ie_key": "Youtube", "id": "__ecoyDuNRs", "url": "https://www.youtube.com/watch?v=__ecoyDuNRs", "title": "House of Secrets: 9 children hidden for years in Oklahoma home found after police tip", "description": null, "duration": 481, "channel_id": "UCoIhMkbeDRBImkGiA5mZp5A", "channel": "KOCO 5 News", "channel_url": "https://www.youtube.com/channel/UCoIhMkbeDRBImkGiA5mZp5A", "uploader": "KOCO 5 News", "uploader_id": "@KOCO", "uploader_url": "https://www.youtube.com/@KOCO", "thumbnails": [{"url": "https://i.ytimg.com/vi/__ecoyDuNRs/hqdefault.jpg?sqp=-oaymwEbCKgBEF5IVfKriqkDDggBFQAAiEIYAXABwAEG&rs=AOn4CLDYT7nShHYWQnOEwmbu-p0Qe67W1g", "height": 94, "width": 168}, {"url": "https://i.ytimg.com/vi/__ecoyDuNRs/hqdefault.jpg?sqp=-oaymwEbCMQBEG5IVfKriqkDDggBFQAAiEIYAXABwAEG&rs=AOn4CLBfU3t2xydPJfvIsH2Xpe0QGvFBkQ", "height": 110, "width": 196}, {"url": "https://i.ytimg.com/vi/__ecoyDuNRs/hqdefault.jpg?sqp=-oaymwEcCPYBEIoBSFXyq4qpAw4IARUAAIhCGAFwAcABBg==&rs=AOn4CLDLGE5xAl02fOChptwxVYkprIh4RQ", "height": 138, "width": 246}, {"url": "https://i.ytimg.com/vi/__ecoyDuNRs/hqdefault.jpg?sqp=-oaymwEcCNACELwBSFXyq4qpAw4IARUAAIhCGAFwAcABBg==&rs=AOn4CLA70UH6i3XO-AV7d482d8aDuKS64g", "height": 188, "width": 336}], "timestamp": null, "release_timestamp": null, "availability": null, "view_count": 6000000, "live_status": null, "channel_is_verified": null, "__x_forwarded_for_ip": null}, {"_type": "url", "ie_key": "Youtube", "id": "Yw3TLDWpH7U", "url": "https://www.youtube.com/watch?v=Yw3TLDWpH7U", "title": "Casually Explained: The Levels of AI", "description": null, "duration": 508, "channel_id": "UCr3cBLTYmIK9kY0F_OdFWFQ", "channel": "Casually Explained", "channel_url": "https://www.youtube.com/channel/UCr3cBLTYmIK9kY0F_OdFWFQ", "uploader": "Casually Explained", "uploader_id": "@CasuallyExplained", "uploader_url": "https://www.youtube.com/@CasuallyExplained", "thumbnails": [{"url": "https://i.ytimg.com/vi/Yw3TLDWpH7U/hqdefault.jpg?sqp=-oaymwEbCKgBEF5IVfKriqkDDggBFQAAiEIYAXABwAEG&rs=AOn4CLAre83CiL5RGrWusTMTPRiXLtdNmw", "height": 94, "width": 168}, {"url": "https://i.ytimg.com/vi/Yw3TLDWpH7U/hqdefault.jpg?sqp=-oaymwEbCMQBEG5IVfKriqkDDggBFQAAiEIYAXABwAEG&rs=AOn4CLDinUujYtTkyr5T_sX8Yaft5x5VUA", "height": 110, "width": 196}, {"url": "https://i.ytimg.com/vi/Yw3TLDWpH7U/hqdefault.jpg?sqp=-oaymwEcCPYBEIoBSFXyq4qpAw4IARUAAIhCGAFwAcABBg==&rs=AOn4CLCDwu4TCHhwLMrq2C8WeQDT9qTqew", "height": 138, "width": 246}, {"url": "https://i.ytimg.com/vi/Yw3TLDWpH7U/hqdefault.jpg?sqp=-oaymwEcCNACELwBSFXyq4qpAw4IARUAAIhCGAFwAcABBg==&rs=AOn4CLDMDfLoAxfXX9eKqPGtd5rK6rTyZg", "height": 188, "width": 336}], "timestamp": null, "release_timestamp": null, "availability": null, "view_count": 2000000, "live_status": null, "channel_is_verified": null, "__x_forwarded_for_ip": null}, {"_type": "url", "ie_key": "Youtube", "id": "S3NO9VhUoEE", "url": "https://www.youtube.com/watch?v=S3NO9VhUoEE", "title": "Africa's North Korea", "description": null, "duration": 1149, "channel_id": "UCAiEWppTvoNSHU939xhMb2g", "channel": "hoser", "channel_url": "https://www.youtube.com/channel/UCAiEWppTvoNSHU939xhMb2g", "uploader": "hoser", "uploader_id": "@h0ser", "uploader_url": "https://www.youtube.com/@h0ser", "thumbnails": [{"url": "https://i.ytimg.com/vi/S3NO9VhUoEE/hqdefault.jpg?sqp=-oaymwEbCKgBEF5IVfKriqkDDggBFQAAiEIYAXABwAEG&rs=AOn4CLBn5TVukUBYj-7_cf-FPA7JvFmuow", "height": 94, "width": 168}, {"url": "https://i.ytimg.com/vi/S3NO9VhUoEE/hqdefault.jpg?sqp=-oaymwEbCMQBEG5IVfKriqkDDggBFQAAiEIYAXABwAEG&rs=AOn4CLBbbTORcPiRBJA1TqFY29PKlfvTPA", "height": 110, "width": 196}, {"url": "https://i.ytimg.com/vi/S3NO9VhUoEE/hqdefault.jpg?sqp=-oaymwEcCPYBEIoBSFXyq4qpAw4IARUAAIhCGAFwAcABBg==&rs=AOn4CLAz7A_lzVCQbHpyf333VPrLkQHYfg", "height": 138, "width": 246}, {"url": "https://i.ytimg.com/vi/S3NO9VhUoEE/hqdefault.jpg?sqp=-oaymwEcCNACELwBSFXyq4qpAw4IARUAAIhCGAFwAcABBg==&rs=AOn4CLBu0ZiQp5y_PCB3ZiclQe44kWJxJw", "height": 188, "width": 336}], "timestamp": null, "release_timestamp": null, "availability": null, "view_count": 4800000, "live_status": null, "channel_is_verified": null, "__x_forwarded_for_ip": null}, {"_type": "url", "ie_key": "Youtube", "id": "zEahoJZgfys", "url": "https://www.youtube.com/watch?v=zEahoJZgfys", "title": "Super Capacitor Plane", "description": null, "duration": 824, "channel_id": "UC67gfx2Fg7K2NSHqoENVgwA", "channel": "Tom Stanton", "channel_url": "https://www.youtube.com/channel/UC67gfx2Fg7K2NSHqoENVgwA", "uploader": "Tom Stanton", "uploader_id": "@TomStantonEngineering", "uploader_url": "https://www.youtube.com/@TomStantonEngineering", "thumbnails": [{"url": "https://i.ytimg.com/vi/zEahoJZgfys/hqdefault.jpg?sqp=-oaymwEbCKgBEF5IVfKriqkDDggBFQAAiEIYAXABwAEG&rs=AOn4CLAwtFiIGaXUyryvPcjxsfO6QdZJjw", "height": 94, "width": 168}, {"url": "https://i.ytimg.com/vi/zEahoJZgfys/hqdefault.jpg?sqp=-oaymwEbCMQBEG5IVfKriqkDDggBFQAAiEIYAXABwAEG&rs=AOn4CLCdUxFknbVv6kVmV8bYg6O-otcI8A", "height": 110, "width": 196}, {"url": "https://i.ytimg.com/vi/zEahoJZgfys/hqdefault.jpg?sqp=-oaymwEcCPYBEIoBSFXyq4qpAw4IARUAAIhCGAFwAcABBg==&rs=AOn4CLC898hz5gpB4XlZd5ctLw2UQJvR0g", "height": 138, "width": 246}, {"url": "https://i.ytimg.com/vi/zEahoJZgfys/hqdefault.jpg?sqp=-oaymwEcCNACELwBSFXyq4qpAw4IARUAAIhCGAFwAcABBg==&rs=AOn4CLBCD2eoGA55B2BbfW_dwPYQ5iVssw", "height": 188, "width": 336}], "timestamp": null, "release_timestamp": null, "availability": null, "view_count": 5100000, "live_status": null, "channel_is_verified": null, "__x_forwarded_for_ip": null}, {"_type": "url", "ie_key": "Youtube", "id": "tnB8e6UWF6s", "url": "https://www.youtube.com/watch?v=tnB8e6UWF6s", "title": "DD Osama - Baby Wait ft. SugarHill Ddot", "description": null, "duration": 152, "channel_id": "UCEJeShf-3BGLDla7_RADj3A", "channel": "DD Osama", "channel_url": "https://www.youtube.com/channel/UCEJeShf-3BGLDla7_RADj3A", "uploader": "DD Osama", "uploader_id": null, "uploader_url": null, "thumbnails": [{"url": "https://i.ytimg.com/vi/tnB8e6UWF6s/hqdefault.jpg?sqp=-oaymwEbCKgBEF5IVfKriqkDDggBFQAAiEIYAXABwAEG&rs=AOn4CLBAMJ_OGEeJyeg0_BqPwVBatwHF5g", "height": 94, "width": 168}, {"url": "https://i.ytimg.com/vi/tnB8e6UWF6s/hqdefault.jpg?sqp=-oaymwEbCMQBEG5IVfKriqkDDggBFQAAiEIYAXABwAEG&rs=AOn4CLAb22Dy-IySh6NmVVC0pnODOIoX8Q", "height": 110, "width": 196}, {"url": "https://i.ytimg.com/vi/tnB8e6UWF6s/hqdefault.jpg?sqp=-oaymwEcCPYBEIoBSFXyq4qpAw4IARUAAIhCGAFwAcABBg==&rs=AOn4CLCkGiDPvaPJ2ZieLjlSx9D1wFJhXw", "height": 138, "width": 246}, {"url": "https://i.ytimg.com/vi/tnB8e6UWF6s/hqdefault.jpg?sqp=-oaymwEcCNACELwBSFXyq4qpAw4IARUAAIhCGAFwAcABBg==&rs=AOn4CLAzd7tHjpbimZNbxlEEq6pXmaxQNg", "height": 188, "width": 336}], "timestamp": null, "release_timestamp": null, "availability": null, "view_count": 8500000, "live_status": null, "channel_is_verified": null, "__x_forwarded_for_ip": null}, {"_type": "url", "ie_key": "Youtube", "id": "IY5FDF0z5qA", "url": "https://www.youtube.com/watch?v=IY5FDF0z5qA", "title": "When Popular Cartoons Got Hilariously Ripped Off", "description": null, "duration": 2120, "channel_id": "UCkQO3QsgTpNTsOw6ujimT5Q", "channel": "BE AMAZED", "channel_url": "https://www.youtube.com/channel/UCkQO3QsgTpNTsOw6ujimT5Q", "uploader": "BE AMAZED", "uploader_id": "@BeAmazed", "uploader_url": "https://www.youtube.com/@BeAmazed", "thumbnails": [{"url": "https://i.ytimg.com/vi/IY5FDF0z5qA/hqdefault.jpg?sqp=-oaymwEbCKgBEF5IVfKriqkDDggBFQAAiEIYAXABwAEG&rs=AOn4CLCyZeejukMJlMvsq0v9k_G0GIBDYQ", "height": 94, "width": 168}, {"url": "https://i.ytimg.com/vi/IY5FDF0z5qA/hqdefault.jpg?sqp=-oaymwEbCMQBEG5IVfKriqkDDggBFQAAiEIYAXABwAEG&rs=AOn4CLAmiTQjD79CWRA7JUE0_2UmVg-kuA", "height": 110, "width": 196}, {"url": "https://i.ytimg.com/vi/IY5FDF0z5qA/hqdefault.jpg?sqp=-oaymwEcCPYBEIoBSFXyq4qpAw4IARUAAIhCGAFwAcABBg==&rs=AOn4CLCpacPcBKbDB8L5OIn7MZ7Pu9rApA", "height": 138, "width": 246}, {"url": "https://i.ytimg.com/vi/IY5FDF0z5qA/hqdefault.jpg?sqp=-oaymwEcCNACELwBSFXyq4qpAw4IARUAAIhCGAFwAcABBg==&rs=AOn4CLApHhSTa5G2W25uG83M1QzUbgK3BA", "height": 188, "width": 336}], "timestamp": null, "release_timestamp": null, "availability": null, "view_count": 5600000, "live_status": null, "channel_is_verified": null, "__x_forwarded_for_ip": null}, {"_type": "url", "ie_key": "Youtube", "id": "-ZXKJYXzBeA", "url": "https://www.youtube.com/watch?v=-ZXKJYXzBeA", "title": "Upgrading to the FASTEST Police Bike in GTA 5", "description": null, "duration": 1939, "channel_id": "UCAbdeLiTPdjk1X2TY_ZdLDw", "channel": "SpeirsTheAmazingHD", "channel_url": "https://www.youtube.com/channel/UCAbdeLiTPdjk1X2TY_ZdLDw", "uploader": "SpeirsTheAmazingHD", "uploader_id": "@SpeirsTheAmazingHD", "uploader_url": "https://www.youtube.com/@SpeirsTheAmazingHD", "thumbnails": [{"url": "https://i.ytimg.com/vi/-ZXKJYXzBeA/hqdefault.jpg?sqp=-oaymwEbCKgBEF5IVfKriqkDDggBFQAAiEIYAXABwAEG&rs=AOn4CLDydNJf1PBVW9G5p0UGOdTOw4WnWA", "height": 94, "width": 168}, {"url": "https://i.ytimg.com/vi/-ZXKJYXzBeA/hqdefault.jpg?sqp=-oaymwEbCMQBEG5IVfKriqkDDggBFQAAiEIYAXABwAEG&rs=AOn4CLDhQkhSJcNeh4tGPPOG6Rc3C6Lk6Q", "height": 110, "width": 196}, {"url": "https://i.ytimg.com/vi/-ZXKJYXzBeA/hqdefault.jpg?sqp=-oaymwEcCPYBEIoBSFXyq4qpAw4IARUAAIhCGAFwAcABBg==&rs=AOn4CLCEwHJJ0weX8Xc1lyv9_YQwNeRcSg", "height": 138, "width": 246}, {"url": "https://i.ytimg.com/vi/-ZXKJYXzBeA/hqdefault.jpg?sqp=-oaymwEcCNACELwBSFXyq4qpAw4IARUAAIhCGAFwAcABBg==&rs=AOn4CLB1M_qc_Qminu5Uy9h_3ENkuDMIYA", "height": 188, "width": 336}], "timestamp": null, "release_timestamp": null, "availability": null, "view_count": 2400000, "live_status": null, "channel_is_verified": null, "__x_forwarded_for_ip": null}, {"_type": "url", "ie_key": "Youtube", "id": "1ZxSSrCwtg4", "url": "https://www.youtube.com/watch?v=1ZxSSrCwtg4", "title": "Turning Myself into Holiday Barbie 2023", "description": null, "duration": 761, "channel_id": "UCONTNY-QxA-UVtpR7vWW6Pg", "channel": "Micarah Tewers", "channel_url": "https://www.youtube.com/channel/UCONTNY-QxA-UVtpR7vWW6Pg", "uploader": "Micarah Tewers", "uploader_id": "@MicarahTewers", "uploader_url": "https://www.youtube.com/@MicarahTewers", "thumbnails": [{"url": "https://i.ytimg.com/vi/1ZxSSrCwtg4/hqdefault.jpg?sqp=-oaymwEbCKgBEF5IVfKriqkDDggBFQAAiEIYAXABwAEG&rs=AOn4CLAnQZMKTTu835tnaAs5Oz_6LOqoKA", "height": 94, "width": 168}, {"url": "https://i.ytimg.com/vi/1ZxSSrCwtg4/hqdefault.jpg?sqp=-oaymwEbCMQBEG5IVfKriqkDDggBFQAAiEIYAXABwAEG&rs=AOn4CLBNt93uvNj6JAowriyRQzdp4jSDBA", "height": 110, "width": 196}, {"url": "https://i.ytimg.com/vi/1ZxSSrCwtg4/hqdefault.jpg?sqp=-oaymwEcCPYBEIoBSFXyq4qpAw4IARUAAIhCGAFwAcABBg==&rs=AOn4CLAKsJ855XcnBTRQ1ZKCpkGssyCvUQ", "height": 138, "width": 246}, {"url": "https://i.ytimg.com/vi/1ZxSSrCwtg4/hqdefault.jpg?sqp=-oaymwEcCNACELwBSFXyq4qpAw4IARUAAIhCGAFwAcABBg==&rs=AOn4CLBh3JsvzVgQxg3TeCm5fz8ZlYZJsw", "height": 188, "width": 336}], "timestamp": null, "release_timestamp": null, "availability": null, "view_count": 762000, "live_status": null, "channel_is_verified": null, "__x_forwarded_for_ip": null}, {"_type": "url", "ie_key": "Youtube", "id": "9mSBfV6kFLI", "url": "https://www.youtube.com/watch?v=9mSBfV6kFLI", "title": "BELLAKEO (Lyric Video) - Peso Pluma, Anitta", "description": null, "duration": 199, "channel_id": "UCzrM_068Odho89mTRrrxqbA", "channel": "Peso Pluma", "channel_url": "https://www.youtube.com/channel/UCzrM_068Odho89mTRrrxqbA", "uploader": "Peso Pluma", "uploader_id": null, "uploader_url": null, "thumbnails": [{"url": "https://i.ytimg.com/vi/9mSBfV6kFLI/hqdefault.jpg?sqp=-oaymwEbCKgBEF5IVfKriqkDDggBFQAAiEIYAXABwAEG&rs=AOn4CLDU0L450IZDDY6UzYTH9NitB5LBEg", "height": 94, "width": 168}, {"url": "https://i.ytimg.com/vi/9mSBfV6kFLI/hqdefault.jpg?sqp=-oaymwEbCMQBEG5IVfKriqkDDggBFQAAiEIYAXABwAEG&rs=AOn4CLCgnbdcWVkgiSVjUfUQzQmEjMo9pQ", "height": 110, "width": 196}, {"url": "https://i.ytimg.com/vi/9mSBfV6kFLI/hqdefault.jpg?sqp=-oaymwEcCPYBEIoBSFXyq4qpAw4IARUAAIhCGAFwAcABBg==&rs=AOn4CLB5YPz0hQHoZangBmcdcoI2RAjwHA", "height": 138, "width": 246}, {"url": "https://i.ytimg.com/vi/9mSBfV6kFLI/hqdefault.jpg?sqp=-oaymwEcCNACELwBSFXyq4qpAw4IARUAAIhCGAFwAcABBg==&rs=AOn4CLDW7Y3xmEMYJB5U-ghT45aKsppn2w", "height": 188, "width": 336}], "timestamp": null, "release_timestamp": null, "availability": null, "view_count": 19000000, "live_status": null, "channel_is_verified": null, "__x_forwarded_for_ip": null}, {"_type": "url", "ie_key": "Youtube", "id": "mcTpep5uoZ8", "url": "https://www.youtube.com/watch?v=mcTpep5uoZ8", "title": "SIDEMEN AMONG US BUT ITS ONLY THE BEST ROLES", "description": null, "duration": 2443, "channel_id": "UCh5mLn90vUaB1PbRRx_AiaA", "channel": "MoreSidemen", "channel_url": "https://www.youtube.com/channel/UCh5mLn90vUaB1PbRRx_AiaA", "uploader": "MoreSidemen", "uploader_id": "@MoreSidemen", "uploader_url": "https://www.youtube.com/@MoreSidemen", "thumbnails": [{"url": "https://i.ytimg.com/vi/mcTpep5uoZ8/hqdefault.jpg?sqp=-oaymwEbCKgBEF5IVfKriqkDDggBFQAAiEIYAXABwAEG&rs=AOn4CLBTQoKp6eEpYcndpeThvcZDBFD8Hg", "height": 94, "width": 168}, {"url": "https://i.ytimg.com/vi/mcTpep5uoZ8/hqdefault.jpg?sqp=-oaymwEbCMQBEG5IVfKriqkDDggBFQAAiEIYAXABwAEG&rs=AOn4CLBt8TRRMACsbnrauC18C6WNaqD_yQ", "height": 110, "width": 196}, {"url": "https://i.ytimg.com/vi/mcTpep5uoZ8/hqdefault.jpg?sqp=-oaymwEcCPYBEIoBSFXyq4qpAw4IARUAAIhCGAFwAcABBg==&rs=AOn4CLAkH2Yzqy5EiGgL3o5wl1n8t-N7ug", "height": 138, "width": 246}, {"url": "https://i.ytimg.com/vi/mcTpep5uoZ8/hqdefault.jpg?sqp=-oaymwEcCNACELwBSFXyq4qpAw4IARUAAIhCGAFwAcABBg==&rs=AOn4CLBu83pYAuoKFhDImz5JPJMhmw9gKQ", "height": 188, "width": 336}], "timestamp": null, "release_timestamp": null, "availability": null, "view_count": 19000000, "live_status": null, "channel_is_verified": null, "__x_forwarded_for_ip": null}, {"_type": "url", "ie_key": "Youtube", "id": "KKO84c6SbfY", "url": "https://www.youtube.com/watch?v=KKO84c6SbfY", "title": "Ryan Gosling & Mark Ronson - I'm Just Ken (Merry Kristmas Barbie) [Official Music Video]", "description": null, "duration": 316, "channel_id": "UCe4LM_eKc9ywRmVuBm5pjQg", "channel": "Atlantic Records", "channel_url": "https://www.youtube.com/channel/UCe4LM_eKc9ywRmVuBm5pjQg", "uploader": "Atlantic Records", "uploader_id": "@atlanticrecords", "uploader_url": "https://www.youtube.com/@atlanticrecords", "thumbnails": [{"url": "https://i.ytimg.com/vi/KKO84c6SbfY/hqdefault.jpg?sqp=-oaymwEbCKgBEF5IVfKriqkDDggBFQAAiEIYAXABwAEG&rs=AOn4CLDERvMBARDo6LrbEOv_vi3tQQ5JaQ", "height": 94, "width": 168}, {"url": "https://i.ytimg.com/vi/KKO84c6SbfY/hqdefault.jpg?sqp=-oaymwEbCMQBEG5IVfKriqkDDggBFQAAiEIYAXABwAEG&rs=AOn4CLBxRu_GHJGc2lSVkPMfam-Cb8yXVA", "height": 110, "width": 196}, {"url": "https://i.ytimg.com/vi/KKO84c6SbfY/hqdefault.jpg?sqp=-oaymwEcCPYBEIoBSFXyq4qpAw4IARUAAIhCGAFwAcABBg==&rs=AOn4CLB25CQHAYbOR1AwyuG7OpDs7TBFIA", "height": 138, "width": 246}, {"url": "https://i.ytimg.com/vi/KKO84c6SbfY/hqdefault.jpg?sqp=-oaymwEcCNACELwBSFXyq4qpAw4IARUAAIhCGAFwAcABBg==&rs=AOn4CLC2Ze8RgiF9j_3-Vijt0reTNOCRow", "height": 188, "width": 336}], "timestamp": null, "release_timestamp": null, "availability": null, "view_count": 5700000, "live_status": null, "channel_is_verified": null, "__x_forwarded_for_ip": null}, {"_type": "url", "ie_key": "Youtube", "id": "5rK_gR6MvL0", "url": "https://www.youtube.com/watch?v=5rK_gR6MvL0", "title": "miami and then new york", "description": null, "duration": 2062, "channel_id": "UC78cxCAcp7JfQPgKxYdyGrg", "channel": "emma chamberlain", "channel_url": "https://www.youtube.com/channel/UC78cxCAcp7JfQPgKxYdyGrg", "uploader": "emma chamberlain", "uploader_id": "@emmachamberlain", "uploader_url": "https://www.youtube.com/@emmachamberlain", "thumbnails": [{"url": "https://i.ytimg.com/vi/5rK_gR6MvL0/hqdefault.jpg?sqp=-oaymwEbCKgBEF5IVfKriqkDDggBFQAAiEIYAXABwAEG&rs=AOn4CLB7MbHr5DS6ah6Eh5F2IuytNaXlVQ", "height": 94, "width": 168}, {"url": "https://i.ytimg.com/vi/5rK_gR6MvL0/hqdefault.jpg?sqp=-oaymwEbCMQBEG5IVfKriqkDDggBFQAAiEIYAXABwAEG&rs=AOn4CLBd6DH3pLCq7kSuYw2-8C1da0mbfw", "height": 110, "width": 196}, {"url": "https://i.ytimg.com/vi/5rK_gR6MvL0/hqdefault.jpg?sqp=-oaymwEcCPYBEIoBSFXyq4qpAw4IARUAAIhCGAFwAcABBg==&rs=AOn4CLCFYFKI1XRBOS6I3WiHMp4QCe8_tQ", "height": 138, "width": 246}, {"url": "https://i.ytimg.com/vi/5rK_gR6MvL0/hqdefault.jpg?sqp=-oaymwEcCNACELwBSFXyq4qpAw4IARUAAIhCGAFwAcABBg==&rs=AOn4CLA8nleUZOhk8J0BDK-LsLwcKrd2_Q", "height": 188, "width": 336}], "timestamp": null, "release_timestamp": null, "availability": null, "view_count": 3700000, "live_status": null, "channel_is_verified": null, "__x_forwarded_for_ip": null}, {"_type": "url", "ie_key": "Youtube", "id": "IXuhdnB2dAY", "url": "https://www.youtube.com/watch?v=IXuhdnB2dAY", "title": "\u5468\u6770\u502b JAY CHOU (feat. \u694a\u745e\u4ee3) \u3010\u8056\u8a95\u661f Christmas Star\u3011Official MV", "description": null, "duration": 183, "channel_id": "UC8CU5nVhCQIdAGrFFp4loOQ", "channel": "\u5468\u6770\u502b Jay Chou", "channel_url": "https://www.youtube.com/channel/UC8CU5nVhCQIdAGrFFp4loOQ", "uploader": "\u5468\u6770\u502b Jay Chou", "uploader_id": null, "uploader_url": null, "thumbnails": [{"url": "https://i.ytimg.com/vi/IXuhdnB2dAY/hqdefault.jpg?sqp=-oaymwEbCKgBEF5IVfKriqkDDggBFQAAiEIYAXABwAEG&rs=AOn4CLA01-rR6HjolTV9xoPN7l9QsfXlIw", "height": 94, "width": 168}, {"url": "https://i.ytimg.com/vi/IXuhdnB2dAY/hqdefault.jpg?sqp=-oaymwEbCMQBEG5IVfKriqkDDggBFQAAiEIYAXABwAEG&rs=AOn4CLCHAOMDSf8gSGGFKP7FmwGralu8Ig", "height": 110, "width": 196}, {"url": "https://i.ytimg.com/vi/IXuhdnB2dAY/hqdefault.jpg?sqp=-oaymwEcCPYBEIoBSFXyq4qpAw4IARUAAIhCGAFwAcABBg==&rs=AOn4CLBnvZ6EBZkKnhm8QjopOZWSTrUAig", "height": 138, "width": 246}, {"url": "https://i.ytimg.com/vi/IXuhdnB2dAY/hqdefault.jpg?sqp=-oaymwEcCNACELwBSFXyq4qpAw4IARUAAIhCGAFwAcABBg==&rs=AOn4CLDXz8GMY2s-W-OvGSQ_9kxKD8FdHA", "height": 188, "width": 336}], "timestamp": null, "release_timestamp": null, "availability": null, "view_count": 8400000, "live_status": null, "channel_is_verified": null, "__x_forwarded_for_ip": null}, {"_type": "url", "ie_key": "Youtube", "id": "R63JO1dNY_c", "url": "https://www.youtube.com/watch?v=R63JO1dNY_c", "title": "Every Way To Cook A Potato (43 Ways)", "description": null, "duration": 2064, "channel_id": "UChBEbMKI1eCcejTtmI32UEw", "channel": "Joshua Weissman", "channel_url": "https://www.youtube.com/channel/UChBEbMKI1eCcejTtmI32UEw", "uploader": "Joshua Weissman", "uploader_id": "@JoshuaWeissman", "uploader_url": "https://www.youtube.com/@JoshuaWeissman", "thumbnails": [{"url": "https://i.ytimg.com/vi/R63JO1dNY_c/hqdefault.jpg?sqp=-oaymwEbCKgBEF5IVfKriqkDDggBFQAAiEIYAXABwAEG&rs=AOn4CLD1bBK8Tfli4MAYrQBJFsiR_6fDNw", "height": 94, "width": 168}, {"url": "https://i.ytimg.com/vi/R63JO1dNY_c/hqdefault.jpg?sqp=-oaymwEbCMQBEG5IVfKriqkDDggBFQAAiEIYAXABwAEG&rs=AOn4CLAPYHc7XNqCcKeTLIsmKCBGLK41Nw", "height": 110, "width": 196}, {"url": "https://i.ytimg.com/vi/R63JO1dNY_c/hqdefault.jpg?sqp=-oaymwEcCPYBEIoBSFXyq4qpAw4IARUAAIhCGAFwAcABBg==&rs=AOn4CLAlU9hTwFlbG7LZKHUJ-BNon8oQqw", "height": 138, "width": 246}, {"url": "https://i.ytimg.com/vi/R63JO1dNY_c/hqdefault.jpg?sqp=-oaymwEcCNACELwBSFXyq4qpAw4IARUAAIhCGAFwAcABBg==&rs=AOn4CLA0KftPwWI8ZdbL96ISxn0Wrn3n6w", "height": 188, "width": 336}], "timestamp": null, "release_timestamp": null, "availability": null, "view_count": 6500000, "live_status": null, "channel_is_verified": null, "__x_forwarded_for_ip": null}, {"_type": "url", "ie_key": "Youtube", "id": "KadSmJ4vPy0", "url": "https://www.youtube.com/watch?v=KadSmJ4vPy0", "title": "VLOGMAS WEEK ONE | shopping, musical, gingerbread houses, vlog", "description": null, "duration": 1563, "channel_id": "UCeCDY9wGQRgwfD06oLV1MzQ", "channel": "emily ha", "channel_url": "https://www.youtube.com/channel/UCeCDY9wGQRgwfD06oLV1MzQ", "uploader": "emily ha", "uploader_id": "@emilyha25", "uploader_url": "https://www.youtube.com/@emilyha25", "thumbnails": [{"url": "https://i.ytimg.com/vi/KadSmJ4vPy0/hqdefault.jpg?sqp=-oaymwEbCKgBEF5IVfKriqkDDggBFQAAiEIYAXABwAEG&rs=AOn4CLBTpb5bVjrMw4cHveaBTzcX8cRFTQ", "height": 94, "width": 168}, {"url": "https://i.ytimg.com/vi/KadSmJ4vPy0/hqdefault.jpg?sqp=-oaymwEbCMQBEG5IVfKriqkDDggBFQAAiEIYAXABwAEG&rs=AOn4CLDRzIMIJizhh3CEtBgxZwr6u3UJsw", "height": 110, "width": 196}, {"url": "https://i.ytimg.com/vi/KadSmJ4vPy0/hqdefault.jpg?sqp=-oaymwEcCPYBEIoBSFXyq4qpAw4IARUAAIhCGAFwAcABBg==&rs=AOn4CLA4qHyaPo6NYl6vErKmkZlRXRYwHA", "height": 138, "width": 246}, {"url": "https://i.ytimg.com/vi/KadSmJ4vPy0/hqdefault.jpg?sqp=-oaymwEcCNACELwBSFXyq4qpAw4IARUAAIhCGAFwAcABBg==&rs=AOn4CLB97Ys0bi1Hh6T8E-uW-dM6k8pamg", "height": 188, "width": 336}], "timestamp": null, "release_timestamp": null, "availability": null, "view_count": 1000000, "live_status": null, "channel_is_verified": null, "__x_forwarded_for_ip": null}, {"_type": "url", "ie_key": "Youtube", "id": "WfXRvkl8xwE", "url": "https://www.youtube.com/watch?v=WfXRvkl8xwE", "title": "building apartments but they're TREEHOUSES in the sims 4 | For Rent", "description": null, "duration": 1956, "channel_id": "UCiGnwS3OVEuqbc78ELEFDeQ", "channel": "CarynandConnieGaming", "channel_url": "https://www.youtube.com/channel/UCiGnwS3OVEuqbc78ELEFDeQ", "uploader": "CarynandConnieGaming", "uploader_id": "@carynandconniegaming", "uploader_url": "https://www.youtube.com/@carynandconniegaming", "thumbnails": [{"url": "https://i.ytimg.com/vi/WfXRvkl8xwE/hqdefault.jpg?sqp=-oaymwEbCKgBEF5IVfKriqkDDggBFQAAiEIYAXABwAEG&rs=AOn4CLBSAHXOBE4yhleUpmYNBfzP5IRduw", "height": 94, "width": 168}, {"url": "https://i.ytimg.com/vi/WfXRvkl8xwE/hqdefault.jpg?sqp=-oaymwEbCMQBEG5IVfKriqkDDggBFQAAiEIYAXABwAEG&rs=AOn4CLACSvEpTzlK1EUgxnWp2CAu1VQk9g", "height": 110, "width": 196}, {"url": "https://i.ytimg.com/vi/WfXRvkl8xwE/hqdefault.jpg?sqp=-oaymwEcCPYBEIoBSFXyq4qpAw4IARUAAIhCGAFwAcABBg==&rs=AOn4CLD5TTprMW1m57pPHoQpeS38qSODUQ", "height": 138, "width": 246}, {"url": "https://i.ytimg.com/vi/WfXRvkl8xwE/hqdefault.jpg?sqp=-oaymwEcCNACELwBSFXyq4qpAw4IARUAAIhCGAFwAcABBg==&rs=AOn4CLBAOohUvXGphOftOmE5yjizebID2g", "height": 188, "width": 336}], "timestamp": null, "release_timestamp": null, "availability": null, "view_count": 3000000, "live_status": null, "channel_is_verified": null, "__x_forwarded_for_ip": null}, {"_type": "url", "ie_key": "Youtube", "id": "7s327QcK1Hc", "url": "https://www.youtube.com/watch?v=7s327QcK1Hc", "title": "THE GREATEST CHRISTMAS GAME SHOW EVER!", "description": null, "duration": 1778, "channel_id": "UCWZmCMB7mmKWcXJSIPRhzZw", "channel": "Miniminter", "channel_url": "https://www.youtube.com/channel/UCWZmCMB7mmKWcXJSIPRhzZw", "uploader": "Miniminter", "uploader_id": "@Miniminter", "uploader_url": "https://www.youtube.com/@Miniminter", "thumbnails": [{"url": "https://i.ytimg.com/vi/7s327QcK1Hc/hqdefault.jpg?sqp=-oaymwEbCKgBEF5IVfKriqkDDggBFQAAiEIYAXABwAEG&rs=AOn4CLBjQLOrVAmDJVvLtEudRwHmQ3nF1A", "height": 94, "width": 168}, {"url": "https://i.ytimg.com/vi/7s327QcK1Hc/hqdefault.jpg?sqp=-oaymwEbCMQBEG5IVfKriqkDDggBFQAAiEIYAXABwAEG&rs=AOn4CLBJek7-SkaqQbL7OyxghgZ-wfT6FQ", "height": 110, "width": 196}, {"url": "https://i.ytimg.com/vi/7s327QcK1Hc/hqdefault.jpg?sqp=-oaymwEcCPYBEIoBSFXyq4qpAw4IARUAAIhCGAFwAcABBg==&rs=AOn4CLDC-U7Axg_fr_vdqgspoTqFb34B_Q", "height": 138, "width": 246}, {"url": "https://i.ytimg.com/vi/7s327QcK1Hc/hqdefault.jpg?sqp=-oaymwEcCNACELwBSFXyq4qpAw4IARUAAIhCGAFwAcABBg==&rs=AOn4CLA5Jte2331VPikrTgsj_dmWNguw3g", "height": 188, "width": 336}], "timestamp": null, "release_timestamp": null, "availability": null, "view_count": 1700000, "live_status": null, "channel_is_verified": null, "__x_forwarded_for_ip": null}, {"_type": "url", "ie_key": "Youtube", "id": "FRksnk8sG30", "url": "https://www.youtube.com/watch?v=FRksnk8sG30", "title": "Does Cartman Have The Most CRED at School? \u2013 SOUTH PARK (NOT SUITABLE FOR CHILDREN)", "description": null, "duration": 130, "channel_id": "UC7R27sAWc_DqOldtI1JcYhQ", "channel": "South Park Studios", "channel_url": "https://www.youtube.com/channel/UC7R27sAWc_DqOldtI1JcYhQ", "uploader": "South Park Studios", "uploader_id": "@southpark", "uploader_url": "https://www.youtube.com/@southpark", "thumbnails": [{"url": "https://i.ytimg.com/vi/FRksnk8sG30/hqdefault.jpg?sqp=-oaymwEbCKgBEF5IVfKriqkDDggBFQAAiEIYAXABwAEG&rs=AOn4CLBfooElwAc1B0jIkwXiMctxYGUWOw", "height": 94, "width": 168}, {"url": "https://i.ytimg.com/vi/FRksnk8sG30/hqdefault.jpg?sqp=-oaymwEbCMQBEG5IVfKriqkDDggBFQAAiEIYAXABwAEG&rs=AOn4CLA3hULt6vTQ3Qd3PU9XfedNcPp5fA", "height": 110, "width": 196}, {"url": "https://i.ytimg.com/vi/FRksnk8sG30/hqdefault.jpg?sqp=-oaymwEcCPYBEIoBSFXyq4qpAw4IARUAAIhCGAFwAcABBg==&rs=AOn4CLBMkCk9uPAUAtJIjK_hG5mT98En2w", "height": 138, "width": 246}, {"url": "https://i.ytimg.com/vi/FRksnk8sG30/hqdefault.jpg?sqp=-oaymwEcCNACELwBSFXyq4qpAw4IARUAAIhCGAFwAcABBg==&rs=AOn4CLAGY3t05KqFKxZHRvYoUZjYb8aeAw", "height": 188, "width": 336}], "timestamp": null, "release_timestamp": null, "availability": null, "view_count": 2600000, "live_status": null, "channel_is_verified": null, "__x_forwarded_for_ip": null}, {"_type": "url", "ie_key": "Youtube", "id": "wh-tgnG5_Kk", "url": "https://www.youtube.com/watch?v=wh-tgnG5_Kk", "title": "You Can't Hide! - FNAF VR 2 Like a Mexican", "description": null, "duration": 1981, "channel_id": "UCYHnYO50VV8SzsmQq5PChRA", "channel": "EddieVR", "channel_url": "https://www.youtube.com/channel/UCYHnYO50VV8SzsmQq5PChRA", "uploader": "EddieVR", "uploader_id": "@EddieVR", "uploader_url": "https://www.youtube.com/@EddieVR", "thumbnails": [{"url": "https://i.ytimg.com/vi/wh-tgnG5_Kk/hqdefault.jpg?sqp=-oaymwEbCKgBEF5IVfKriqkDDggBFQAAiEIYAXABwAEG&rs=AOn4CLBgnpZyjp1bKs7ZXWqCQaiPN-rdKA", "height": 94, "width": 168}, {"url": "https://i.ytimg.com/vi/wh-tgnG5_Kk/hqdefault.jpg?sqp=-oaymwEbCMQBEG5IVfKriqkDDggBFQAAiEIYAXABwAEG&rs=AOn4CLClIhOQpC0AzKszEdu-2zU45Jr1bg", "height": 110, "width": 196}, {"url": "https://i.ytimg.com/vi/wh-tgnG5_Kk/hqdefault.jpg?sqp=-oaymwEcCPYBEIoBSFXyq4qpAw4IARUAAIhCGAFwAcABBg==&rs=AOn4CLDG4j-4KjYLuEd1B06j7NH8YvlYvQ", "height": 138, "width": 246}, {"url": "https://i.ytimg.com/vi/wh-tgnG5_Kk/hqdefault.jpg?sqp=-oaymwEcCNACELwBSFXyq4qpAw4IARUAAIhCGAFwAcABBg==&rs=AOn4CLARuNFK91-TuipBN9CE4_OiIWrrew", "height": 188, "width": 336}], "timestamp": null, "release_timestamp": null, "availability": null, "view_count": 2300000, "live_status": null, "channel_is_verified": null, "__x_forwarded_for_ip": null}, {"_type": "url", "ie_key": "Youtube", "id": "rwGpzW8xz-U", "url": "https://www.youtube.com/watch?v=rwGpzW8xz-U", "title": "Melanie Martinez - TUNNEL VISION (Official Video)", "description": null, "duration": 264, "channel_id": "UC2YnEq5Fc5_zEO6bo0oNzCQ", "channel": "melanie martinez", "channel_url": "https://www.youtube.com/channel/UC2YnEq5Fc5_zEO6bo0oNzCQ", "uploader": "melanie martinez", "uploader_id": null, "uploader_url": null, "thumbnails": [{"url": "https://i.ytimg.com/vi/rwGpzW8xz-U/hqdefault.jpg?sqp=-oaymwEbCKgBEF5IVfKriqkDDggBFQAAiEIYAXABwAEG&rs=AOn4CLD6NQ189rsxbHSKU4XhVfEFElNfew", "height": 94, "width": 168}, {"url": "https://i.ytimg.com/vi/rwGpzW8xz-U/hqdefault.jpg?sqp=-oaymwEbCMQBEG5IVfKriqkDDggBFQAAiEIYAXABwAEG&rs=AOn4CLDYAUUwmM9lVLL8wUUStUrwWkInng", "height": 110, "width": 196}, {"url": "https://i.ytimg.com/vi/rwGpzW8xz-U/hqdefault.jpg?sqp=-oaymwEcCPYBEIoBSFXyq4qpAw4IARUAAIhCGAFwAcABBg==&rs=AOn4CLAUfdbgFNxQw9vRJTRa5exsghjYaA", "height": 138, "width": 246}, {"url": "https://i.ytimg.com/vi/rwGpzW8xz-U/hqdefault.jpg?sqp=-oaymwEcCNACELwBSFXyq4qpAw4IARUAAIhCGAFwAcABBg==&rs=AOn4CLCmRzITH42FVC8GcJ5gZt3tUm223A", "height": 188, "width": 336}], "timestamp": null, "release_timestamp": null, "availability": null, "view_count": 15000000, "live_status": null, "channel_is_verified": null, "__x_forwarded_for_ip": null}, {"_type": "url", "ie_key": "Youtube", "id": "40yWRWsXPUo", "url": "https://www.youtube.com/watch?v=40yWRWsXPUo", "title": "I Cheated with NATURAL DISASTERS in Minecraft Build Battle", "description": null, "duration": 2039, "channel_id": "UC_cvTMeip9po2hZdF3aBXrA", "channel": "BeckBroJack", "channel_url": "https://www.youtube.com/channel/UC_cvTMeip9po2hZdF3aBXrA", "uploader": "BeckBroJack", "uploader_id": "@beckbrojack", "uploader_url": "https://www.youtube.com/@beckbrojack", "thumbnails": [{"url": "https://i.ytimg.com/vi/40yWRWsXPUo/hqdefault.jpg?sqp=-oaymwEbCKgBEF5IVfKriqkDDggBFQAAiEIYAXABwAEG&rs=AOn4CLAp4iLIvHMnjWZVu3vxyA76x-EQeg", "height": 94, "width": 168}, {"url": "https://i.ytimg.com/vi/40yWRWsXPUo/hqdefault.jpg?sqp=-oaymwEbCMQBEG5IVfKriqkDDggBFQAAiEIYAXABwAEG&rs=AOn4CLBXEtWKjk-JIIWPbwy15o-4xBP0Og", "height": 110, "width": 196}, {"url": "https://i.ytimg.com/vi/40yWRWsXPUo/hqdefault.jpg?sqp=-oaymwEcCPYBEIoBSFXyq4qpAw4IARUAAIhCGAFwAcABBg==&rs=AOn4CLAOpMh6MULnD5OoRMn31-1oSO32mg", "height": 138, "width": 246}, {"url": "https://i.ytimg.com/vi/40yWRWsXPUo/hqdefault.jpg?sqp=-oaymwEcCNACELwBSFXyq4qpAw4IARUAAIhCGAFwAcABBg==&rs=AOn4CLBs3NmV6K_XGc2Tp2oVweDthEbHCw", "height": 188, "width": 336}], "timestamp": null, "release_timestamp": null, "availability": null, "view_count": 3400000, "live_status": null, "channel_is_verified": null, "__x_forwarded_for_ip": null}, {"_type": "url", "ie_key": "Youtube", "id": "gi96HKr2vo8", "url": "https://www.youtube.com/watch?v=gi96HKr2vo8", "title": "iPhone Thief Explains How He Breaks Into Your Phone | WSJ", "description": null, "duration": 587, "channel_id": "UCK7tptUDHh-RYDsdxO1-5QQ", "channel": "The Wall Street Journal", "channel_url": "https://www.youtube.com/channel/UCK7tptUDHh-RYDsdxO1-5QQ", "uploader": "The Wall Street Journal", "uploader_id": "@wsj", "uploader_url": "https://www.youtube.com/@wsj", "thumbnails": [{"url": "https://i.ytimg.com/vi/gi96HKr2vo8/hqdefault.jpg?sqp=-oaymwEbCKgBEF5IVfKriqkDDggBFQAAiEIYAXABwAEG&rs=AOn4CLCoG4yx37o7UfNBUgl1Bg4OYQk51A", "height": 94, "width": 168}, {"url": "https://i.ytimg.com/vi/gi96HKr2vo8/hqdefault.jpg?sqp=-oaymwEbCMQBEG5IVfKriqkDDggBFQAAiEIYAXABwAEG&rs=AOn4CLD0CqQ-3tOipU85en0di9mDIBvAHw", "height": 110, "width": 196}, {"url": "https://i.ytimg.com/vi/gi96HKr2vo8/hqdefault.jpg?sqp=-oaymwEcCPYBEIoBSFXyq4qpAw4IARUAAIhCGAFwAcABBg==&rs=AOn4CLCYC6LdJF_gBLzrNOEu42AZwTfq2A", "height": 138, "width": 246}, {"url": "https://i.ytimg.com/vi/gi96HKr2vo8/hqdefault.jpg?sqp=-oaymwEcCNACELwBSFXyq4qpAw4IARUAAIhCGAFwAcABBg==&rs=AOn4CLAGRVNzdyFM0POIGS7FYxmMtHnHuA", "height": 188, "width": 336}], "timestamp": null, "release_timestamp": null, "availability": null, "view_count": 4400000, "live_status": null, "channel_is_verified": null, "__x_forwarded_for_ip": null}, {"_type": "url", "ie_key": "Youtube", "id": "PYmi559SpWI", "url": "https://www.youtube.com/watch?v=PYmi559SpWI", "title": "The Most Profitable Film in History", "description": null, "duration": 1360, "channel_id": "UC7Ucs42FZy3uYzjrqzOIHsw", "channel": "EmpLemon", "channel_url": "https://www.youtube.com/channel/UC7Ucs42FZy3uYzjrqzOIHsw", "uploader": "EmpLemon", "uploader_id": "@EmperorLemon", "uploader_url": "https://www.youtube.com/@EmperorLemon", "thumbnails": [{"url": "https://i.ytimg.com/vi/PYmi559SpWI/hqdefault.jpg?sqp=-oaymwEbCKgBEF5IVfKriqkDDggBFQAAiEIYAXABwAEG&rs=AOn4CLAmCvxOoAAtvPOv8NOk2QwPa5JGng", "height": 94, "width": 168}, {"url": "https://i.ytimg.com/vi/PYmi559SpWI/hqdefault.jpg?sqp=-oaymwEbCMQBEG5IVfKriqkDDggBFQAAiEIYAXABwAEG&rs=AOn4CLBd1Te_u7IcJeioN9oCCchWGQE4NQ", "height": 110, "width": 196}, {"url": "https://i.ytimg.com/vi/PYmi559SpWI/hqdefault.jpg?sqp=-oaymwEcCPYBEIoBSFXyq4qpAw4IARUAAIhCGAFwAcABBg==&rs=AOn4CLByrNNv7MU2FmxUQZRuunfTQXS16Q", "height": 138, "width": 246}, {"url": "https://i.ytimg.com/vi/PYmi559SpWI/hqdefault.jpg?sqp=-oaymwEcCNACELwBSFXyq4qpAw4IARUAAIhCGAFwAcABBg==&rs=AOn4CLC-gPvykZ_-kBcbrb4jZ0rctC3slw", "height": 188, "width": 336}], "timestamp": null, "release_timestamp": null, "availability": null, "view_count": 1500000, "live_status": null, "channel_is_verified": null, "__x_forwarded_for_ip": null}, {"_type": "url", "ie_key": "Youtube", "id": "4EjBhjwFtDM", "url": "https://www.youtube.com/watch?v=4EjBhjwFtDM", "title": "Guy Rescues An Egg And Becomes A Swan Dad For Life | The Dodo", "description": null, "duration": 181, "channel_id": "UCINb0wqPz-A0dV9nARjJlOQ", "channel": "The Dodo", "channel_url": "https://www.youtube.com/channel/UCINb0wqPz-A0dV9nARjJlOQ", "uploader": "The Dodo", "uploader_id": "@TheDodo", "uploader_url": "https://www.youtube.com/@TheDodo", "thumbnails": [{"url": "https://i.ytimg.com/vi/4EjBhjwFtDM/hqdefault.jpg?sqp=-oaymwEbCKgBEF5IVfKriqkDDggBFQAAiEIYAXABwAEG&rs=AOn4CLDlzEAr3cCbrgP_tGhFbbH1l18ZEA", "height": 94, "width": 168}, {"url": "https://i.ytimg.com/vi/4EjBhjwFtDM/hqdefault.jpg?sqp=-oaymwEbCMQBEG5IVfKriqkDDggBFQAAiEIYAXABwAEG&rs=AOn4CLCNb_Yx6uT7mEvUZ4JsuOuqVXItdA", "height": 110, "width": 196}, {"url": "https://i.ytimg.com/vi/4EjBhjwFtDM/hqdefault.jpg?sqp=-oaymwEcCPYBEIoBSFXyq4qpAw4IARUAAIhCGAFwAcABBg==&rs=AOn4CLC6zEGrg0XmpSiw2mmY95Xu3DCpxQ", "height": 138, "width": 246}, {"url": "https://i.ytimg.com/vi/4EjBhjwFtDM/hqdefault.jpg?sqp=-oaymwEcCNACELwBSFXyq4qpAw4IARUAAIhCGAFwAcABBg==&rs=AOn4CLAQdrp3cAnOJDDLVX9XgVMQhIFVpw", "height": 188, "width": 336}], "timestamp": null, "release_timestamp": null, "availability": null, "view_count": 10000000, "live_status": null, "channel_is_verified": null, "__x_forwarded_for_ip": null}, {"_type": "url", "ie_key": "Youtube", "id": "GUzqD5UcLwo", "url": "https://www.youtube.com/watch?v=GUzqD5UcLwo", "title": "Taraji P. Henson May Quit Acting Over Pay, Treatment in the Entertainment Industry", "description": null, "duration": 551, "channel_id": "UC49ta0RHXJUiID5KWRkcySw", "channel": "SiriusXM", "channel_url": "https://www.youtube.com/channel/UC49ta0RHXJUiID5KWRkcySw", "uploader": "SiriusXM", "uploader_id": "@siriusxm", "uploader_url": "https://www.youtube.com/@siriusxm", "thumbnails": [{"url": "https://i.ytimg.com/vi/GUzqD5UcLwo/hqdefault.jpg?sqp=-oaymwEbCKgBEF5IVfKriqkDDggBFQAAiEIYAXABwAEG&rs=AOn4CLDTlHI8T8SvfsvDav99M9X6-vmr9Q", "height": 94, "width": 168}, {"url": "https://i.ytimg.com/vi/GUzqD5UcLwo/hqdefault.jpg?sqp=-oaymwEbCMQBEG5IVfKriqkDDggBFQAAiEIYAXABwAEG&rs=AOn4CLBtcligTeqfNGccnK0HLdBU301O9g", "height": 110, "width": 196}, {"url": "https://i.ytimg.com/vi/GUzqD5UcLwo/hqdefault.jpg?sqp=-oaymwEcCPYBEIoBSFXyq4qpAw4IARUAAIhCGAFwAcABBg==&rs=AOn4CLCNuFc3bAhyLYQXPkmRPiaMLWXGLQ", "height": 138, "width": 246}, {"url": "https://i.ytimg.com/vi/GUzqD5UcLwo/hqdefault.jpg?sqp=-oaymwEcCNACELwBSFXyq4qpAw4IARUAAIhCGAFwAcABBg==&rs=AOn4CLAZ9FqciwmqU7RFEQyPW2B9aydcXA", "height": 188, "width": 336}], "timestamp": null, "release_timestamp": null, "availability": null, "view_count": 1000000, "live_status": null, "channel_is_verified": null, "__x_forwarded_for_ip": null}, {"_type": "url", "ie_key": "Youtube", "id": "0_S-XIrnAaQ", "url": "https://www.youtube.com/watch?v=0_S-XIrnAaQ", "title": "Surviving Minecraft's Scariest Mod - Night Dweller", "description": null, "duration": 2511, "channel_id": "UC1gYgaHH-KJcMzchkjVyuEg", "channel": "thrite", "channel_url": "https://www.youtube.com/channel/UC1gYgaHH-KJcMzchkjVyuEg", "uploader": "thrite", "uploader_id": "@Thr1te", "uploader_url": "https://www.youtube.com/@Thr1te", "thumbnails": [{"url": "https://i.ytimg.com/vi/0_S-XIrnAaQ/hqdefault.jpg?sqp=-oaymwEbCKgBEF5IVfKriqkDDggBFQAAiEIYAXABwAEG&rs=AOn4CLDPpBjF_vZ2tg-0Dl_wpOLFKO0Jhw", "height": 94, "width": 168}, {"url": "https://i.ytimg.com/vi/0_S-XIrnAaQ/hqdefault.jpg?sqp=-oaymwEbCMQBEG5IVfKriqkDDggBFQAAiEIYAXABwAEG&rs=AOn4CLD8mUK2HDJ0rA2_KhKfFRqcZsVSyQ", "height": 110, "width": 196}, {"url": "https://i.ytimg.com/vi/0_S-XIrnAaQ/hqdefault.jpg?sqp=-oaymwEcCPYBEIoBSFXyq4qpAw4IARUAAIhCGAFwAcABBg==&rs=AOn4CLCAfOEy8_flHIbGdlFw22MsJaNOzA", "height": 138, "width": 246}, {"url": "https://i.ytimg.com/vi/0_S-XIrnAaQ/hqdefault.jpg?sqp=-oaymwEcCNACELwBSFXyq4qpAw4IARUAAIhCGAFwAcABBg==&rs=AOn4CLCcT4wSPbqgMgWeJ2iJSmX9Fm-kTg", "height": 188, "width": 336}], "timestamp": null, "release_timestamp": null, "availability": null, "view_count": 1300000, "live_status": null, "channel_is_verified": null, "__x_forwarded_for_ip": null}, {"_type": "url", "ie_key": "Youtube", "id": "1X5qBSBQm8g", "url": "https://www.youtube.com/watch?v=1X5qBSBQm8g", "title": "How Ja Morant was in the Locker Room", "description": null, "duration": 101, "channel_id": "UC4G10tk3AHFuyMIuD3rHOBA", "channel": "RDCworld1", "channel_url": "https://www.youtube.com/channel/UC4G10tk3AHFuyMIuD3rHOBA", "uploader": "RDCworld1", "uploader_id": "@RDCworld1", "uploader_url": "https://www.youtube.com/@RDCworld1", "thumbnails": [{"url": "https://i.ytimg.com/vi/1X5qBSBQm8g/hqdefault.jpg?sqp=-oaymwE1CKgBEF5IVfKriqkDKAgBFQAAiEIYAXABwAEG8AEB-AH-CYAC0AWKAgwIABABGGUgXyhZMA8=&rs=AOn4CLAOYz7d9FSPz0RjVJGeKDH-me-crQ", "height": 94, "width": 168}, {"url": "https://i.ytimg.com/vi/1X5qBSBQm8g/hqdefault.jpg?sqp=-oaymwE1CMQBEG5IVfKriqkDKAgBFQAAiEIYAXABwAEG8AEB-AH-CYAC0AWKAgwIABABGGUgXyhZMA8=&rs=AOn4CLDW5GrbN6eTHQVO5bY-DWmt6Yf-dQ", "height": 110, "width": 196}, {"url": "https://i.ytimg.com/vi/1X5qBSBQm8g/hqdefault.jpg?sqp=-oaymwE2CPYBEIoBSFXyq4qpAygIARUAAIhCGAFwAcABBvABAfgB_gmAAtAFigIMCAAQARhlIF8oWTAP&rs=AOn4CLAQd_wExnO1y5MC9snlmMeNQ_orWg", "height": 138, "width": 246}, {"url": "https://i.ytimg.com/vi/1X5qBSBQm8g/hqdefault.jpg?sqp=-oaymwE2CNACELwBSFXyq4qpAygIARUAAIhCGAFwAcABBvABAfgB_gmAAtAFigIMCAAQARhlIF8oWTAP&rs=AOn4CLANocK6f5BF1pD6jlZanOOLKlNpQg", "height": 188, "width": 336}], "timestamp": null, "release_timestamp": null, "availability": null, "view_count": 2200000, "live_status": null, "channel_is_verified": null, "__x_forwarded_for_ip": null}], "extractor_key": "YoutubeTab", "extractor": "youtube:tab", "webpage_url": "https://www.youtube.com/playlist?list=PLrEnWoR732-BHrPp_Pm8_VleD68f9s14-", "original_url": "https://www.youtube.com/playlist?list=PLrEnWoR732-BHrPp_Pm8_VleD68f9s14-", "webpage_url_basename": "playlist", "webpage_url_domain": "youtube.com", "release_year": null, "epoch": 1773054775, "__files_to_move": {}, "_version": {"version": "2025.07.21", "current_git_head": null, "release_git_head": "9951fdd0d08b655cb1af8cd7f32a3fb7e2b1324e", "repository": "yt-dlp/yt-dlp"}}
